2mI (525) wifi_init: udp mbox: 6[0m
[0;32mI (525) wifi_init: tcp mbox: 6[0m
[0;32mI (525) wifi_init: tcp tx win: 5760[0m
[0;32mI (535) wifi_init: tcp rx win: 5760[0m
[0;32mI (535) wifi_init: tcp mss: 1440[0m
[0ï¿½ESP-ROM:esp32s3-20210327
Build:Mar 27 2021
rst:0x1 (POWERON),boot:0x8 (SPI_FAST_FLASH_BOOT)
SPIWP:0xee
mode:DIO, clock div:1
load:0x3fce3810,len:0x178c
load:0x403c9700,len:0x4
load:0x403c9704,len:0xcbc
load:0x403cc700,len:0x2da0
entry 0x403c9914
[0;32mI (27) boot: ESP-IDF v5.2.1-dirty 2nd stage bootloader[0m
[0;32mI (27) boot: compile time May  6 2024 17:13:56[0m
[0;32mI (27) boot: Multicore bootloader[0m
[0;32mI (30) boot: chip revision: v0.2[0m
[0;32mI (34) boot.esp32s3: Boot SPI Speed : 80MHz[0m
[0;32mI (39) boot.esp32s3: SPI Mode       : DIO[0m
[0;32mI (44) boot.esp32s3: SPI Flash Size : 2MB[0m
[0;32mI (48) boot: Enabling RNG early entropy source...[0m
[0;32mI (54) boot: Partition Table:[0m
[0;32mI (57) boot: ## Label            Usage          Type ST Offset   Length[0m
[0;32mI (65) boot:  0 nvs              WiFi data        01 02 00009000 00006000[0m
[0;32mI (72) boot:  1 phy_init         RF data          01 01 0000f000 00001000[0m
[0;32mI (80) boot:  2 factory          factory app      00 00 00010000 00100000[0m
[0;32mI (87) boot: End of partition table[0m
[0;32mI (91) esp_image: segment 0: paddr=00010020 vaddr=3c0a0020 size=2912ch (168236) map[0m
[0;32mI (130) esp_image: segment 1: paddr=00039154 vaddr=3fc97e00 size=04710h ( 18192) load[0m
[0;32mI (134) esp_image: segment 2: paddr=0003d86c vaddr=40374000 size=027ach ( 10156) load[0m
[0;32mI (138) esp_image: segment 3: paddr=00040020 vaddr=42000020 size=99aach (629420) map[0m
[0;32mI (257) esp_image: segment 4: paddr=000d9ad4 vaddr=403767ac size=115dch ( 71132) load[0m
[0;32mI (281) boot: Loaded app from partition at offset 0x10000[0m
[0;32mI (281) boot: Disabling RNG early entropy source...[0m
[0;32mI (293) cpu_start: Multicore app[0m
[0;32mI (303) cpu_start: Pro cpu start user code[0m
[0;32mI (303) cpu_start: cpu freq: 160000000 Hz[0m
[0;32mI (303) cpu_start: Application information:[0m
[0;32mI (306) cpu_start: Project name:     progetto_singolo[0m
[0;32mI (312) cpu_start: App version:      1[0m
[0;32mI (316) cpu_start: Compile time:     May 10 2024 21:57:30[0m
[0;32mI (322) cpu_start: ELF file SHA256:  18c22c40c...[0m
[0;32mI (328) cpu_start: ESP-IDF:          v5.2.1-dirty[0m
[0;32mI (333) cpu_start: Min chip rev:     v0.0[0m
[0;32mI (338) cpu_start: Max chip rev:     v0.99 [0m
[0;32mI (342) cpu_start: Chip rev:         v0.2[0m
[0;32mI (347) heap_init: Initializing. RAM available for dynamic allocation:[0m
[0;32mI (354) heap_init: At 3FCA0590 len 00049180 (292 KiB): RAM[0m
[0;32mI (361) heap_init: At 3FCE9710 len 00005724 (21 KiB): RAM[0m
[0;32mI (367) heap_init: At 3FCF0000 len 00008000 (32 KiB): DRAM[0m
[0;32mI (373) heap_init: At 600FE010 len 00001FD8 (7 KiB): RTCRAM[0m
[0;32mI (380) spi_flash: detected chip: gd[0m
[0;32mI (383) spi_flash: flash io: dio[0m
[0;33mW (387) spi_flash: Detected size(8192k) larger than the size in the binary image header(2048k). Using the size in the binary image header.[0m
[0;32mI (401) sleep: Configure to isolate all GPIO pins in sleep state[0m
[0;32mI (407) sleep: Enable automatic switching of GPIO sleep configuration[0m
[0;32mI (415) main_task: Started on CPU0[0m
[0;32mI (425) main_task: Calling app_main()[0m
[0;32mI (455) pp: pp rom version: e7ae62f[0m
[0;32mI (455) net80211: net80211 rom version: e7ae62f[0m
I (465) wifi:wifi driver task: 3fcaa8bc, prio:23, stack:6656, core=0
I (475) wifi:wifi firmware version: a9f5b59
I (475) wifi:wifi certification version: v7.0
I (475) wifi:config NVS flash: enabled
I (475) wifi:config nano formating: disabled
I (475) wifi:Init data frame dynamic rx buffer num: 32
I (485) wifi:Init static rx mgmt buffer num: 5
I (485) wifi:Init management short buffer num: 32
I (495) wifi:Init dynamic tx buffer num: 32
I (495) wifi:Init static tx FG buffer num: 2
I (505) wifi:Init static rx buffer size: 1600
I (505) wifi:Init static rx buffer num: 10
I (505) wifi:Init dynamic rx buffer num: 32
[0;32mI (515) wifi_init: rx ba win: 6[0m
[0;32mI (515) wifi_init: tcpip mbox: 32[0m
[0;32mI (525) wifi_init: udp mbox: 6[0m
[0;32mI (525) wifi_init: tcp mbox: 6[0m
[0;32mI (525) wifi_init: tcp tx win: 5760[0m
[0;32mI (535) wifi_init: tcp rx win: 5760[0m
[0;32mI (535) wifi_init: tcp mss: 1440[0m
[0;32mI (535) wifi_init: WiFi IRAM OP enabled[0m
[0;32mI (545) wifi_init: WiFi RX IRAM OP enabled[0m
[0;32mI (555) phy_init: phy_version 640,cd64a1a,Jan 24 2024,17:28:12[0m
I (595) wifi:mode : sta (48:27:e2:e2:e5:e4)
I (595) wifi:enable tsf
I (665) wifi:new:<1,0>, old:<1,0>, ap:<255,255>, sta:<1,0>, prof:1
I (665) wifi:state: init -> auth (b0)
I (675) wifi:state: auth -> assoc (0)
I (675) wifi:state: assoc -> run (10)
W (685) wifi:[ADDBA]rx delba, code:1, delete tid:0
I (695) wifi:connected with TIM-69567495, aid = 8, channel 1, BW20, bssid = ce:b1:01:33:36:34
I (695) wifi:security: WPA2-PSK, phy: bgn, rssi: -80
I (705) wifi:pm start, type: 1

I (705) wifi:dp: 1, bi: 102400, li: 3, scale listen interval from 307200 us to 307200 us
I (705) wifi:set rx beacon pti, rx_bcn_pti: 0, bcn_timeout: 25000, mt_pti: 0, mt_time: 10000
[0;32mI (715) WIFI: Connesso al punto di accesso[0m
I (765) wifi:AP's beacon interval = 102400 us, DTIM period = 1
I (2815) wifi:<ba-add>idx:0 (ifx:0, ce:b1:01:33:36:34), tid:0, ssn:0, winSize:64
[0;31mE (3595) mqtt_client: Error parse uri = a1j6tqht7d82ip-ats.iot.us-east-1.amazonaws.com[0m
[0;31mE (3595) mqtt_client: Client was not initialized[0m
 returnamento 258 e esp_err_ok sarebbe: 0
[0;32mI (3715) esp_netif_handlers: sta ip: 192.168.1.59, mask: 255.255.255.0, gw: 192.168.1.1[0m
