
abort() was called at PC 0x4037ab6f on core 0


Backtrace: 0x403759de:0x3fc9b110 0x4037ab79:0x3fc9b130 0x40381615:0x3fc9b150 0x4037ab6f:0x3fc9b1c0 0x42008868:0x3fc9b1f0 0x42008b8e:0x3fc9b630 0x42008bda:0x3fc9b670 0x4201eaaf:0x3fc9b6a0 0x4037b4e1:0x3fc9b6d0




ELF file SHA256: 42239247f

Rebooting...
ï¿½ï¿½ï¿½ESP-ROM:esp32s3-20210327
Build:Mar 27 2021
rst:0xc (RTC_SW_CPU_RST),boot:0x8 (SPI_FAST_FLASH_BOOT)
Saved PC:0x40375954
SPIWP:0xee
mode:DIO, clock div:1
load:0x3fce3810,len:0x178c
load:0x403c9700,len:0x4
load:0x403c9704,len:0xcbc
load:0x403cc700,len:0x2da0
entry 0x403c9914
[0;32mI (31) boot: ESP-IDF v5.2.1-dirty 2nd stage bootloader[0m
[0;32mI (31) boot: compile time May  6 2024 17:13:56[0m
[0;32mI (31) boot: Multicore bootloader[0m
[0;32mI (35) boot: chip revision: v0.2[0m
[0;32mI (39) boot.esp32s3: Boot SPI Speed : 80MHz[0m
[0;32mI (43) boot.esp32s3: SPI Mode       : DIO[0m
[0;32mI (48) boot.esp32s3: SPI Flash Size : 2MB[0m
[0;32mI (53) boot: Enabling RNG early entropy source...[0m
[0;32mI (58) boot: Partition Table:[0m
[0;32mI (62) boot: ## Label            Usage          Type ST Offset   Length[0m
[0;32mI (69) boot:  0 nvs              WiFi data        01 02 00009000 00006000[0m
[0;32mI (77) boot:  1 phy_init         RF data          01 01 0000f000 000ï¿½ESP-ROM:esp32s3-20210327
Build:Mar 27 2021
rst:0x1 (POWERON),boot:0x8 (SPI_FAST_FLASH_BOOT)
SPIWP:0xee
mode:DIO, clock div:1
load:0x3fce3810,len:0x178c
load:0x403c9700,len:0x4
load:0x403c9704,len:0xcbc
load:0x403cc700,len:0x2da0
entry 0x403c9914
[0;32mI (27) boot: ESP-IDF v5.2.1-dirty 2nd stage bootloader[0m
[0;32mI (27) boot: compile time May  6 2024 17:13:56[0m
[0;32mI (27) boot: Multicore bootloader[0m
[0;32mI (30) boot: chip revision: v0.2[0m
[0;32mI (34) boot.esp32s3: Boot SPI Speed : 80MHz[0m
[0;32mI (39) boot.esp32s3: SPI Mode       : DIO[0m
[0;32mI (44) boot.esp32s3: SPI Flash Size : 2MB[0m
[0;32mI (48) boot: Enabling RNG early entropy source...[0m
[0;32mI (54) boot: Partition Table:[0m
[0;32mI (57) boot: ## Label            Usage          Type ST Offset   Length[0m
[0;3 m           WiFi data        01 02 00009000 00006000[0m
[0;32mI (72) boot:  1 phy_init         RF data          01 01 0000f000 00001000[0m
[0;32mI (80) boot:  2 factory          factory app      00 00 00010000 00100000[0m
[0;32mI (87) boot: End of partition table[0m
[0;32mI (91) esp_image: segment 0: paddr=00010020 vaddr=3c020020 size=16060h ( 90208) map[0m
[0;32mI (116) esp_image: segment 1: paddr=00026088 vaddr93b0h ( 10672) load[0m
[0;32mI (118) esp_image: segment 2: paddr=00028a40 vaddr=40374000 size=075d8h ( 30168) load[0m
[0;32mI (128) esp_image: segment 3: paddr=00030020 vaddr=42000020 size=1f93ch (129340) map[0m
[0;32mI (153) esp_image: segment 4:spize=08090h ( 32912) load[0m
[0;32mI (167) boot: Loaded app from partition at offset 0x10000[0m
[0;32mI (167) boot: Disabling RNG early entropy source...[0m
[0;32mI (179) cpu_start: Multicore app[0m
[0;32mI (189) cpu_start: Pro cpu start user code[0m
[0;32mI (189) cpu_start: cpu freq: 160000000 Hz[0m
[0;32mI (189) cpu_start: Application information:[0m
[0;32mI (192) cpu_start: Project name:     progetto_singolo[0m
[0;32mI (198) cpu_start: App version:      1[0m
[0;32mI (202) cpu_start: Compile time:     May 10 2024 21:57:30[0m
[0;32mI (208) cpu_start: ELF file SHA256:  42239247f...[0m
[0;32mI (214) cpu_start: ESP-IDF:          v5.2.1-dirty[0m
[0;32mI (219) cpu_start: Min chip rev:     v0.0[0m
[0;32mI (224) cpu_start: Max chip rev:     v0.99 [0m
[0;32mI (228) cpu_start: Chip rev:         v0.2[0m
[0;32mI (233) heap_init: Initializing. RAM available for dynamic allocation:[0m
[0;32mI (241) heap_init: At 3FC979D0 len 00051D40 (327 KiB): RAM[0m
[0;32mI (247) heap_init: At 3FCE9710 len 00005724 (21 KiB): RAM[0m
[0;32mI (253) heap_init: At 3FCF0000 len 00008000 (32 KiB): DRAM[0m
[0;32mI (259) heap_init: At 600FE010 len 00001FD8 (7 KiB): RTCRAM[0m
[0;32mI (266) spi_flash: detected chip: gd[0m
[0;32mI (269) spi_flash: flash io: dio[0m
[0;33mW (273) spi_flash: Detected size(8192k) larger than the size in the binary image header(2048k). Using the size in the binary image header.[0m
[0;32mI (287) sleep: Configure to isolate all GPIO pins in sleep state[0m
[0;32mI (293) sleep: Enable automatic switching of GPIO sleep configuration[0m
[0;32mI (301) main_task: Started on CPU0[0m
[0;32mI (311) main_task: Calling app_main()[0m
[0;32mI (311) gpio: GPIO[1]| InputEn: 0| OutputEn: 0| OpenDrain: 0| Pullup: 0| Pulldown: 0| Intr:0 [0m
[0;31mE (321) adc_cali: adc_cali_raw_to_voltage(40): invalid argument: null pointer[0m
ESP_ERROR_CHECK failed: esp_err_t 0x102 (ESP_ERR_INVALID_ARG) at 0x42008868
file: "./components/read_continuous/include/read_continuous.h" line 35
func: read_and_get_data
expression: adc_cali_raw_to_voltage(adc1_cali_chan0_handle, data, converted_result[ii])

abort() was called at PC 0x4037ab6f on core 0


Backtrace: 0x403759de:0x3fc9b110 0x4037ab79:0x3fc9b130 0x40381615:0x3fc9b150 0x4037ab6f:0x3fc9b1c0 0x42008868:0x3fc9b1f0 0x42008b8e:0x3fc9b630 0x42008bda:0x3fc9b670 0x4201eaaf:0x3fc9b6a0 0x4037b4e1:0x3fc9b6d0




ELF file SHA256: 42239247f

Rebooting...
ï¿½ï¿½ï¿½ESP-ROM:esp32s3-20210327
Build:Mar 27 2021
rst:0xc (RTC_SW_CPU_RST),boot:0x8 (SPI_FAST_FLASH_BOOT)
Saved PC:0x40375954
SPIWP:0xee
mode:DIO, clock div:1
load:0x3fce3810,len:0x178c
load:0x403c9700,len:0x4
load:0x403c9704,len:0xcbc
load:0x403cc700,len:0x2da0
entry 0x403c9914
[0;32mI (31) boot: ESP-IDF v5.2.1-dirty 2nd stage bootloader[0m
[0;32mI (31) boot: compile time May  6 2024 17:13:56[0m
[0;32mI (31) boot: Multicore bootloader[0m
[0;32mI (35) boot: chip revision: v0.2[0m
[0;32mI (39) boot.esp32s3: Boot SPI Speed : 80MHz[0m
[0;32mI (43) boot.esp32s3: SPI Mode       : DIO[0m
[0;32mI (48) boot.esp32s3: SPI Flash Size : 2MB[0m
[0;32mI (53) boot: Enabling RNG early entropy source...[0m
[0;32mI (58) boot: Partition Table:[0m
[0;32mI (62) boot: ## Label            Usage          Type ST Offset   Length[0m
[0;32mI (69) boot:  0 nvs              WiFi data        01 02 00009000 00006000[0m
[0;32mI (77) boot:  1 phy_init         RF data          01 01 0000f000 00001000[0m
[0;32mI (84) boot:  2 factory          factory app      00 00 00010000 00100000[0m
[0;32mI (92) boot: End of partition table[0m
[0;32mI (96) esp_image: segment 0: paddr=00010020 vaddr=3c020020 size=16060h ( 90208) map[0m
[0;32mI (120) esp_image: segment 1: paddr=00026088 vaddr=3fc93700 size=029b0h ( 10672) load[0m
[0;32mI (123) esp_image: segment 2: paddr=00028a40 vaddr=40374000 size=075d8h ( 30168) load[0m
[0;32mI (133) esp_image: segment 3: paddr=00030020 vaddr=42000020 size=1f93ch (129340) map[0m
[0;32mI (158) esp_image: segment 4: paddr=0004f964 vaddr=4037b5d8 size=08090h ( 32912) load[0m
[0;32mI (172) boot: Loaded app from partition at offset 0x10000[0m
[0;32mI (172) boot: Disabling RNG early entropy source...[0m
[0;32mI (183) cpu_start: Multicore app[0m
[0;32mI (193) cpu_start: Pro cpu start user code[0m
[0;32mI (193) cpu_start: cpu freq: 160000000 Hz[0m
[0;32mI (193) cpu_start: Application information:[0m
[0;32mI (196) cpu_start: Project name:     progetto_singolo[0m
[0;32mI (202) cpu_start: App version:      1[0m
[0;32mI (206) cpu_start: Compile time:     May 10 2024 21:57:30[0m
[0;32mI (213) cpu_start: ELF file SHA256:  42239247f...[0m
[0;32mI (218) cpu_start: ESP-IDF:          v5.2.1-dirty[0m
[0;32mI (223) cpu_start: Min chip rev:     v0.0[0m
[0;32mI (228) cpu_start: Max chip rev:     v0.99 [0m
[0;32mI (233) cpu_start: Chip rev:         v0.2[0m
[0;32mI (238) heap_init: Initializing. RAM available for dtn: At 3FC979D0 len 00051D40 (327 KiB): RAM[0m
[0;32mI (251) heap_init: At 3FCE9710 len 00005724 (21 KiB): RAM[0m
[0;32mI (257) heap_init: At 3FCF0000 len 00008000 (32 KiB): DRAM[0m
[0;32mI (263) heap_init: At 600FE010 len 00001FD8 (7 KiB): RTCRAM[0m
[0;32mI (270) spi_flash: detected chip: gd[0m
[0;32mI (274) spi_flash: flash io: dio[0m
[0;33mW (278) spi_flash: Detected size(8192k) larger than the size in the binary image header(2048k). Using the size in the binary image header.[0m
[0;32mI (291) sleep: Configure to isolate all GPIO pins in sleep state[0m
[0;32mI (298) sleep: Enable automatic switching of GPIO sleep configuration[0m
[0;32mI (305) main_task: Started on CPU0[0m
[0;32mI (315) main_task: Calling app_main()[0m
[0;32mI (315) gpio: GPIO[1]| InputEn: 0| OutputEn: 0| OpenDrain: 0| Pullup: 0| Pulldown: 0| Intr:0 [0m
[0;t1o_voltage(40): invalid argument: null pointer[0m
ESP_ERROR_CHECK failed: esp_err_t 0x102 (ESP_ERR_INVALID_ARG) at 0x42008868
file: "./components/read_continuous/include/read_continuous.h" line 35
func: read_and_get_data
expression: adc_cali_raw_to_voltage(adc1_cali_chan0_handle, data, converted_result[ii])

abort() was called at PC 0x4037ab6f on core 0


Backtrace: 0x403759de:0x3fc9b110 0x4037ab79:0x3fc9b130 0x40381615:0x3fc9b150 0x4037ab6f:0x3fc9b1c0 0x42008868:0x3fc9b1f0 0x42008b8e:0x3fc9b630 0x42008bda:0x3fc9b670 0x4201eaaf:0x3fc9b6a0 0x4037b4e1:0x3fc9b6d0




ELF file SHA256: 42239247f

Rebooting...
ï¿½ï¿½ï¿½ESP-ROM:esp32s3-20210327
Build:Mar 27 2021
rst:0xc (RTC_SW_CPU_RST),boot:0x8 (SPI_FAST_FLASH_BOOT)
Saved PC:0x40375954
SPIWP:0xee
mode:DIO, clock div:1
load:0x3fce3810,len:0x178c
load:0x403c9700,len:0x4
load:0x403c9704,len:0xcbc
load:0x403cc700,len:0x2da0
entry 0x403c9914
[0;32mI (31) boot: ESP-IDF v5.2.1-dirty 2nd stage bootloader[0m
[0;32mI (31) boot: compile time May  6 2024 17:13:56[0m
[0;32mI (31) boot: Multicore bootloader[0m
[0;32mI (35) boot: chip revision: v0.2[0m
[0;32mI (39) boot.esp32s3: Boot SPI Speed : 80MHz[0m
[0;32mI (43) boot.esp32s3: SPI Mode       : DIO[0m
[0;32mI (48) boot.esp32s3: SPI Flash Size : 2MB[0m
[0;32mI (53) boot: Enabling RNG early entropy source...[0m
[0;32mI (58) boot: Partition Table:[0m
[0;32mI (62) boot: ## Label            Usage          Type ST Offset   Length[0m
[0;32mI (69) boot:  0 nvs              WiFi data        01 02 00009000 00006000[0m
[0;32mI (77) boot:  1 phy_init         RF data          01 01 0000f000 00001000[0m
[0;32mI (84) boot:  2 factory          factory app      00 00 00010000 00100000[0m
[0;32mI (92) boot: End of partition table[0m
[0;32mI (96) esp_image: segment 0: paddr=00010020 vaddr=3c020020 size=16060h ( 90208) map[0m
[0;32mI (120) esp_image: segment 1: paddr=00026088 vaddr=3fc93700 size=029b0h ( 10672) load[0m
[0;32mI (123) esp_image: segment 2: paddr=00028a40 vaddr=40374000 size=075d8h ( 30168) load[0m
[0;32mI (133) esp_image: segment 3: paddr=00030020 vaddr=42000020 size=1f93ch (129340) map[0m
[0;32mI (158) esp_image: segment 4: paddr=0004f964 vaddr=4037b5d8 size=08090h ( 32912) load[0m
[0;32mI (172) boot: Loaded app from partition at offset 0x10000[0m
[0;32mI (172) boot: Disabling RNG early entropy source...[0m
[0;32mI (183) cpu_start: Multicore app[0m
[0;32mI (193) cpu_start: Pro cpu start user code[0m
[0;32mI (193) cpu_start: cpu freq: 160000000 Hz[0m
[0;32mI (193) cpu_start: Application information:[0m
[0;32mI (196) cpu_start: Project name:     progetto_singolo[0m
[0;32mI (202) cpu_start: App version:      1[0m
[0;32mI (206) cpu_start: Compile time:     May 10 2024 21:57:30[0m
[0;32mI (213) cpu_start: ELF file SHA256:  42239247f...[0m
[0;32mI (218) cpu_start: ESP-IDF:          v5.2.1-dirty[0m
[0;32mI (223) cpu_start: Min chip rev:     v0.0[0m
[0;32mI (228) cpu_start: Max chip rev:     v0.99 [0m
[0;32mI (233) cpu_start: Chip rev:         v0.2[0m
[0;32mI (238) heap_init: Initializing. RAM available for dynamic allocation:[0m
[0;32mI (245) heap_init: At 3FC979D0 len 00051D40 (327 KiB): RAM[0m
[0;32mI (251) heap_init: At 3FCE9710 len 00005724 (21 KiB): RAM[0m
[0;32mI (257) heap_init: At 3FCF0000 len 00008000 (32 KiB): DRAM[0m
[0;32mI (263) heap_init: At 600FE010 len 00001FD8 (7 KiB): RTCRAM[0m
[0;32mI (270) spi_flash: detected chip: gd[0m
[0;32mI (274) spi_flash: flash io: dio[0m
[0;33mW (278) spi_flash: Detected size(8192k) larger than the size in the binary image header(2048k). Using the size in the binary image header.[0m
[0;32mI (291) sleep: Configure to isolate all GPIO pins in sleep state[0m
[0;32mI (298) sleep: Enable automatic switching of GPIO sleep configuration[0m
[0;32mI (305) main_task: Started on CPU0[0m
[0;32mI (315) main_task: Calling app_main()[0m
[0;32mI (315) gpio: GPIO[1]| InputEn: 0| OutputEn: 0| OpenDrain: 0| Pullup: 0| Pulldown: 0| Intr:0 [0m
[0;31mE (325) adc_cali: adc_cali_raw_to_voltage(40): invalid argument: null pointer[0m
ESP_ERROR_CHECK failed: esp_err_t 0x102 (ESP_ERR_INVALID_ARG) at 0x42008868
file: "./components/read_continuous/include/read_continuous.h" line 35
func: read_and_get_data
expression: adc_cali_raw_to_voltage(adc1_cali_chan0_handle, data, converted_result[ii])

abort() was called at PC 0x4037ab6f on core 0


Backtrace: 0x403759de:0x3fc9b110 0x4037ab79:0x3fc9b130 0x40381615:0x3fc9b150 0x4037ab6f:0x3fc9b1c0 0x42008868:0x3fc9b1f0 0x42008b8e:0x3fc9b630 0x42008bda:0x3fc9b670 0x4201eaaf:0x3fc9b6a0 0x4037b4e1:0x3fc9b6d0




ELF file SHA256: 42239247f

Rebooting...
ï¿½ï¿½ï¿½ESP-ROM:esp32s3-20210327
Build:Mar 27 2021
rst:0xc (RTC_SW_CPU_RST),boot:0x8 (SPI_FAST_FLASH_BOOT)
Saved PC:0x40375954
SPIWP:0xee
mode:DIO, clock div:1
load:0x3fce3810,len:0x178c
load:0x403c9700,len:0x4
load:0x403c9704,len:0xcbc
load:0x403cc700,len:0x2da0
entry 0x403c9914
[0;32mI (31) boot: ESP-IDF v5.2.1-dirty 2nd stage bootloader[0m
[0;32mI (31) boot: compile time May  6 2024 17:13:56[0m
[0;32mI (31) boot: Multicore bootloader[0m
[0;32mI (35) boot: chip revision: v0.2[0m
[0;32mI (39) boot.esp32s3: Boot SPI Speed : 80MHz[0m
[0;32mI (43) boot.esp32s3: SPI Mode       : DIO[0m
[0;32mI (48) boot.esp32s3: SPI Flash Size : 2MB[0m
[0;32mI (53) boot: Enabling RNG early entropy source...[0m
[0;32mI (58) boot: Partition Table:[0m
[0;32mI (62) boot: ## Label            Usage          Type ST Offset   Length[0m
[0;32mI (69) boot:  0 nvs              WiFi data        01 02 00009000 00006000[0m
[0;32mI (77) boot:  1 phy_init         RF data          01 01 0000f000 00001000[0m
[0;32mI (84) boot:  2 factory          factory app      00 00 00010000 00100000[0m
[0;32mI (92) boot: End of partition table[0m
[0;32mI (96) esp_image: segment 0: paddr=00010020 vaddr=3c020020 size=16060h ( 90208) map[0m
[0;32mI (120) esp_image: segment 1: paddr=00026088 vaddr=3fc93700 size=029b0h ( 10672) load[0m
[0;32mI (123) esp_image: segment 2: paddr=00028a40 vaddr=40374000 size=075d8h ( 30168) load[0m
[0;32mI (133) esp_image: segment 3: paddr=00030020 vaddr=42000020 size=1f93ch (129340) map[0m
[0;32mI (158) esp_image: segment 4: paddr=0004f964 vaddr=4037b5d8 size=08090h ( 32912) load[0m
[0;32mI (172) boot: Loaded app from partition at offset 0x10000[0m
[0;32mI (172) boot: Disabling RNG early entropy source...[0m
[0;32mI (183) cpu_start: Multicore app[0m
[0;32mI (193) cpu_start: Pro cpu start user code[0m
[0;32mI (193) cpu_start: cpu freq: 160000000 Hz[0m
[0;32mI (193) cpu_start: Application information:[0m
[0;32mI (196) cpu_start: Project name:     progetto_singolo[0m
[0;32mI (202) cpu_start: App version:      1[0m
[0;32mI (206) cpu_start: Compile time:     May 10 2024 21:57:30[0m
[0;32mI (213) cpu_start: ELF file SHA256:  42239247f...[0m
[0;32mI (218) cpu_start: ESP-IDF:          v5.2.1-dirty[0m
[0;32mI (223) cpu_start: Min chip rev:     v0.0[0m
[0;32mI (228) cpu_start: Max chip rev:     v0.99 [0m
[0;32mI (233) cpu_start: Chip rev:         v0.2[0m
[0;32mI (238) heap_init: Initializing. RAM available for dynamic allocation:[0m
[0;32mI (245) heap_init: At 3FC979D0 len 00051D40 (327 KiB): RAM[0m
[0;32mI (251) heap_init: At 3FCE9710 len 00005724 (21 KiB): RAM[0m
[0;32mI (257) heap_init: At 3FCF0000 len 00008000 (32 KiB): DRAM[0m
[0;32mI (263) heap_init: At 600FE010 len 00001FD8 (7 KiB): RTCRAM[0m
[0;32mI (270) spi_flash: detected chip: gd[0m
[0;32mI (274) spi_flash: flash io: dio[0m
[0;33mW (278) spi_flash: Detected size(8192k) larger than the size in the binary image header(2048k). Using the size in the binary image header.[0m
[0;32mI (291) sleep: Configure to isolate all GPIO pins in sleep state[0m
[0;32mI (298) sleep: Enable automatic switching of GPIO sleep configuration[0m
[0;32mI (305) main_task: Started on CPU0[0m
[0;32mI (315) main_task: Calling app_main()[0m
[0;32mI (315) gpio: GPIO[1]| InputEn: 0| OutputEn: 0| OpenDrain: 0| Pullup: 0| Pulldown: 0| Intr:0 [0m
[0;31mE (325) adc_cali: adc_cali_raw_to_voltage(40): inOaR_CHECK failed: esp_err_t 0x102 (ESP_ERR_INVALID_ARG) at 0x42008868
file: "./components/read_continuous/include/read_continuous.h" line 35
func: read_and_get_data
expression: adc_cali_raw_to_voltage(adc1_cali_chan0_handle, data, converted_result[ii])

abort() was called at PC 0x4037ab6f on core 0


Backtrace: 0x403759de:0x3fc9b110 0x4037ab79:0x3fc9b130 0x40381615:0x3fc9b150 0x4037ab6f:0x3fc9b1c0 0x42008868:0x3fc9b1f0 0x42008b8e:0x3fc9b630 0x42008bda:0x3fc9b670 0x4201eaaf:0x3fc9b6a0 0x4037b4e1:0x3fc9b6d0




ELF file SHA256: 42239247f

Rebooting...
ï¿½ï¿½ï¿½ESP-ROM:esp32s3-20210327
Build:Mar 27 2021
rst:0xc (RTC_SW_CPU_RST),boot:0x8 (SPI_FAST_FLASH_BOOT)
Saved PC:0x40375954
SPIWP:0xee
mode:DIO, clock div:1
load:0x3fce3810,len:0x178c
load:0x403c9700,len:0x4
load:0x403c9704,len:0xcbc
load:0x403cc700,len:0x2da0
entry 0x403c9914
[0;32mI (31) boot: ESP-IDF v5.2.1-dirty 2nd stage bootloader[0m
[0;32mI (31) boot: compile time May  6 2024 17:13:56[0m
[0;32mI (31) boot: Multicore bootloader[0m
[0;32mI (35) boot: chip revision: v0.2[0m
[0;32mI (39) boot.esp32s3: Boot SPI Speed : 80MHz[0m
[0;32mI (43) boot.esp32s3: SPI Mode       : DIO[0m
[0;32mI (48) boot.esp32s3: SPI Flash Size : 2MB[0m
[0;32mI (53) boot: Enabling RNG early entropy source...[0m
[0;32mI (58) boot: Partition Table:[0m
[0;32mI (62) boot: ## Label            Usage          Type ST Offset   Length[0m
[0;32mI (69) boot:  0 nvs              WiFi data        01 02 00009000 00006000[0m
[0;32mI (77) boot:  1 phy_init         RF data          01 01 0000f000 00001000[0m
[0;32mI (84) boot:  2 factory          factory app      00 00 00010000 00100000[0m
[0;32mI (92) boot: End of partition table[0m
[0;32mI (96) esp_image: segment 0: paddr=00010020 vaddr=3c020020 size=16060h ( 90208) map[0m
[0;32mI (120) esp_image: segment 1: paddr=00026088 vaddr=3fc93700 size=029b0h ( 10672) load[0m
[0;32mI (123) esp_image: segment 2: paddr=00028a40 vaddr=40374000 size=075d8h ( 30168) load[0m
[0;32mI (133) esp_image: segment 3: paddr=00030020 vaddr=42000020 size=1f93ch (129340) map[0m
[0;32mI (158) esp_image: segment 4: paddr=0004f964 vaddr=4037b5d8 size=08090h ( 32912) load[0m
[0;32mI (172) boot: Loaded app from partition at offset 0x10000[0m
[0;32mI (172) boot: Disabling RNG early entropy source...[0m
[0;32mI (183) cpu_start: Multicore app[0m
[0;32mI (193) cpu_start: Pro cpu start user code[0m
[0;32mI (193) cpu_start: cpu freq: 160000000 Hz[0m
[0;32mI (193) cpu_start: Application information:[0m
[0;32mI (196) cpu_start: Project name:     progetto_singolo[0m
[0;32mI (202) cpu_start: App version:      1[0m
[0;32mI (206) cpu_start: Compile time:     May 10 2024 21:57:30[0m
[0;32mI (213) cpu_start: ELF file SHA256:  42239247f...[0m
[0;32mI (218) cpu_start: ESP-IDF:          v5.2.1-dirty[0m
[0;32mI (223) cpu_start: Min chip rev:     v0.0[0m
[0;32mI (228) cpu_start: Max chip rev:     v0.99 [0m
[0;32mI (233) cpu_start: Chip rev:         v0.2[0m
[0;32mI (238) heap_init: Initializing. RAM available for dynamic allocation:[0m
[0;32mI (245) heap_init: At 3FC979D0 len 00051D40 (327 KiB): RAM[0m
[0;32mI (251) heap_init: At 3FCE9710 len 00005724 (21 KiB): RAM[0m
[0;32mI (257) heap_init: At 3FCF0000 len 00008000 (32 KiB): DRAM[0m
[0;32mI (263) heap_init: At 600FE010 len 00001FD8 (7 KiB): RTCRAM[0m
[0;32mI (270) spi_flash: detected chip: gd[0m
[0;32mI (274) spi_flash: flash io: dio[0m
[0;33mW (278) spi_flash: Detected size(8192k) larger than the size in the binary image header(2048k). Using the size in the binary image header.[0m
[0;32mI (291) sleep: Configure to isolate all GPIO pins in sleep state[0m
[0;32mI (298) sleep: Enable automatic switching of GPIO sleep configuration[0m
[0;32mI (305) main_task: Started on CPU0[0m
[0;32mI (315) main_task: Calling app_main()[0m
[0;32mI (315) gpio: GPIO[1]| InputEn: 0| OutputEn: 0| OpenDrain: 0| Pullup: 0| Pulldown: 0| Intr:0 [0m
[0;31mE (325) adc_cali: adc_cali_raw_to_voltage(40): invalid argument: null pointer[0m
ESP_ERROR_CHECK failed: esp_err_t 0x102 (ESP_ERR_INVALID_ARG) at 0x42008868
file: "./components/read_continuous/include/read_continuous.h" line 35
func: read_and_get_data
expression: adc_cali_raw_to_voltage(adc1_cali_chan0_handle, data, converted_result[ii])

abort() was called at PC 0x4037ab6f on core 0


Backtrace: 0x403759de:0x3fc9b110 0x4037ab79:0x3fc9b130 0x40381615:0x3fc9b150 0x4037ab6f:0x3fc9b1c0 0x42008868:0x3fc9b1f0 0x42008b8e:0x3fc9b630 0x42008bda:0x3fc9b670 0x4201eaaf:0x3fc9b6a0 0x4037b4e1:0x3fc9b6d0




ELF file SHA256: 42239247f

Rebooting...
ï¿½ï¿½ï¿½ESP-ROM:esp32s3-20210327
Build:Mar 27 2021
rst:0xc (RTC_SW_CPU_RST),boot:0x8 (SPI_FAST_FLASH_BOOT)
Saved PC:0x40375954
SPIWP:0xee
mode:DIO, clock div:1
load:0x3fce3810,len:0x178c
load:0x403c9700,len:0x4
load:0x403c9704,len:0xcbc
load:0x403cc700,len:0x2da0
entry 0x403c9914
[0;32mI (31) boot: ESP-IDF v5.2.1-dirty 2nd stage bootloader[0m
[0;32mI (31) boot: compile time May  6 2024 17:13:56[0m
[0;32mI (31) boot: Multicore bootloader[0m
[0;32mI (35) boot: chip revision: v0.2[0m
[0;32mI (39) boot.esp32s3: Boot SPI Speed : 80MHz[0m
[0;32mI (43) boot.esp32s3: SPI Mode       : DIO[0m
[0;32mI (48) boot.esp32s3: SPI Flash Size : 2MB[0m
[0;32mI (53) boot: Enabling RNG early entropy source...[0m
[0;32mI (58) boot: Partition Table:[0m
[0;32mI (62) boot: ## Label            Usage          Type ST Offset   Length[0m
[0;32mI (69) boot:  0 nvs              WiFi data        01 02 00009000 00006000[0m
[0;32mI (77) boot:  1 phy_init         RF data          01 01 0000f000 00001000[0m
[0;32mI (84) boot:  2 factory          factory app      00 00 00010000 00100000[0m
[0;32mI (92) boot: End of partition table[0m
[0;32mI (96) esp_image: segment 0: paddr=00010020 vaddr=3c020020 size=16060h ( 90208) map[0m
[0;32mI (120) esp_image: segment 1: paddr=00026088 vaddr=3fc93700 size=029b0h ( 10672) load[0m
[0;32mI (123) esp_image: segment 2: paddr=00028a40 vaddr=40374000 size=075d8h ( 30168) load[0m
[0;32mI (133) esp_image: segment 3: paddr=00030020 vaddr=42000020 size=1f93ch (129340) map[0m
[0;32mI (158) esp_image: segment 4: paddr=0004f964 vaddr=4037b5d8 size=08090h ( 32912) load[0m
[0;32mI (172) boot: Loaded app from partition at offset 0x10000[0m
[0;32mI (172) boot: Disabling RNG early entropy source...[0m
[0;32mI (183) cpu_start: Multicore app[0m
[0;32mI (193) cpu_start: Pro cpu start user code[0m
[0;32mI (193) cpu_start: cpu freq: 160000000 Hz[0m
[0;32mI (193) cpu_start: Application information:[0m
[0;32mI (196) cpu_start: Project name:     progetto_singolo[0m
[0;32mI (202) cpu_start: App version:      1[0m
[0;32mI (206) cpu_start: Compile time:     May 10 2024 21:57:30[0m
[0;32mI (213) cpu_start: ELF file SHA256:  42239247f...[0m
[0;32mI (218) cpu_start: ESP-IDF:          v5.2.1-dirty[0m
[0;32mI (223) cpu_start: Min chip rev:     v0.0[0m
[0;32mI (228) cpu_start: Max chip rev:     v0.99 [0m
[0;32mI (233) cpu_start: Chip rev:         v0.2[0m
[0;32mI (238) heap_init: Initializing. RAM available for dynamic allocation:[0m
[0;32mI (245) heap_init: At 3FC979D0 len 00051D40 (327 KiB): RAM[0m
[0;32mI (251) heap_init: At 3FCE9710 len 00005724 (21 KiB): RAM[0m
[0;32mI (257) heap_init: At 3FCF0000 len 00008000 (32 KiB): DRAM[0m
[0;32mI (263) heap_init: At 600FE010 len 00001FD8 (7 KiB): RTCRAM[0m
[0;32mI (270) spi_flash: detected chip: gd[0m
[0;32mI (274) spi_flash: flash io: dio[0m
[0;33mW (278) spi_flash: Detected size(8192k) larger than the size in the binary image header(2048k). Using the size in the binary image header.[0m
[0;32mI (291) sleep: Configure to isolate all GPIO pins in sleep state[0m
[0;32mI (298) sleep: Enable automatic switching of GPIO sleep configuration[0m
[0;32mI (305) main_task: Started on CPU0[0m
[0;32mI (315) main_task: Calling app_main()[0m
[0;32mI (315) gpio: GPIO[1]| InputEn: 0| OutputEn: 0| OpenDrain: 0| Pullup: 0| Pulldown: 0| Intr:0 [0m
[0;31mE (325) adc_cali: adc_cali_raw_to_voltage(40): invalid argument: null pointer[0m
ESP_ERROR_CHECK failed: esp_err_t 0x102 (ESP_ERR_INVALID_ARG) at 0x42008868
file: "./components/read_continuous/include/read_continuous.h" line 35
func: read_and_get_data
expression: adc_cali_raw_to_voltage(adc1_cali_chan0_handle, data, converted_result[ii])

abort() was called at PC 0x4037ab6f on core 0


Backtrace: 0x403759de:0x3fc9b110 0x4037ab79:0x3fc9b130 0x40381615:0x3fc9b150 0x4037ab6f:0x3fc9b1c0 0x42008868:0x3fc9b1f0 0x42008b8e:0x3fc9b630 0x42008bda:0x3fc9b670 0x4201eaaf:0x3fc9b6a0 0x4037b4e1:0x3fc9b6d0




ELF file SHA256: 42239247f

Rebooting...
ï¿½ï¿½ï¿½ESP-ROM:esp32s3-20210327
Build:Mar 27 2021
rst:0xc (RTC_SW_CPU_RST),boot:0x8 (SPI_FAST_FLASH_BOOT)
Saved PC:0x40375954
SPIWP:0xee
mode:DIO, clock div:1
load:0x3fce3810,len:0x178c
load:0x403c9700,len:0x4
load:0x403c9704,len:0xcbc
load:0x403cc700,len:0x2da0
entry 0x403c9914
[0;32mI (31) boot: ESP-IDF v5.2.1-dirty 2nd stage bootloader[0m
[0;32mI (31) boot: compile time May  6 2024 17:13:56[0m
[0;32mI (31) boot: Multicore bootloader[0m
[0;32mI (35) boot: chip revision: v0.2[0m
[0;32mI (39) boot.esp32s3: Boot SPI Speed : 80MHz[0m
[0;32mI (43) boot.esp32s3: SPI Mode       : DIO[0m
[0;32mI (48) boot.esp32s3: SPI Flash Size : 2MB[0m
[0;32mI (53) boot: Enabling RNG early entropy source...[0m
[0;32mI (58) boot: Partition Table:[0m
[0;32mI (62) boot: ## Label            Usage          Type ST Offset   Length[0m
[0;32mI (69) boot:  0 nvs              WiFi data        01 02 00009000 00006000[0m
[0;32mI (77) boot:  1 phy_init         RF data          01 01 0000f000 00001000[0m
[0;32mI (84) boot:  2 factory          factory app      00 00 00010000 00100000[0m
[0;32mI (92) boot: End of partition table[0m
[0;32mI (96) esp_image: segment 0: paddr=00010020 vaddr=3c020020 size=16060h ( 90208) map[0m
[0;32mI (120) esp_image: segment 1: paddr=00026088 vaddr=3fc93700 size=029b0h ( 10672) load[0m
[0;32mI (123) esp_image: segment 2: paddr=00028a40 vaddr=40374000 size=075d8h ( 30168) load[0m
[0;32mI (133) esp_image: segment 3: paddr=00030020 vaddr=42000020 size=1f93ch (129340) map[0m
[0;32mI (158) esp_image: segment 4: paddr=0004f964 vaddr=4037b5d8 size=08090h ( 32912) load[0m
[0;32mI (172) boot: Loaded app from partition at offset 0x10000[0m
[0;32mI (172) boot: Disabling RNG early entropy source...[0m
[0;32mI (183) cpu_start: Multicore app[0m
[0;32mI (193) cpu_start: Pro cpu start user code[0m
[0;32mI (193) cpu_start: cpu freq: 160000000 Hz[0m
[0;32mI (193) cpu_start: Application information:[0m
[0;32mI (196) cpu_start: Project name:     progetto_singolo[0m
[0;32mI (202) cpu_start: App version:      1[0m
[0;32mI (206) cpu_start: Compile time:     May 10 2024 21:57:30[0m
[0;32mI (213) cpu_start: ELF file SHA256:  42239247f...[0m
[0;32mI (218) cpu_start: ESP-IDF:          v5.2.1-dirty[0m
[0;32mI (223) cpu_start: Min chip rev:     v0.0[0m
[0;32mI (228) cpu_start: Max chip rev:     v0.99 [0m
[0;32mI (233) cpu_start: Chip rev:         v0.2[0m
[0;32mI (238) heap_init: Initializing. RAM available for dynamic allocation:[0m
[0;32mI (245) heap_init: At 3FC979D0 len 00051D40 (327 KiB): RAM[0m
[0;32mI (251) heap_init: At 3FCE9710 len 00005724 (21 KiB): RAM[0m
[0;32mI (257) heap_init: At 3FCF0000 len 00008000 (32 KiB): DRAM[0m
[0;32mI (263) heap_init: At 600FE010 len 00001FD8 (7 KiB): RTCRAM[0m
[0;32mI (270) spi_flash: detected chip: gd[0m
[0;32mI (274) spi_flash: flash io: dio[0m
[0;33mW (278) spi_flash: Detected size(8192k) larger than the size in the binary image header(2048k). Using the size in the binary image header.[0m
[0;32mI (291) sleep: Configure to isolate all GPIO pins in sleep state[0m
[0;32mI (298) sleep: Enable automatic switching of GPIO sleep configuration[0m
[0;32mI (305) main_task: Started on CPU0[0m
[0;32mI (315) main_task: Calling app_main()[0m
[0;32mI (315) gpio: GPIO[1]| InputEn: 0| OutputEn: 0| OpenDrain: 0| Pullup: 0| Pulldown: 0| Intr:0 [0m
[0;31mE (325) adc_cali: adc_cali_raw_to_voltage(40): invalid argument: null pointer[0m
ESP_ERROR_CHECK failed: esp_err_t 0x102 (ESP_ERR_INVALID_ARG) at 0x42008868
file: "./components/read_continuous/include/read_continuous.h" line 35
func: read_and_get_data
expression: adc_cali_raw_to_voltage(adc1_cali_chan0_handle, data, converted_result[ii])

abort() was called at PC 0x4037ab6f on core 0


Backtrace: 0x403759de:0x3fc9b110 0x4037ab79:0x3fc9b130 0x40381615:0x3fc9b150 0x4037ab6f:0x3fc9b1c0 0x42008868:0x3fc9b1f0 0x42008b8e:0x3fc9b630 0x42008bda:0x3fc9b670 0x4201eaaf:0x3fc9b6a0 0x4037b4e1:0x3fc9b6d0




ELF file SHA256: 42239247f

Rebooting...
ï¿½ï¿½ï¿½ESP-ROM:esp32s3-20210327
Build:Mar 27 2021
rst:0xc (RTC_SW_CPU_RST),boot:0x8 (SPI_FAST_FLASH_BOOT)
Saved PC:0x40375954
SPIWP:0xee
mode:DIO, clock div:1
load:0x3fce3810,len:0x178c
load:0x403c9700,len:0x4
load:0x403c9704,len:0xcbc
load:0x403cc700,len:0x2da0
entry 0x403c9914
[0;32mI (31) boot: ESP-IDF v5.2.1-dirty 2nd stage bootloader[0m
[0;32mI (31) boot: compile time May  6 2024 17:13:56[0m
[0;32mI (31) boot: Multicore bootloader[0m
[0;32mI (35) boot: chip revision: v0.2[0m
[0;32mI (39) boot.esp32s3: Boot SPI Speed : 80MHz[0m
[0;32mI (43) boot.esp32s3: SPI Mode       : DIO[0m
[0;32mI (48) boot.esp32s3: SPI Flash Size : 2MB[0m
[0;32mI (53) boot: Enabling RNG early entropy source...[0m
[0;32mI (58) boot: Partition Table:[0m
[0;32mI (62) boot: ## Label            Usage          Type ST Offset   Length[0m
[0;32mI (69) boot:  0 nvs              WiFi data        01 02 00009000 00006000[0m
[0;32mI (77) boot:  1 phy_init         RF data          01 01 0000f000 00001000[0m
[0;32mI (84) boot:  2 factory          factory app      00 00 00010000 00100000[0m
[0;32mI (92) boot: End of partition table[0m
[0;32mI (96) esp_image: segment 0: paddr=00010020 vaddr=3c020020 size=16060h ( 90208) map[0m
[0;32mI (120) esp_image: segment 1: paddr=00026088 vaddr=3fc93700 size=029b0h ( 10672) load[0m
[0;32mI (123) esp_image: segment 2: paddr=00028a40 vaddr=40374000 size=075d8h ( 30168) load[0m
[0;32mI (133) esp_image: segment 3: paddr=00030020 vaddr=42000020 size=1f93ch (129340) map[0m
[0;32mI (158) esp_image: segment 4: paddr=0004f964 vaddr=4037b5d8 size=08090h ( 32912) load[0m
[0;32mI (172) boot: Loaded app from partition at offset 0x10000[0m
[0;32mI (172) boot: Disabling RNG early entropy source...[0m
[0;32mI (183) cpu_start: Multicore app[0m
[0;32mI (193) cpu_start: Pro cpu start user code[0m
[0;32mI (193) cpu_start: cpu freq: 160000000 Hz[0m
[0;32mI (193) cpu_start: Application information:[0m
[0;32mI (196) cpu_start: Project name:     progetto_singolo[0m
[0;32mI (202) cpu_start: App version:      1[0m
[0;32mI (206) cpu_start: Compile time:     May 10 2024 21:57:30[0m
[0;32mI (213) cpu_start: ELF file SHA256:  42239247f...[0m
[0;32mI (218) cpu_start: ESP-IDF:          v5.2.1-dirty[0m
[0;32mI (223) cpu_start: Min chip rev:     v0.0[0m
[0;32mI (228) cpu_start: Max chip rev:     v0.99 [0m
[0;32mI (233) cpu_start: Chip rev:         v0.2[0m
[0;32mI (238) heap_init: Initializing. RAM available for dynamic allocation:[0m
[0;32mI (245) heap_init: At 3FC979D0 len 00051D40 (327 KiB): RAM[0m
[0;32mI (251) heap_init: At 3FCE9710 len 00005724 (21 KiB): RAM[0m
[0;32mI (257) heap_init: At 3FCF0000 len 00008000 (32 KiB): DRAM[0m
[0;32mI (263) heap_init: At 600FE010 len 00001FD8 (7 KiB): RTCRAM[0m
[0;32mI (270) spi_flash: detected chip: gd[0m
[0;32mI (274) spi_flash: flash io: dio[0m
[0;33mW (278) spi_flash: Detected size(8192k) larger than the size in the binary image header(2048k). Using the size in the binary image header.[0m
[0;32mI (291) sleep: Configure to isolate all GPIO pins in sleep state[0m
[0;32mI (298) sleep: Enable automatic switching of GPIO sleep configuration[0m
[0;32mI (305) main_task: Started on CPU0[0m
[0;32mI (315) main_task: Calling app_main()[0m
[0;32mI (315) gpio: GPIO[1]| InputEn: 0| OutputEn: 0| OpenDrain: 0| Pullup: 0| Pulldown: 0| Intr:0 [0m
[0;31mE (325) adc_cali: adc_cali_raw_to_voltage(40): invalid argument: null pointer[0m
ESP_ERROR_CHECK failed: esp_err_t 0x102 (ESP_ERR_INVALID_ARG) at 0x42008868
file: "./components/read_continuous/include/read_continuous.h" line 35
func: read_and_get_data
expression: adc_cali_raw_to_voltage(adc1_cali_chan0_handle, data, converted_result[ii])

abort() was called at PC 0x4037ab6f on core 0


Backtrace: 0x403759de:0x3fc9b110 0x4037ab79:0x3fc9b130 0x40381615:0x3fc9b150 0x4037ab6f:0x3fc9b1c0 0x42008868:0x3fc9b1f0 0x42008b8e:0x3fc9b630 0x42008bda:0x3fc9b670 0x4201eaaf:0x3fc9b6a0 0x4037b4e1:0x3fc9b6d0




ELF file SHA256: 42239247f

Rebooting...
ï¿½ï¿½ï¿½ESP-ROM:esp32s3-20210327
Build:Mar 27 2021
rst:0xc (RTC_SW_CPU_RST),boot:0x8 (SPI_FAST_FLASH_BOOT)
Saved PC:0x40375954
SPIWP:0xee
mode:DIO, clock div:1
load:0x3fce3810,len:0x178c
load:0x403c9700,len:0x4
load:0x403c9704,len:0xcbc
load:0x403cc700,len:0x2da0
entry 0x403c9914
[0;32mI (31) boot: ESP-IDF v5.2.1-dirty 2nd stage bootloader[0m
[0;32mI (31) boot: compile time May  6 2024 17:13:56[0m
[0;32mI (31) boot: Multicore bootloader[0m
[0;32mI (35) boot: chip revision: v0.2[0m
[0;32mI (39) boot.esp32s3: Boot SPI Speed : 80MHz[0m
[0;32mI (43) boot.esp32s3: SPI Mode       : DIO[0m
[0;32mI (48) boot.esp32s3: SPI Flash Size : 2MB[0m
[0;32mI (53) boot: Enabling RNG early entropy source...[0m
[0;32mI (58) boot: Partition Table:[0m
[0;32mI (62) boot: ## Label            Usage          Type ST Offset   Length[0m
[0;32mI (69) boot:  0 nvs              WiFi data        01 02 00009000 00006000[0m
[0;32mI (77) boot:  1 phy_init         RF data         factory          factory app      00 00 00010000 00100000[0m
[0;32mI (92) boot: End of partition table[0m
[0;32mI (96) esp_image: segment 0: paddr=00010020 vaddr=3c020020 size=16060h ( 90208) map[0m
[0;32mI (120) esp_image: segment 1: paddr=00026088 vaddr=3fc93700 size=029b0h ( 10672) load[0m
[0;32mI (123) esp_image: segment 2: paddr=00028a40 vaddr=40374000 size=075d8h ( 30168) load[0m
[0;32mI (133) esp_image: segment 3: paddr=00030020 vaddr=42000020 size=1f93ch (129340) map[0m
[0;32mI (158) esp_image: segment 4: paddr=0004f964 vaddr=4037b5d8 size=08090h ( 32912) load[0m
[0;32mI (172) boot: Loaded app from partition at offset 0x10000[0m
[0;32mI (172) boot: Disabling RNG early entropy source...[0m
[0;32mI (183) cpu_start: Multicore app[0m
[0;32mI (193) cpu_start: Pro cpu start user code[0m
[0;32mI (193) cpu_start: cpu freq: 160000000 Hz[0m
[0;32mI (193) cpu_start: Application information:[0m
[0;32mI (196) cpu_start: Project name:     progetto_singolo[0m
[0;32mI (202) cpu_start: App version:      1[0m
[0;32mI (206) cpu_start: Compile time:     May 10 2024 21:57:30[0m
[0;32mI (213) cpu_start: ELF file SHA256:  42239247f...[0m
[0;32mI (218) cpu_start: ESP-IDF:          v5.2.1-dirty[0m
[0;32mI (223) cpu_start: Min chip rev:     v0.0[0m
[0;32mI (228) cpu_start: Max chip rev:     v0.99 [0m
[0;32mI (233) cpu_start: Chip rev:         v0.2[0m
[0;32mI (238) heap_init: Initializing. RAM available for dynamic allocation:[0m
[0;32mI (245) heap_init: At 3FC979D0 len 00051D40 (327 KiB): RAM[0m
[0;32mI (251) heap_init: At 3FCE9710 len 00005724 (21 KiB): RAM[0m
[0;32mI (257) heap_init: At 3FCF0000 len 00008000 (32 KiB): DRAM[0m
[0;32mI (263) heap_init: At 600FE010 len 00001FD8 (7 KiB): RTCRAM[0m
[0;32mI (270) spi_flash: detected chip: gd[0m
[0;32mI (274) spi_flash: flash io: dio[0m
[0;33mW (278) spi_flash: Detected size(8192k) larger than the size in the binary image header(2048k). Using the size in the binary image header.[0m
[0;32mI (291) sleep: Configure to isolate all GPIO pins in sleep state[0m
[0;32mI (298) sleep: Enable automatic switching of GPIO sleep configuration[0m
[0;32mI (305) main_task: Started on CPU0[0m
[0;32mI (315) main_task: Calling app_main()[0m
[0;32mI (315) gpio: GPIO[1]| InputEn: 0| OutputEn: 0| OpenDrain: 0| Pullup: 0| Pulldown: 0| Intr:0 [0m
[0;31mE (325) adc_cali: adc_cali_raw_to_voltage(40): invalid argument: null pointer[0m
ESP_ERROR_CHECK failed: esp_err_t 0x102 (ESP_ERR_INVALID_ARG) at 0x42008868
file: "./components/read_continuous/include/read_continuous.h" line 35
func: read_and_get_data
expression: adc_cali_raw_to_voltage(adc1_cali_chan0_handle, data, converted_result[ii])

abort() was called at PC 0x4037ab6f on core 0


Backtrace: 0x403759de:0x3fc9b110 0x4037ab79:0x3fc9b130 0x40381615:0x3fc9b150 0x4037ab6f:0x3fc9b1c0 0x42008868:0x3fc9b1f0 0x42008b8e:0x3fc9b630 0x42008bda:0x3fc9b670 0x4201eaaf:0x3fc9b6a0 0x4037b4e1:0x3fc9b6d0




ELF file SHA256: 42239247f

Rebooting...
ï¿½ï¿½ï¿½ESP-ROM:esp32s3-20210327
Build:Mar 27 2021
rst:0xc (RTC_SW_CPU_RST),boot:0x8 (SPI_FAST_FLASH_BOOT)
Saved PC:0x40375954
SPIWP:0xee
mode:DIO, clock div:1
load:0x3fce3810,len:0x178c
load:0x403c9700,len:0x4
load:0x403c9704,len:0xcbc
load:0x403cc700,len:0x2da0
entry 0x403c9914
[0;32mI (31) boot: ESP-IDF v5.2.1-dirty 2nd stage bootloader[0m
[0;32mI (31) boot: compile time May  6 2024 17:13:56[0m
[0;32mI (31) boot: Multicore bootloader[0m
[0;32mI (35) boot: chip revision: v0.2[0m
[0;32mI (39) boot.esp32s3: Boot SPI Speed : 80MHz[0m
[0;32mI (43) boot.esp32s3: SPI Mode       : DIO[0m
[0;32mI (48) boot.esp32s3: SPI Flash Size : 2MB[0m
[0;32mI (53) boot: Enabling RNG early entropy source...[0m
[0;32mI (58) boot: Partition Table:[0m
[0;32mI (62) boot: ## Label            Usage          Type ST Offset   Length[0m
[0;32mI (69) boot:  0 nvs              WiFi data        01 02 00009000 00006000[0m
[0;32mI (77) boot:  1 phy_init         RF data          01 01 0000f000 00001000[0m
[0;32mI (84) boot:  2 factory          factory app      00 00 00010000 00100000[0m
[0;32mI (92) boot: End of partition table[0m
[0;32mI (96) esp_image: segment 0: paddr=00010020 vaddr=3c020020 size=16060h ( 90208) map[0m
[0;32mI (120) esp_image: segment 1: paddr=00026088 vaddr=3fc93700 size=029b0h ( 10672) load[0m
[0;32mI (123) esp_image: segment 2: paddr=00028a40 vaddr=40374000 size=075d8h ( 30168) load[0m
[0;32mI (133) esp_image: segment 3: paddr=00030020 vaddr=42000020 size=1f93ch (129340) map[0m
[0;32mI (158) esp_image: segment 4: paddr=0004f964 vaddr=4037b5d8 size=08090h ( 32912) load[0m
[0;32mI (172) boot: Loaded app from partition at offset 0x10000[0m
[0;32mI (172) boot: Disabling RNG early entropy source...[0m
[0;32mI (183) cpu_start: Multicore app[0m
[0;32mI (193) cpu_start: Pro cpu start user code[0m
[0;32mI (193) cpu_start: cpu freq: 160000000 Hz[0m
[0;32mI (193) cpu_start: Application information:[0m
[0;32mI (196) cpu_start: Project name:     progetto_singolo[0m
[0;32mI (202) cpu_start: App version:      1[0m
[0;32mI (206) cpu_start: Compile time:     May 10 2024 21:57:30[0m
[0;32mI (213) cpu_start: ELF file SHA256:  42239247f...[0m
[0;32mI (218) cpu_start: ESP-IDF:          v5.2.1-dirty[0m
[0;32mI (223) cpu_start: Min chip rev:     v0.0[0m
[0;32mI (228) cpu_start: Max chip rev:     v0.99 [0m
[0;32mI (233) cpu_start: Chip rev:         v0.2[0m
[0;32mI (238) heap_init: Initializing. RAM available for dynamic allocation:[0m
[0;32mI (245) heap_init: At 3FC979D0 len 00051D40 (327 KiB): RAM[0m
[0;32mI (251) heap_init: At 3FCE9710 len 00005724 (21 KiB): RAM[0m
[0;32mI (257) heap_init: At 3FCF0000 len 00008000 (32 KiB): DRAM[0m
[0;32mI (263) heap_init: At 600FE010 len 00001FD8 (7 KiB): RTCRAM[0m
[0;32mI (270) spi_flash: detected chip: gd[0m
[0;32mI (274) spi_flash: flash io: dio[0m
[0;33mW (278) spi_flash: Detected size(8192k) larger than the size in the binary image header(2048k). Using the size in the binary image header.[0m
[0;32mI (291) sleep: Configure to isolate all GPIO pins in sleep state[0m
[0;32mI (298) sleep: Enable automatic switching of GPIO sleep configuration[0m
[0;32mI (305) main_task: Started on CPU0[0m
[0;32mI (315) main_task: Calling app_main()[0m
[0;32mI (315) gpio: GPIO[1]| InputEn: 0| OutputEn: 0| OpenDrain: 0| Pullup: 0| Pulldown: 0| Intr:0 [0m
[0;31mE (325) adc_cali: adc_cali_raw_to_voltage(40): invalid argument: null pointer[0m
ESP_ERROR_CHECK failed: esp_err_t 0x102 (ESP_ERR_INVALID_ARG) at 0x42008868
file: "./components/read_continuous/include/read_continuous.h" line 35
func: read_and_get_data
expression: adc_cali_raw_to_voltage(adc1_cali_chan0_handle, data, converted_result[ii])

abort() was called at PC 0x4037ab6f on core 0


Backtrace: 0x403759de:0x3fc9b110 0x4037ab79:0x3fc9b130 0x40381615:0x3fc9b150 0x4037ab6f:0x3fc9b1c0 0x42008868:0x3fc9b1f0 0x42008b8e:0x3fc9b630 0x42008bda:0x3fc9b670 0x4201eaaf:0x3fc9b6a0 0x4037b4e1:0x3fc9b6d0




ELF file SHA256: 42239247f

Rebooting...
ï¿½ï¿½ï¿½ESP-ROM:esp32s3-20210327
Build:Mar 27 2021
rst:0xc (RTC_SW_CPU_RST),boot:0x8 (SPI_FAST_FLASH_BOOT)
Saved PC:0x40375954
SPIWP:0xee
mode:DIO, clock div:1
load:0x3fce3810,len:0x178c
load:0x403c9700,len:0x4
load:0x403c9704,len:0xcbc
load:0x403cc700,len:0x2da0
entry 0x403c9914
[0;32mI (31) boot: ESP-IDF v5.2.1-dirty 2nd stage bootloader[0m
[0;32mI (31) boot: compile time May  6 2024 17:13:56[0m
[0;32mI (31) boot: Multicore bootloader[0m
[0;32mI (35) boot: chip revision: v0.2[0m
[0;32mI (39) boot.esp32s3: Boot SPI Speed : 80MHz[0m
[0;32mI (43) boot.esp32s3: SPI Mode       : DIO[0m
[0;32mI (48) boot.esp32s3: SPI Flash Size : 2MB[0m
[0;32mI (53) boot: Enabling RNG early entropy source...[0m
[0;32mI (58) boot: Partition Table:[0m
[0;32mI (62) boot: ## Label            Usage          Type ST Offset   Length[0m
[0;32mI (69) boot:  0 nvs              WiFi data        01 02 00009000 00006000[0m
[0;32mI (77) boot:  1 phy_init         RF data          01 01 0000f000 00001000[0m
[0;32mI (84) boot:  2 factory          factory app      00 00 00010000 00100000[0m
[0;32mI (92) boot: End of partition table[0m
[0;32mI (96) esp_image: segment 0: paddr=00010020 vaddr=3c020020 size=16060h ( 90208) map[0m
[0;32mI (120) esp_image: segment 1: paddr=00026088 vaddr=3fc93700 size=029b0h ( 10672) load[0m
[0;32mI (123) esp_image: segment 2: paddr=00028a40 vaddr=40374000 size=075d8h ( 30168) load[0m
[0;32mI (133) esp_image: segment 3: paddr=00030020 vaddr=42000020 size=1f93ch (129340) map[0m
[0;32mI (158) esp_image: segment 4: paddr=0004f964 vaddr=4037b5d8 size=08090h ( 32912) load[0m
[0;32mI (172) boot: Loaded app from partition at offset 0x10000[0m
[0;32mI (172) boot: Disabling RNG early entropy source...[0m
[0;32mI (183) cpu_start: Multicore app[0m
[0;32mI (193) cpu_start: Pro cpu start user code[0m
[0;32mI (193) cpu_start: cpu freq: 160000000 Hz[0m
[0;32mI (193) cpu_start: Application information:[0m
[0;32mI (196) cpu_start: Project name:     progetto_singolo[0m
[0;32mI (202) cpu_start: App version:      1[0m
[0;32mI (206) cpu_start: Compile time:     May 10 2024 21:57:30[0m
[0;32mI (213) cpu_start: ELF file SHA256:  42239247f...[0m
[0;32mI (218) cpu_start: ESP-IDF:          v5.2.1-dirty[0m
[0;32mI (223) cpu_start: Min chip rev:     v0.0[0m
[0;32mI (228) cpu_start: Max chip rev:     v0.99 [0m
[0;32mI (233) cpu_start: Chip rev:         v0.2[0m
[0;32mI (238) heap_init: Initializing. RAM available for dynamic allocation:[0m
[0;32mI (245) heap_init: At 3FC979D0 len 00051D40 (327 KiB): RAM[0m
[0;32mI (251) heap_init: At 3FCE9710 len 00005724 (21 KiB): RAM[0m
[0;32mI (257) heap_init: At 3FCF0000 len 00008000 (32 KiB): DRAM[0m
[0;32mI (263) heap_init: At 600FE010 len 00001FD8 (7 KiB): RTCRAM[0m
[0;32mI (270) spi_flash: detected chip: gd[0m
[0;32mI (274) spi_flash: flash io: dio[0m
[0;33mW (278) spi_flash: Detected size(8192k) larger than the size in the binary image header(2048k). Using the size in the binary image header.[0m
[0;32mI (291) sleep: Configure to isolate all GPIO pins in sleep state[0m
[0;32mI (298) sleep: Enable automatic switching of GPIO sleep configuration[0m
[0;32mI (305) main_task: Started on CPU0[0m
[0;32mI (315) main_task: Calling app_main()[0m
[0;32mI (315) gpio: GPIO[1]| InputEn: 0| OutputEn: 0| OpenDrain: 0| Pullup: 0| Pulldown: 0| Intr:0 [0m
[0;31mE (325) adc_cali: adc_cali_raw_to_voltage(40): invalid argument: null pointer[0m
ESP_ERROR_CHECK failed: esp_err_t 0x102 (ESP_ERR_INVALID_ARG) at 0x42008868
file: "./components/read_continuous/include/read_continuous.h" line 35
func: read_and_get_data
expression: adc_cali_raw_to_voltage(adc1_cali_chan0_handle, data, converted_result[ii])

abort() was called at PC 0x4037ab6f on core 0


Backtrace: 0x403759de:0x3fc9b110 0x4037ab79:0x3fc9b130 0x40381615:0x3fc9b150 0x4037ab6f:0x3fc9b1c0 0x42008868:0x3fc9b1f0 0x42008b8e:0x3fc9b630 0x42008bda:0x3fc9b670 0x4201eaaf:0x3fc9b6a0 0x4037b4e1:0x3fc9b6d0




ELF file SHA256: 42239247f

Rebooting...
ï¿½ï¿½ï¿½ESP-ROM:esp32s3-20210327
Build:Mar 27 2021
rst:0xc (RTC_SW_CPU_RST),boot:0x8 (SPI_FAST_FLASH_BOOT)
Saved PC:0x40375954
SPIWP:0xee
mode:DIO, clock div:1
load:0x3fce3810,len:0x178c
load:0x403c9700,len:0x4
load:0x403c9704,len:0xcbc
load:0x403cc700,len:0x2da0
entry 0x403c9914
[0;32mI (31) boot: ESP-IDF v5.2.1-dirty 2nd stage bootloader[0m
[0;32mI (31) boot: compile time May  6 2024 17:13:56[0m
[0;32mI (31) boot: Multicore bootloader[0m
[0;32mI (35) boot: chip revision: v0.2[0m
[0;32mI (39) boot.esp32s3: Boot SPI Speed : 80MHz[0m
[0;32mI (43) boot.esp32s3: SPI Mode       : DIO[0m
[0;32mI (48) boot.esp32s3: SPI Flash Size : 2MB[0m
[0;32mI (53) boot: Enabling RNG early entropy source...[0m
[0;32mI (58) boot: Partition Table:[0m
[0;32mI (62) boot: ## Label            Usage          Type ST Offset   Length[0m
[0;32mI (69) boot:  0 nvs              WiFi data        01 02 00009000 00006000[0m
[0;32mI (77) boot:  1 phy_init         RF data          01 01 0000f000 00001000[0m
[0;32mI (84) boot:  2 factory          factory app      00 00 00010000 00100000[0m
[0;32mI (92) boot: End of partition table[0m
[0;32mI (96) esp_image: segment 0: paddr=00010020 vaddr=3c020020 size=16060h ( 90208) map[0m
[0;32mI (120) esp_image: segment 1: paddr=00026088 vaddr=3fc93700 size=029b0h ( 10672) load[0m
[0;32mI (123) esp_image: segment 2: paddr=00028a40 vaddr=40374000 size=075d8h ( 30168) load[0m
[0;32mI (133) esp_image: segment 3: paddr=00030020 vaddr=42000020 size=1f93ch (129340) map[0m
[0;32mI (158) esp_image: segment 4: paddr=0004f964 vaddr=4037b5d8 size=08090h ( 32912) load[0m
[0;32mI (172) boot: Loaded app from partition at offset 0x10000[0m
[0;32mI (172) boot: Disabling RNG early entropy source...[0m
[0;32mI (183) cpu_start: Multicore app[0m
[0;32mI (193) cpu_start: Pro cpu start user code[0m
[0;32mI (193) cpu_start: cpu freq: 160000000 Hz[0m
[0;32mI (193) cpu_start: Application information:[0m
[0;32mI (196) cpu_start: Project name:     progetto_singolo[0m
[0;32mI (202) cpu_start: App version:      1[0m
[0;32mI (206) cpu_start: Compile time:     May 10 2024 21:57:30[0m
[0;32mI (213) cpu_start: ELF file SHA256:  42239247f...[0m
[0;32mI (218) cpu_start: ESP-IDF:          v5.2.1-dirty[0m
[0;32mI (223) cpu_start: Min chip rev:     v0.0[0m
[0;32mI (228) cpu_start: Max chip rev:     v0.99 [0m
[0;32mI (233) cpu_start: Chip rev:         v0.2[0m
[0;32mI (238) heap_init: Initializing. RAM available for dynamic allocation:[0m
[0;32mI (245) heap_init: At 3FC979D0 len 00051D40 (327 KiB): RAM[0m
[0;32mI (251) heap_init: At 3FCE9710 len 00005724 (21 KiB): RAM[0m
[0;32mI (257) heap_init: At 3FCF0000 len 00008000 (32 KiB): DRAM[0m
[0;32mI (263) heap_init: At 600FE010 len 00001FD8 (7 KiB): RTCRAM[0m
[0;32mI (270) spi_flash: detected chip: gd[0m
[0;32mI (274) spi_flash: flash io: dio[0m
[0;33mW (278) spi_flash: Detected size(8192k) larger than the size in the binary image header(2048k). Using the size in the binary image header.[0m
[0;32mI (291) sleep: Configure to isolate all GPIO pins in sleep state[0m
[0;32mI (298) sleep: Enable automatic switching of GPIO sleep configuration[0m
[0;32mI (305) main_task: Started on CPU0[0m
[0;32mI (315) main_task: Calling app_main()[0m
[0;32mI (315) gpio: GPIO[1]| InputEn: 0| OutputEn: 0| OpenDrain: 0| Pullup: 0| Pulldown: 0| Intr:0 [0m
[0;31mE (325) adc_cali: adc_cali_raw_to_voltage(40): invalid argument: null pointer[0m
ESP_ERROR_CHECK failed: esp_err_t 0x102 (ESP_ERR_INVALID_ARG) at 0x42008868
file: "./components/read_continuous/include/read_continuous.h" line 35
func: read_and_get_data
expression: adc_cali_raw_to_voltage(adc1_cali_chan0_handle, data, converted_result[ii])

abort() was called at PC 0x4037ab6f on core 0


Backtrace: 0x403759de:0x3fc9b110 0x4037ab79:0x3fc9b130 0x40381615:0x3fc9b150 0x4037ab6f:0x3fc9b1c0 0x42008868:0x3fc9b1f0 0x42008b8e:0x3fc9b630 0x42008bda:0x3fc9b670 0x4201eaaf:0x3fc9b6a0 0x4037b4e1:0x3fc9b6d0




ELF file SHA256: 42239247f

Rebooting...
ï¿½ï¿½ï¿½ESP-ROM:esp32s3-20210327
