ESP-ROM:esp32s3-20210327
Build:Mar 27 2021
rst:0x1 (POWERON),boot:0xb (SPI_FAST_FLASH_BOOT)
SPIWP:0xee
mode:DIO, clock div:1
load:0x3fce3810,len:0x178c
load:0x403c9700,len:0x4
load:0x403c9704,len:0xcbc
load:0x403cc700,len:0x2da0
entry 0x403c9914
[0;32mI (27) boot: ESP-IDF v5.2.1-dirty 2nd stage bootloader[0m
[0;32mI (27) boot: compile time May 15 2024 20:24:16[0m
[0;32mI (27) boot: Multicore bootloader[0m
[0;32mI (30) boot: chip revision: v0.2[0m
[0;32mI (34) boot.esp32s3: Boot SPI Speed : 80MHz[0m
[0;32mI (39) boot.esp32s3: SPI Mode       : DIO[0m
[0;32mI (44) boot.esp32s3: SPI Flash Size : 2MB[0m
[0;32mI (48) boot: Enabling RNG early entropy source...[0m
[0;32mI (54) boot: Partition Table:[0m
[0;32mI (57) boot: ## Label            Usage          Type ST Offset   Length[0m
[0;32mI (65) boot:  0 nvs              WiFi data        01 02 00009000 00006000[0m
[0;32mI (72) boot:  1 phy_init         RF data          01 01 0000f000 00001000[0m
[0;32mI (80) boot:  2 factory          factory app      00 00 00010000 00100000[0m
[0;32mI (87) boot: End of partition table[0m
[0;32mI (91) esp_image: segment 0: paddr=00010020 vaddr=3c0b0020 size=2ee44h (192068) map[0m
[0;32mI (134) esp_image: segment 1: paddr=0003ee6c vaddr=3fc99600 size=011ach (  4524) load[0m
[0;32mI (136) esp_image: segment 2: paddr=00040020 vaddr=42000020 size=a034ch (656204) map[0m
[0;32mI (258) esp_image: segment 3: paddr=000e0374 vaddr=3fc9a7ac size=03584h ( 13700) load[0m
[0;32mI (261) esp_image: segment 4: paddr=000e3900 vaddr=40374000 size=15524h ( 87332) load[0m
[0;32mI (282) esp_image: segment 5: paddr=000f8e2c vaddr=600fe010 size=00004h (     4) load[0m
[0;32mI (291) boot: Loaded app from partition at offset 0x10000[0m
[0;32mI (292) boot: Disabling RNG early entropy source...[0m
[0;32mI (303) cpu_start: Multicore app[0m
[0;32mI (313) cpu_start: Pro cpu start user code[0m
[0;32mI (313) cpu_start: cpu freq: 160000000 Hz[0m
[0;32mI (313) cpu_start: Application information:[0m
[0;32mI (316) cpu_start: Project name:     progetto_singolo[0m
[0;32mI (322) cpu_start: App version:      1[0m
[0;32mI (327) cpu_start: Compile time:     May 15 2024 20:24:07[0m
[0;32mI (333) cpu_start: ELF file SHA256:  3a3c87855...[0m
[0;32mI (338) cpu_start: ESP-IDF:          v5.2.1-dirty[0m
[0;32mI (343) cpu_start: Min chip rev:     v0.0[0m
[0;32mI (348) cpu_start: Max chip rev:     v0.99 [0m
[0;32mI (353) cpu_start: Chip rev:         v0.2[0m
[0;32mI (358) heap_init: Initializing. RAM available for dynamic allocation:[0m
[0;32mI (365) heap_init: At 3FCA5DE0 len 00043930 (270 KiB): RAM[0m
[0;32mI (371) heap_init: At 3FCE9710 len 00005724 (21 KiB): RAM[0m
[0;32mI (377) heap_init: At 3FCF0000 len 00008000 (32 KiB): DRAM[0m
[0;32mI (383) heap_init: At 600FE014 len 00001FD4 (7 KiB): RTCRAM[0m
[0;32mI (390) spi_flash: detected chip: gd[0m
[0;32mI (394) spi_flash: flash io: dio[0m
[0;33mW (398) spi_flash: Detected size(8192k) larger than the size in the binary image header(2048k). Using the size in the binary image header.[0m
[0;32mI (411) sleep: Configure to isolate all GPIO pins in sleep state[0m
[0;32mI (418) sleep: Enable automatic switching of GPIO sleep configuration[0m
[0;32mI (425) main_task: Started on CPU0[0m
[0;32mI (435) main_task: Calling app_main()[0m
 sampling frequence is: 83333 and bit width is: 12

[0;32mI (435) gpio: GPIO[1]| InputEn: 0| OutputEn: 0| OpenDrain: 0| Pullup: 0| Pulldown: 0| Intr:0 [0m
 err esp timeout
Signal x1 in log scale[0;32mI (565) view: Data min[247] = -78.335175, Data max[5] = 17.638687[0m
 ________________________________________________________________
0                                                                |
1                                                                |
2|                                                               |
3|                                                               |
4||                                                              |
5||                                                              |
6 ||||||||||||||||||||||||||||||||||||||||||||||||||||||||||||||||
7  | ||||||||||||| | ||  |||  |||| || ||||| |||| | ||||||||| | |||
8                    |         |      |              |           |
9                                                                |
 0123456789012345678901234567890123456789012345678901234567890123
[0;32mI (635) view: Plot: Length=512, min=-60.000000, max=40.000000[0m
Signal x1 in absolute scale[0;32mI (635) view: Data min[247] = 0.000000, Data max[5] = 58.058891[0m
 ________________________________________________________________
0|                                                               |
1|                                                               |
2|                                                               |
3|                                                               |
4|                                                               |
5|                                                               |
6|                                                               |
7|                                                               |
8|||||||||||||||||||||||||||||||||||||||||||||||||||||||||||||||||
9                                                                |
 0123456789012345678901234567890123456789012345678901234567890123
[0;32mI (715) view: Plot: Length=512, min=0.000000, max=2.000000[0m
the max frequency of the signal is: 406.899414
the sampling frequency to use is: 813.798828
the max sampling frequency due to memory limitations is 38502
the max sampling frequency due to read time limitations is 28571
the sampling frequence I will use is 813 Hz
number of bytes of largest free block 192512
I am trying to allocate 2032 samples of 16 bits
 il tempo veramente passato a samplare Ã¨: 2498692
the mean is 1677

assert failed: block_locate_free tlsf.c:566 (block_size(block) >= size)


Backtrace: 0x40375b26:0x3fca9e30 0x4037d089:0x3fca9e50 0x40385209:0x3fca9e70 0x40383360:0x3fca9f90 0x40382d25:0x3fca9fb0 0x403761c1:0x3fca9fd0 0x4037621c:0x3fca9ff0 0x4037e1c1:0x3fcaa010 0x40380991:0x3fcaa030 0x4206f619:0x3fcaa070 0x4205e9d4:0x3fcaa0b0 0x420168fb:0x3fcaa0d0 0x42009f96:0x3fcaa110 0x4200ab4e:0x3fcaa2d0 0x4209f31f:0x3fcaa320 0x4037db95:0x3fcaa350




ELF file SHA256: 3a3c87855

Rebooting...
ï¿½ï¿½ï¿½ESP-ROM:esp32s3-20210327
Build:Mar 27 2021
rst:0xc (RTC_SW_CPU_RST),boot:0xb (SPI_FAST_FLASH_BOOT)
Saved PC:0x40375a9c
SPIWP:0xee
mode:DIO, clock div:1
load:0x3fce3810,len:0x178c
load:0x403c9700,len:0x4
load:0x403c9704,len:0xcbc
load:0x403cc700,len:0x2da0
entry 0x403c9914
[0;32mI (31) boot: ESP-IDF v5.2.1-dirty 2nd stage bootloader[0m
[0;32mI (31) boot: compile time May 15 2024 20:24:16[0m
[0;32mI (31) boot: Multicore bootloader[0m
[0;32mI (35) boot: chip revision: v0.2[0m
[0;32mI (39) boot.esp32s3: Boot SPI Speed : 80MHz[0m
[0;32mI (43) boot.esp32s3: SPI Mode       : DIO[0m
[0;32mI (48) boot.esp32s3: SPI Flash Size : 2MB[0m
[0;32mI (53) boot: Enabling RNG early entropy source...[0m
[0;32mI (58) boot: Partition Table:[0m
[0;32mI (62) boot: ## Label            Usage          Type ST Offset   Length[0m
[0;32mI (69) boot:  0 nvs              WiFi data        01 02 00009000 00006000[0m
[0;32mI (77) boot:  1 phy_init         RF data          01 01 0000f000 00001000[0m
[0;32mI (84) boot:  2 factory          factory app      00 00 00010000 00100000[0m
[0;32mI (92) boot: End of partition table[0m
[0;32mI (96) esp_image: segment 0: paddr=00010020 vaddr=3c0b0020 size=2ee44h (192068) map[0m
[0;32mI (139) esp_image: segment 1: paddr=0003ee6c vaddr=3fc99600 size=011ach (  4524) load[0m
[0;32mI (140) esp_image: segment 2: paddr=00040020 vaddr=42000020 size=a034ch (656204) map[0m
[0;32mI (262) esp_image: segment 3: paddr=000e0374 vaddr=3fc9a7ac size=03584h ( 13700) load[0m
[0;32mI (265) esp_image: segment 4: paddr=000e3900 vaddr=40374000 size=15524h ( 87332) load[0m
[0;32mI (287) esp_image: segment 5: paddr=000f8e2c vaddr=600fe010 size=00004h (     4) load[0m
[0;32mI (296) boot: Loaded app from partition at offset 0x10000[0m
[0;32mI (296) boot: Disabling RNG early entropy source...[0m
[0;32mI (308) cpu_start: Multicore app[0m
[0;32mI (318) cpu_start: Pro cpu start user code[0m
[0;32mI (318) cpu_start: cpu freq: 160000000 Hz[0m
[0;32mI (318) cpu_start: Application information:[0m
[0;32mI (321) cpu_start: Project name:     progetto_singolo[0m
[0;32mI (326) cpu_start: App version:      1[0m
[0;32mI (331) cpu_start: Compile time:     May 15 2024 20:24:07[0m
[0;32mI (337) cpu_start: ELF file SHA256:  3a3c87855...[0m
[0;32mI (342) cpu_start: ESP-IDF:          v5.2.1-dirty[0m
[0;32mI (348) cpu_start: Min chip rev:     v0.0[0m
[0;32mI (352) cpu_start: Max chip rev:     v0.99 [0m
[0;32mI (357) cpu_start: Chip rev:         v0.2[0m
[0;32mI (362) heap_init: Initializing. RAM available for dynamic allocation:[0m
[0;32mI (369) heap_init: At 3FCA5DE0 len 00043930 (270 KiB): RAM[0m
[0;32mI (375) heap_init: At 3FCE9710 len 00005724 (21 KiB): RAM[0m
[0;32mI (381) heap_init: At 3FCF0000 len 00008000 (32 KiB): DRAM[0m
[0;32mI (388) heap_init: At 600FE014 len 00001FD4 (7 KiB): RTCRAM[0m
[0;32mI (395) spi_flash: detected chip: gd[0m
[0;32mI (398) spi_flash: flash io: dio[0m
[0;33mW (402) spi_flash: Detected size(8192k) larger than the size in the binary image header(2048k). Using the size in the binary image header.[0m
[0;32mI (416) sleep: Configure to isolate all GPIO pins in sleep state[0m
[0;32mI (422) sleep: Enable automatic switching of GPIO sleep configuration[0m
[0;32mI (430) main_task: Started on CPU0[0m
[0;32mI (440) main_task: Calling app_main()[0m
 sampling frequence is: 83333 and bit width is: 12

[0;32mI (440) gpio: GPIO[1]| InputEn: 0| OutputEn: 0| OpenDrain: 0| Pullup: 0| Pulldown: 0| Intr:0 [0m
 err esp timeout
Signal x1 in log scale[0;32mI (570) view: Data min[194] = -72.450325, Data max[5] = 17.634304[0m
 ________________________________________________________________
0                                                                |
1                                                                |
2|                                                               |
3|                                                               |
4||                                                              |
5||                                                              |
6 ||||| | ||||||||| |||| ||| |||||| ||||||  ||||||||| || |||||||||
7  ||| ||| ||||||||| | ||| ||  |  ||||| ||||| | ||| || |||| ||  ||
8      | | | |   |      || ||      |                    |        |
9                                                                |
 0123456789012345678901234567890123456789012345678901234567890123
[0;32mI (640) view: Plot: Length=512, min=-60.000000, max=40.000000[0m
Signal x1 in absolute scale[0;32mI (640) view: Data min[194] = 0.000000, Data max[5] = 58.000328[0m
 ________________________________________________________________
0|                                                               |
1|                                                               |
2|                                                               |
3|                                                               |
4|                                                               |
5|                                                               |
6|                                                               |
7|                                                               |
8|||||||||||||||||||||||||||||||||||||||||||||||||||||||||||||||||
9                                                                |
 0123456789012345678901234567890123456789012345678901234567890123
[0;32mI (720) view: Plot: Length=512, min=0.000000, max=2.000000[0m
the max frequency of the signal is: 406.899414
the sampling frequency to use is: 813.798828
the max sampling frequency due to memory limitations is 38502
the max sampling frequency due to read time limitations is 28571
the sampling frequence I will use is 813 Hz
number of bytes of largest free block 192512
I am trying to allocate 2032 samples of 16 bits
 il tempo veramente passato a samplare Ã¨: 2498699
