 image header.[0m
[0;32mI (399) sleep: Configure to isolate all GPIO pins in sleep state[0m
[0;32mI (406) sleep: Enable automatic switching of GPIO sleep configuration[0m
[0;32mI (413) main_task: Started on CPU0[0mï¿½ESP-ROM:esp32s3-20210327
Build:Mar 27 2021
rst:0x1 (POWERON),boot:0x9 (SPI_FAST_FLASH_BOOT)
SPIWP:0xee
mode:DIO, clock div:1
load:0x3fce3810,len:0x178c
load:0x403c9700,len:0x4
load:0x403c9704,len:0xcbc
load:0x403cc700,len:0x2da0
entry 0x403c9914
[0;32mI (27) boot: ESP-IDF v5.2.1-dirty 2nd stage bootloader[0m
[0;32mI (27) boot: compile time May  6 2024 17:13:56[0m
[0;32mI (27) boot: Multicore bootloader[0m
[0;32mI (30) boot: chip revision: v0.2[0m
[0;32mI (34) boot.esp32s3: Boot SPI Speed : 80MHz[0m
[0;32mI (39) boot.esp32s3: SPI Mode       : DIO[0m
[0;32mI (44) boot.esp32s3: SPI Flash Size : 2MB[0m
[0;32mI (48) boot: Enabling RNG early entropy source...[0m
[0;32mI (54) boot: Partition Table:[0m
[0;32mI (57) boot: ## Label            Usage          Type ST Offset   Length[0m
[0;32mI (65) boot:  0 nvs              WiFi data        01 02 00009000 00006000[0m
[0;32mI (72) boot:  1 phy_init         RF data          01 01 0000f000 00001000[0m
[0;32mI (80) boot:  2 factory          factory app      00 00 00010000 00100000[0m
[0;32mI (87) boot: End of partition table[0m
[0;32mI (91) esp_image: segment 0: paddr=00010020 vaddr=3c0a0020 size=281ach (164268) map[0m
[0;32mI (129) esp_image: segment 1: paddr=000381d4 vaddr=3fc97e00 size=04710h ( 18192) load[0m
[0;32mI (133) esp_image: segment 2: paddr=0003c8ec vaddr=40374000 size=0372ch ( 14124) load[0m
[0;32mI (138) esp_image: segment 3: paddr=00040020 vaddr=42000020 size=99ac0h (629440) map[0m
[0;32mI (256) esp_image: segment 4: paddr=000d9ae8 vaddr=4037772c size=1065ch ( 67164) load[0m
[0;32mI (280) boot: Loaded app from partition at offset 0x10000[0m
[0;32mI (280) boot: Disabling RNG early entropy source...[0m
[0;32mI (291) cpu_start: Multicore app[0m
[0;32mI (301) cpu_start: Pro cpu start user code[0m
[0;32mI (301) cpu_start: cpu freq: 160000000 Hz[0m
[0;32mI (301) cpu_start: Application information:[0m
[0;32mI (304) cpu_start: Project name:     progetto_singolo[0m
[0;32mI (310) cpu_start: App version:      1[0m
[0;32mI (315) cpu_start: Compile time:     May  7 2024 16:37:10[0m
[0;32mI (321) cpu_start: ELF file SHA256:  b257c2b2b...[0m
[0;32mI (326) cpu_start: ESP-IDF:          v5.2.1-dirty[0m
[0;32mI (331) cpu_start: Min chip rev:     v0.0[0m
[0;32mI (336) cpu_start: Max chip rev:     v0.99 [0m
[0;32mI (341) cpu_start: Chip rev:         v0.2[0m
[0;32mI (346) heap_init: Initializing. RAM available for dynamic allocation:[0m
[0;32mI (353) heap_init: At 3FCA0590 len 00049180 (292 KiB): RAM[0m
[0;32mI (359) heap_init: At 3FCE9710 len 00005724 (21 KiB): RAM[0m
[0;32mI (365) heap_init: At 3FCF0000 len 00008000 (32 KiB): DRAM[0m
[0;32mI (371) heap_init: At 600FE010 len 00001FD8 (7 KiB): RTCRAM[0m
[0;32mI (378) spi_flash: detected chip: gd[0m
[0;32mI (382) spi_flash: flash io: dio[0m
[0;33mW (386) spi_flash: Detected size(8192k) larger than the size in the binary image header(2048k). Using the size in the binary image header.[0m
[0;32mI (399) sleep: Configure to isolate all GPIO pins in sleep state[0m
[0;32mI (406) sleep: Enable automatic switching of GPIO sleep configuration[0m
[0;32mI (413) main_task: Started on CPU0[0m
[0;32mI (423) main_task: Calling app_main()[0m
[0;32mI (453) pp: pp rom version: e7ae62f[0m
[0;32mI (453) net80211: net80211 rom version: e7ae62f[0m
I (463) wifi:wifi driver task: 3fcaa838, prio:23, stack:6656, core=0
I (473) wifi:wifi firmware version: a9f5b59
I (473) wifi:wifi certification version: v7.0
I (473) wifi:config NVS flash: enabled
I (473) wifi:config nano formating: disabled
I (473) wifi:Init data frame dynamic rx buffer num: 32
I (483) wifi:Init static rx mgmt buffer num: 5
I (483) wifi:Init management short buffer num: 32
I (493) wifi:Init dynamic tx buffer num: 32
I (493) wifi:Init static tx FG buffer num: 2
I (503) wifi:Init static rx buffer size: 1600
I (503) wifi:Init static rx buffer num: 10
I (503) wifi:Init dynamic rx buffer num: 32
[0;32mI (513) wifi_init: rx ba win: 6[0m
[0;32mI (513) wifi_init: tcpip mbox: 32[0m
[0;32mI (513) wifi_init: udp mbox: 6[0m
[0;32mI (523) wifi_init: tcp mbox: 6[0m
[0;32mI (523) wifi_init: tcp tx win: 5760[0m
[0;32mI (533) wifi_init: tcp rx win: 5760[0m
[0;32mI (533) wifi_init: tcp mss: 1440[0m
[0;32mI (533) wifi_init: WiFi IRAM OP enabled[0m
[0;32mI (543) wifi_init: WiFi RX IRAM OP enabled[0m
[0;32mI (553) phy_init: phy_version 640,cd64a1a,Jan 24 2024,17:28:12[0m
I (593) wifi:mode : sta (48:27:e2:e2:e5:e4)
I (593) wifi:enable tsf
I (623) wifi:new:<6,0>, old:<1,0>, ap:<255,255>, sta:<6,0>, prof:1
I (623) wifi:state: init -> auth (b0)
I (623) wifi:state: auth -> assoc (0)
I (633) wifi:state: assoc -> run (10)
W (633) wifi:[ADDBA]rx delba, code:1, delete tid:0
I (643) wifi:connected with TIM-69567495, aid = 16, channel 6, BW20, bssid = ce:b1:01:33:36:34
I (643) wifi:security: WPA2-PSK, phy: bgn, rssi: -91
I (653) wifi:pm start, type: 1

I (653) wifi:dp: 1, bi: 102400, li: 3, scale listen interval from 307200 us to 307200 us
I (663) wifi:set rx beacon pti, rx_bcn_pti: 0, bcn_timeout: 25000, mt_pti: 0, mt_time: 10000
[0;32mI (673) WIFI: Connesso al punto di accesso[0m
I (723) wifi:AP's beacon interval = 102400 us, DTIM period = 1
I (2773) wifi:<ba-add>idx:0 (ifx:0, ce:b1:01:33:36:34), tid:0, ssn:0, winSize:64
[0;32mI (3593) mqtt_example: Other event id:7[0m
[0;32mI (3673) esp_netif_handlers: sta ip: 192.168.1.59, mask: 255.255.255.0, gw: 192.168.1.1[0m
[0;31mE (5923) esp-tls-mbedtls: No server verification option set in esp_tls_cfg_t structure. Check esp_tls API reference[0m
[0;31mE (5923) esp-tls-mbedtls: Failed to set client configurations, returned [0x8017] (ESP_ERR_MBEDTLS_SSL_SETUP_FAILED)[0m
[0;31mE (5933) esp-tls: create_ssl_handle failed[0m
[0;31mE (5933) esp-tls: Failed to open new connection[0m
[0;31mE (5943) transport_base: Failed to open a new connection[0m
[0;31mE (5953) mqtt_client: Error transport connect[0m
[0;32mI (5953) mqtt_example: MQTT_EVENT_ERROR[0m
[0;31mE (5953) mqtt_example: Last error reported from esp-tls: 0x8017[0m
[0;32mI (5963) mqtt_example: Last errno string (Success)[0m
[0;32mI (5973) mqtt_example: MQTT_EVENT_DISCONNECTED[0m
[0;32mI (20973) mqtt_example: Other event id:7[0m
[0;31mE (21023) esp-tls-mbedtls: No server verification option set in esp_tls_cfg_t structure. Check esp_tls API reference[0m
[0;31mE (21023) esp-tls-mbedtls: Failed to set client configurations, returned [0x8017] (ESP_ERR_MBEDTLS_SSL_SETUP_FAILED)[0m
[0;31mE (21033) esp-tls: create_ssl_handle failed[0m
[0;31mE (21043) esp-tls: Failed to open new connection[0m
[0;31mE (21043) transport_base: Failed to open a new connection[0m
[0;31mE (21053) mqtt_client: Error transport connect[0m
[0;32mI (21053) mqtt_example: MQTT_EVENT_ERROR[0m
[0;31mE (21063) mqtt_example: Last error reported from esp-tls: 0x8017[0m
[0;32mI (21063) mqtt_example: Last errno string (Success)[0m
[0;32mI (21073) mqtt_example: MQTT_EVENT_DISCONNECTED[0m
