ESP-ROM:esp32s3-20210327
Build:Mar 27 2021
rst:0x1 (POWERON),boot:0xa (SPI_FAST_FLASH_BOOT)
SPIWP:0xee
mode:DIO, clock div:1
load:0x3fce3810,len:0x178c
load:0x403c9700,len:0x4
load:0x403c9704,len:0xcbc
load:0x403cc700,len:0x2da0
entry 0x403c9914
[0;32mI (27) boot: ESP-IDF v5.2.1-dirty 2nd stage bootloader[0m
[0;32mI (27) boot: compile time May 15 2024 20:24:16[0m
[0;32mI (27) boot: Multicore bootloader[0m
[0;32mI (30) boot: chip revision: v0.2[0m
[0;32mI (34) boot.esp32s3: Boot SPI Speed : 80MHz[0m
[0;32mI (39) boot.esp32s3: SPI Mode       : DIO[0m
[0;32mI (44) boot.esp32s3: SPI Flash Size : 2MB[0m
[0;32mI (48) boot: Enabling RNG early entropy source...[0m
[0;32mI (54) boot: Partition Table:[0m
[0;32mI (57) boot: ## Label            Usage          Type ST Offset   Length[0m
[0;32mI (65) boot:  0 nvs              WiFi data        01 02 00009000 00006000[0m
[0;32mI (72) boot:  1 phy_init         RF data          01 01 0000f000 00001000[0m
[0;32mI (80) boot:  2 factory          factory app      00 00 00010000 00100000[0m
[0;32mI (87) boot: End of partition table[0m
[0;32mI (91) esp_image: segment 0: paddr=00010020 vaddr=3c0b0020 size=2ee54h (192084) map[0m
[0;32mI (134) esp_image: segment 1: paddr=0003ee7c vaddr=3fc99600 size=0119ch (  4508) load[0m
[0;32mI (136) esp_image: segment 2: paddr=00040020 vaddr=42000020 size=a0364h (656228) map[0m
[0;32mI (258) esp_image: segment 3: paddr=000e038c vaddr=3fc9a79c size=03594h ( 13716) load[0m
[0;32mI (261) esp_image: segment 4: paddr=000e3928 vaddr=40374000 size=15524h ( 87332) load[0m
[0;32mI (282) esp_image: segment 5: paddr=000f8e54 vaddr=600fe010 size=00004h (     4) load[0m
[0;32mI (292) boot: Loaded app from partition at offset 0x10000[0m
[0;32mI (292) boot: Disabling RNG early entropy source...[0m
[0;32mI (303) cpu_start: Multicore app[0m
[0;32mI (313) cpu_start: Pro cpu start user code[0m
[0;32mI (314) cpu_start: cpu freq: 160000000 Hz[0m
[0;32mI (314) cpu_start: Application information:[0m
[0;32mI (317) cpu_start: Project name:     progetto_singolo[0m
[0;32mI (322) cpu_start: App version:      1[0m
[0;32mI (327) cpu_start: Compile time:     May 15 2024 20:24:07[0m
[0;32mI (333) cpu_start: ELF file SHA256:  b6674eea8...[0m
[0;32mI (338) cpu_start: ESP-IDF:          v5.2.1-dirty[0m
[0;32mI (344) cpu_start: Min chip rev:     v0.0[0m
[0;32mI (348) cpu_start: Max chip rev:     v0.99 [0m
[0;32mI (353) cpu_start: Chip rev:         v0.2[0m
[0;32mI (358) heap_init: Initializing. RAM available for dynamic allocation:[0m
[0;32mI (365) heap_init: At 3FCA5DE0 len 00043930 (270 KiB): RAM[0m
[0;32mI (371) heap_init: At 3FCE9710 len 00005724 (21 KiB): RAM[0m
[0;32mI (377) heap_init: At 3FCF0000 len 00008000 (32 KiB): DRAM[0m
[0;32mI (383) heap_init: At 600FE014 len 00001FD4 (7 KiB): RTCRAM[0m
[0;32mI (391) spi_flash: detected chip: gd[0m
[0;32mI (394) spi_flash: flash io: dio[0m
[0;33mW (398) spi_flash: Detected size(8192k) larger than the size in the binary image header(2048k). Using the size in the binary image header.[0m
[0;32mI (412) sleep: Configure to isolate all GPIO pins in sleep state[0m
[0;32mI (418) sleep: Enable automatic switching of GPIO sleep configuration[0m
[0;32mI (425) main_task: Started on CPU0[0m
[0;32mI (435) main_task: Calling app_main()[0m
 sampling frequence is: 83333 and bit width is: 12

[0;32mI (435) gpio: GPIO[1]| InputEn: 0| OutputEn: 0| OpenDrain: 0| Pullup: 0| Pulldown: 0| Intr:0 [0m
 err esp timeout
Signal x1 in log scale[0;32mI (565) view: Data min[26] = -76.593918, Data max[5] = 17.651188[0m
 ________________________________________________________________
0                                                                |
1                                                                |
2|                                                               |
3|                                                               |
4||                                                              |
5||                                                              |
6 |||||||||| |   | |||||||||||||||||| |||| ||| || |||  |||||| || |
7 ||| ||||  ||||| | ||||||||||  |||||| || ||  ||||||||| ||| || |||
8   |       || || |        |         |        || |   |       |   |
9                                                                |
 0123456789012345678901234567890123456789012345678901234567890123
[0;32mI (635) view: Plot: Length=512, min=-60.000000, max=40.000000[0m
Signal x1 in absolute scale[0;32mI (635) view: Data min[26] = 0.000000, Data max[5] = 58.226250[0m
 ________________________________________________________________
0|                                                               |
1|                                                               |
2|                                                               |
3|                                                               |
4|                                                               |
5|                                                               |
6|                                                               |
7|                                                               |
8|||||||||||||||||||||||||||||||||||||||||||||||||||||||||||||||||
9                                                                |
 0123456789012345678901234567890123456789012345678901234567890123
[0;32mI (715) view: Plot: Length=512, min=0.000000, max=2.000000[0m
the max frequency of the signal is: 406.899414
the sampling frequency to use is: 813.798828
the max sampling frequency due to memory limitations is 37683
the max sampling frequency due to read time limitations is 28571
the sampling frequence I will use is 813 Hz
number of bytes of largest free block 188416
I am trying to allocate 2032 samples of 16 bits
[0;32mI (2235) pp: pp rom version: e7ae62f[0m
[0;32mI (2235) net80211: net80211 rom version: e7ae62f[0m
I (2265) wifi:wifi driver task: 3fcb2128, prio:23, stack:6656, core=0
I (2285) wifi:wifi firmware version: a9f5b59
I (2285) wifi:wifi certification version: v7.0
I (2285) wifi:config NVS flash: enabled
I (2285) wifi:config nano formating: disabled
I (2285) wifi:Init data frame dynamic rx buffer num: 32
I (2295) wifi:Init static rx mgmt buffer num: 5
I (2295) wifi:Init management short buffer num: 32
I (2295) wifi:Init dynamic tx buffer num: 32
I (2305) wifi:Init static tx FG buffer num: 2
I (2305) wifi:Init static rx buffer size: 1600
I (2315) wifi:Init static rx buffer num: 10
I (2315) wifi:Init dynamic rx buffer num: 32
[0;32mI (2355) wifi_init: rx ba win: 6[0m
[0;32mI (2355) wifi_init: tcpip mbox: 32[0m
[0;32mI (2355) wifi_init: udp mbox: 6[0m
[0;32mI (2355) wifi_init: tcp mbox: 6[0m
[0;32mI (2355) wifi_init: tcp tx win: 5760[0m
[0;32mI (2365) wifi_init: tcp rx win: 5760[0m
[0;32mI (2375) wifi_init: tcp mss: 1440[0m
[0;32mI (2375) wifi_init: WiFi IRAM OP enabled[0m
[0;32mI (2375) wifi_init: WiFi RX IRAM OP enabled[0m
[0;32mI (2415) phy_init: phy_version 640,cd64a1a,Jan 24 2024,17:28:12[0m
I (2455) wifi:mode : sta (48:27:e2:e2:e5:e4)
I (2455) wifi:enable tsf
[0;31mE (2455) FreeRTOS: FreeRTOS Task "WiFi Task" should not return, Aborting now![0m

abort() was called at PC 0x4037dbb3 on core 1


Backtrace: 0x40375b26:0x3fcac3e0 0x4037d089:0x3fcac400 0x403850cd:0x3fcac420 0x4037dbb3:0x3fcac490




ELF file SHA256: b6674eea8

Rebooting...
ï¿½ï¿½ï¿½ESP-ROM:esp32s3-20210327
Build:Mar 27 2021
rst:0xc (RTC_SW_CPU_RST),boot:0xa (SPI_FAST_FLASH_BOOT)
Saved PC:0x42080d4f
SPIWP:0xee
mode:DIO, clock div:1
load:0x3fce3810,len:0x178c
load:0x403c9700,len:0x4
load:0x403c9704,len:0xcbc
load:0x403cc700,len:0x2da0
entry 0x403c9914
[0;32mI (31) boot: ESP-IDF v5.2.1-dirty 2nd stage bootloader[0m
[0;32mI (31) boot: compile time May 15 2024 20:24:16[0m
[0;32mI (31) boot: Multicore bootloader[0m
[0;32mI (35) boot: chip revision: v0.2[0m
[0;32mI (39) boot.esp32s3: Boot SPI Speed : 80MHz[0m
[0;32mI (43) boot.esp32s3: SPI Mode       : DIO[0m
[0;32mI (48) boot.esp32s3: SPI Flash Size : 2MB[0m
[0;32mI (53) boot: Enabling RNG early entropy source...[0m
[0;32mI (58) boot: Partition Table:[0m
[0;32mI (62) boot: ## Label            Usage          Type ST Offset   Length[0m
[0;32mI (69) boot:  0 nvs              WiFi data        01 02 00009000 00006000[0m
[0;32mI (77) boot:  1 phy_init         RF data          01 01 0000f000 00001000[0m
[0;32mI (84) boot:  2 factory          factory app      00 00 00010000 00100000[0m
[0;32mI (92) boot: End of partition table[0m
[0;32mI (96) esp_image: segment 0: paddr=00010020 vaddr=3c0b0020 size=2ee54h (192084) map[0m
[0;32mI (139) esp_image: segment 1: paddr=0003ee7c vaddr=3fc99600 size=0119ch (  4508) load[0m
[0;32mI (140) esp_image: segment 2: paddr=00040020 vaddr=42000020 size=a0364h (656228) map[0m
[0;32mI (263) esp_image: segment 3: paddr=000e038c vaddr=3fc9a79c size=03594h ( 13716) load[0m
[0;32mI (266) esp_image: segment 4: paddr=000e3928 vaddr=40374000 size=15524h ( 87332) load[0m
[0;32mI (288) esp_image: segment 5: paddr=000f8e54 vaddr=600fe010 size=00004h (     4) load[0m
[0;32mI (297) boot: Loaded app from partition at offset 0x10000[0m
[0;32mI (297) boot: Disabling RNG early entropy source...[0m
[0;32mI (308) cpu_start: Multicore app[0m
[0;32mI (319) cpu_start: Pro cpu start user code[0m
[0;32mI (319) cpu_start: cpu freq: 160000000 Hz[0m
[0;32mI (319) cpu_start: Application information:[0m
[0;32mI (322) cpu_start: Project name:     progetto_singolo[0m
[0;32mI (327) cpu_start: App version:      1[0m
[0;32mI (332) cpu_start: Compile time:     May 15 2024 20:24:07[0m
[0;32mI (338) cpu_start: ELF file SHA256:  b6674eea8...[0m
[0;32mI (343) cpu_start: ESP-IDF:          v5.2.1-dirty[0m
[0;32mI (349) cpu_start: Min chip rev:     v0.0[0m
[0;32mI (353) cpu_start: Max chip rev:     v0.99 [0m
[0;32mI (358) cpu_start: Chip rev:         v0.2[0m
[0;32mI (363) heap_init: Initializing. RAM available for dynamic allocation:[0m
[0;32mI (370) heap_init: At 3FCA5DE0 len 00043930 (270 KiB): RAM[0m
[0;32mI (376) heap_init: At 3FCE9710 len 00005724 (21 KiB): RAM[0m
[0;32mI (382) heap_init: At 3FCF0000 len 00008000 (32 KiB): DRAM[0m
[0;32mI (389) heap_init: At 600FE014 len 00001FD4 (7 KiB): RTCRAM[0m
[0;32mI (396) spi_flash: detected chip: gd[0m
[0;32mI (399) spi_flash: flash io: dio[0m
[0;33mW (403) spi_flash: Detected size(8192k) larger than the size in the binary image header(2048k). Using the size in the binary image header.[0m
[0;32mI (417) sleep: Configure to isolate all GPIO pins in sleep state[0m
[0;32mI (423) sleep: Enable automatic switching of GPIO sleep configuration[0m
[0;32mI (430) main_task: Started on CPU0[0m
[0;32mI (440) main_task: Calling app_main()[0m
 sampling frequence is: 83333 and bit width is: 12

[0;32mI (440) gpio: GPIO[1]| InputEn: 0| OutputEn: 0| OpenDrain: 0| Pullup: 0| Pulldown: 0| Intr:0 [0m
 err esp timeout
Signal x1 in log scale[0;32mI (570) view: Data min[309] = -75.440979, Data max[5] = 17.665894[0m
 ________________________________________________________________
0                                                                |
1                                                                |
2|                                                               |
3|                                                               |
4|                                                               |
5||                                                              |
6 |||||| | ||||  |   ||  |  ||||| |  ||||| |||||| |||  |||| || |||
7 || || |||| | || |||||||||||||||||||||| |||||| |||||||| |||| ||||
8       | |  | |  |||  ||  |   |   ||  |  | | |  |   |     |  || |
9                                                                |
 0123456789012345678901234567890123456789012345678901234567890123
[0;32mI (640) view: Plot: Length=512, min=-60.000000, max=40.000000[0m
Signal x1 in absolute scale[0;32mI (640) view: Data min[309] = 0.000000, Data max[5] = 58.423752[0m
 ________________________________________________________________
0|                                                               |
1|                                                               |
2|                                                               |
3|                                                               |
4|                                                               |
5|                                                               |
6|                                                               |
7|                                                               |
8|||||||||||||||||||||||||||||||||||||||||||||||||||||||||||||||||
9                                                                |
 0123456789012345678901234567890123456789012345678901234567890123
[0;32mI (720) view: Plot: Length=512, min=0.000000, max=2.000000[0m
the max frequency of the signal is: 406.899414
the sampling frequency to use is: 813.798828
the max sampling frequency due to memory limitations is 37683
the max sampling frequency due to read time limitations is 28571
the sampling frequence I will use is 813 Hz
number of bytes of largest free block 188416
I am trying to allocate 2032 samples of 16 bits
[0;32mI (2240) pp: pp rom version: e7ae62f[0m
[0;32mI (2240) net80211: net80211 rom version: e7ae62f[0m
I (2270) wifi:wifi driver task: 3fcb2128, prio:23, stack:6656, core=0
I (2290) wifi:wifi firmware version: a9f5b59
I (2290) wifi:wifi certification version: v7.0
I (2290) wifi:config NVS flash: enabled
I (2290) wifi:config nano formating: disabled
I (2290) wifi:Init data frame dynamic rx buffer num: 32
I (2300) wifi:Init static rx mgmt buffer num: 5
I (2300) wifi:Init management short buffer num: 32
I (2300) wifi:Init dynamic tx buffer num: 32
I (2310) wifi:Init static tx FG buffer num: 2
I (2310) wifi:Init static rx buffer size: 1600
I (2320) wifi:Init static rx buffer num: 10
I (2320) wifi:Init dynamic rx buffer num: 32
[0;32mI (2360) wifi_init: rx ba win: 6[0m
[0;32mI (2360) wifi_init: tcpip mbox: 32[0m
[0;32mI (2360) wifi_init: udp mbox: 6[0m
[0;32mI (2360) wifi_init: tcp mbox: 6[0m
[0;32mI (2360) wifi_init: tcp tx win: 5760[0m
[0;32mI (2370) wifi_init: tcp rx win: 5760[0m
[0;32mI (2380) wifi_init: tcp mss: 1440[0m
[0;32mI (2380) wifi_init: WiFi IRAM OP enabled[0m
[0;32mI (2380) wifi_init: WiFi RX IRAM OP enabled[0m
[0;32mI (2420) phy_init: phy_version 640,cd64a1a,Jan 24 2024,17:28:12[0m
I (2460) wifi:mode : sta (48:27:e2:e2:e5:e4)
I (2460) wifi:enable tsf
I (2470) wifi:new:<9,0>, old:<1,0>, ap:<255,255>, sta:<9,0>, prof:1
I (2470) wifi:state: init -> auth (b0)
I (2470) wifi:state: auth -> assoc (0)
I (2480) wifi:state: assoc -> run (10)
[0;31mE (2470) FreeRTOS: FreeRTOS Task "WiFi Task" should not return, Aborting now![0m

abort() was called at PC 0x4037dbb3 on core 1


Backtrace: 0x40375b26:0x3fcac3e0 0x4037d089:0x3fcac400 0x403850cd:0x3fcac420 0x4037dbb3:0x3fcac490




ELF file SHA256: b6674eea8

Rebooting...
ESP-ROM:esp32s3-20210327
Build:Mar 27 2021
rst:0xc (RTC_SW_CPU_RST),boot:0xa (SPI_FAST_FLASH_BOOT)
Saved PC:0x4208d866
SPIWP:0xee
mode:DIO, clock div:1
load:0x3fce3810,len:0x178c
load:0x403c9700,len:0x4
load:0x403c9704,len:0xcbc
load:0x403cc700,len:0x2da0
entry 0x403c9914
[0;32mI (31) boot: ESP-IDF v5.2.1-dirty 2nd stage bootloader[0m
[0;32mI (31) boot: compile time May 15 2024 20:24:16[0m
[0;32mI (31) boot: Multicore bootloader[0m
[0;32mI (35) boot: chip revision: v0.2[0m
[0;32mI (39) boot.esp32s3: Boot SPI Speed : 80MHz[0m
[0;32mI (43) boot.esp32s3: SPI Mode       : DIO[0m
[0;32mI (48) boot.esp32s3: SPI Flash Size : 2MB[0m
[0;32mI (53) boot: Enabling RNG early entropy source...[0m
[0;32mI (58) boot: Partition Table:[0m
[0;32mI (62) boot: ## Label            Usage          Type ST Offset   Length[0m
[0;32mI (69) boot:  0 nvs              WiFi data        01 02 00009000 00006000[0m
[0;32mI (77) boot:  1 phy_init         RF data          01 01 0000f000 00001000[0m
[0;32mI (84) boot:  2 factory          factory app      00 00 00010000 00100000[0m
[0;32mI (92) boot: End of partition table[0m
[0;32mI (96) esp_image: segment 0: paddr=00010020 vaddr=3c0b0020 size=2ee54h (192084) map[0m
[0;32mI (139) esp_image: segment 1: paddr=0003ee7c vaddr=3fc99600 size=0119ch (  4508) load[0m
[0;32mI (140) esp_image: segment 2: paddr=00040020 vaddr=42000020 size=a0364h (656228) map[0m
[0;32mI (263) esp_image: segment 3: paddr=000e038c vaddr=3fc9a79c size=03594h ( 13716) load[0m
[0;32mI (266) esp_image: segment 4: paddr=000e3928 vaddr=40374000 size=15524h ( 87332) load[0m
[0;32mI (288) esp_image: segment 5: paddr=000f8e54 vaddr=600fe010 size=00004h (     4) load[0m
[0;32mI (297) boot: Loaded app from partition at offset 0x10000[0m
[0;32mI (297) boot: Disabling RNG early entropy source...[0m
[0;32mI (308) cpu_start: Multicore app[0m
[0;32mI (319) cpu_start: Pro cpu start user code[0m
[0;32mI (319) cpu_start: cpu freq: 160000000 Hz[0m
[0;32mI (319) cpu_start: Application information:[0m
[0;32mI (322) cpu_start: Project name:     progetto_singolo[0m
[0;32mI (327) cpu_start: App version:      1[0m
[0;32mI (332) cpu_start: Compile time:     May 15 2024 20:24:07[0m
[0;32mI (338) cpu_start: ELF file SHA256:  b6674eea8...[0m
[0;32mI (343) cpu_start: ESP-IDF:          v5.2.1-dirty[0m
[0;32mI (349) cpu_start: Min chip rev:     v0.0[0m
[0;32mI (353) cpu_start: Max chip rev:     v0.99 [0m
[0;32mI (358) cpu_start: Chip rev:         v0.2[0m
[0;32mI (363) heap_init: Initializing. RAM available for dynamic allocation:[0m
[0;32mI (370) heap_init: At 3FCA5DE0 len 00043930 (270 KiB): RAM[0m
[0;32mI (376) heap_init: At 3FCE9710 len 00005724 (21 KiB): RAM[0m
[0;32mI (382) heap_init: At 3FCF0000 len 00008000 (32 KiB): DRAM[0m
[0;32mI (389) heap_init: At 600FE014 len 00001FD4 (7 KiB): RTCRAM[0m
[0;32mI (396) spi_flash: detected chip: gd[0m
[0;32mI (399) spi_flash: flash io: dio[0m
[0;33mW (403) spi_flash: Detected size(8192k) larger than the size in the binary image header(2048k). Using the size in the binary image header.[0m
[0;32mI (417) sleep: Configure to isolate all GPIO pins in sleep state[0m
[0;32mI (423) sleep: Enable automatic switching of GPIO sleep configuration[0m
[0;32mI (430) main_task: Started on CPU0[0m
[0;32mI (440) main_task: Calling app_main()[0m
 sampling frequence is: 83333 and bit width is: 12

[0;32mI (440) gpio: GPIO[1]| InputEn: 0| OutputEn: 0| OpenDrain: 0| Pullup: 0| Pulldown: 0| Intr:0 [0m
 err esp timeout
Signal x1 in log scale[0;32mI (570) view: Data min[260] = -67.889366, Data max[5] = 17.664701[0m
 ________________________________________________________________
0                                                                |
1                                                                |
2|                                                               |
3|                                                               |
4|                                                               |
5||                                                              |
6 |||||||   |||| | || |||   |||| ||    |||  |||| ||  | ||||| |||||
7  | ||||||||||||||| ||| |||||| ||||||||| |||||||| |||||||||||||||
8  |    |||       |  |    ||    || ||||   |  |  |  ||   |   | |  |
9                                                                |
 0123456789012345678901234567890123456789012345678901234567890123
[0;32mI (640) view: Plot: Length=512, min=-60.000000, max=40.000000[0m
Signal x1 in absolute scale[0;32mI (640) view: Data min[260] = 0.000000, Data max[5] = 58.407715[0m
 ________________________________________________________________
0|                                                               |
1|                                                               |
2|                                                               |
3|                                                               |
4|                                                               |
5|                                                               |
6|                                                               |
7|                                                               |
8|||||||||||||||||||||||||||||||||||||||||||||||||||||||||||||||||
9                                                                |
 0123456789012345678901234567890123456789012345678901234567890123
[0;32mI (720) view: Plot: Length=512, min=0.000000, max=2.000000[0m
the max frequency of the signal is: 406.899414
the sampling frequency to use is: 813.798828
the max sampling frequency due to memory limitations is 37683
the max sampling frequency due to read time limitations is 28571
the sampling frequence I will use is 813 Hz
number of bytes of largest free block 188416
I am trying to allocate 2032 samples of 16 bits
[0;32mI (2240) pp: pp rom version: e7ae62f[0m
[0;32mI (2240) net80211: net80211 rom version: e7ae62f[0m
I (2270) wifi:wifi driver task: 3fcb22e8, prio:23, stack:6656, core=0
I (2290) wifi:wifi firmware version: a9f5b59
I (2290) wifi:wifi certification version: v7.0
I (2290) wifi:config NVS flash: enabled
I (2290) wifi:config nano formating: disabled
I (2290) wifi:Init data frame dynamic rx buffer num: 32
I (2300) wifi:Init static rx mgmt buffer num: 5
I (2300) wifi:Init management short buffer num: 32
I (2300) wifi:Init dynamic tx buffer num: 32
I (2310) wifi:Init static tx FG buffer num: 2
I (2310) wifi:Init static rx buffer size: 1600
I (2320) wifi:Init static rx buffer num: 10
I (2320) wifi:Init dynamic rx buffer num: 32
[0;32mI (2360) wifi_init: rx ba win: 6[0m
[0;32mI (2360) wifi_init: tcpip mbox: 32[0m
[0;32mI (2360) wifi_init: udp mbox: 6[0m
[0;32mI (2360) wifi_init: tcp mbox: 6[0m
[0;32mI (2360) wifi_init: tcp tx win: 5760[0m
[0;32mI (2370) wifi_init: tcp rx win: 5760[0m
[0;32mI (2380) wifi_init: tcp mss: 1440[0m
[0;32mI (2380) wifi_init: WiFi IRAM OP enabled[0m
[0;32mI (2380) wifi_init: WiFi RX IRAM OP enabled[0m
[0;32mI (2420) phy_init: phy_version 640,cd64a1a,Jan 24 2024,17:28:12[0m
I (2460) wifi:mode : sta (48:27:e2:e2:e5:e4)
I (2460) wifi:enable tsf
I (2470) wifi:new:<9,0>, old:<1,0>, ap:<255,255>, sta:<9,0>, prof:1
I (2470) wifi:[0;31mE (2470) FreeRTOS: FreeRTOS Task "WiFi Task" should not return, Aborting now![0m

abort() was called at PC 0x4037dbb3 on core 1


Backtrace: 0x40375b26:0x3fcac3e0 0x4037d089:0x3fcac400 0x403850cd:0x3fcac420 0x4037dbb3:0x3fcac490




ELF file SHA256: b6674eea8

Rebooting...
ESP-ROM:esp32s3-20210327
Build:Mar 27 2021
rst:0xc (RTC_SW_CPU_RST),boot:0xa (SPI_FAST_FLASH_BOOT)
Saved PC:0x4208d0c6
SPIWP:0xee
mode:DIO, clock div:1
load:0x3fce3810,len:0x178c
load:0x403c9700,len:0x4
load:0x403c9704,len:0xcbc
load:0x403cc700,len:0x2da0
entry 0x403c9914
[0;32mI (31) boot: ESP-IDF v5.2.1-dirty 2nd stage bootloader[0m
[0;32mI (31) boot: compile time May 15 2024 20:24:16[0m
[0;32mI (31) boot: Multicore bootloader[0m
[0;32mI (35) boot: chip revision: v0.2[0m
[0;32mI (39) boot.esp32s3: Boot SPI Speed : 80MHz[0m
[0;32mI (43) boot.esp32s3: SPI Mode       : DIO[0m
[0;32mI (48) boot.esp32s3: SPI Flash Size : 2MB[0m
[0;32mI (53) boot: Enabling RNG early entropy source...[0m
[0;32mI (58) boot: Partition Table:[0m
[0;32mI (62) boot: ## Label            Usage          Type ST Offset   Length[0m
[0;32mI (69) boot:  0 nvs              WiFi data        01 02 00009000 00006000[0m
[0;32mI (77) boot:  1 phy_init         RF data          01 01 0000f000 00001000[0m
[0;32mI (84) boot:  2 factory          factory app      00 00 00010000 00100000[0m
[0;32mI (92) boot: End of partition table[0m
[0;32mI (96) esp_image: segment 0: paddr=00010020 vaddr=3c0b0020 size=2ee54h (192084) map[0m
[0;32mI (139) esp_image: segment 1: paddr=0003ee7c vaddr=3fc99600 size=0119ch (  4508) load[0m
[0;32mI (140) esp_image: segment 2: paddr=00040020 vaddr=42000020 size=a0364h (656228) map[0m
[0;32mI (263) esp_image: segment 3: paddr=000e038c vaddr=3fc9a79c size=03594h ( 13716) load[0m
[0;32mI (266) esp_image: segment 4: paddr=000e3928 vaddr=40374000 size=15524h ( 87332) load[0m
[0;32mI (288) esp_image: segment 5: paddr=000f8e54 vaddr=600fe010 size=00004h (     4) load[0m
[0;32mI (297) boot: Loaded app from partition at offset 0x10000[0m
[0;32mI (297) boot: Disabling RNG early entropy source...[0m
[0;32mI (308) cpu_start: Multicore app[0m
[0;32mI (319) cpu_start: Pro cpu start user code[0m
[0;32mI (319) cpu_start: cpu freq: 160000000 Hz[0m
[0;32mI (319) cpu_start: Application information:[0m
[0;32mI (322) cpu_start: Project name:     progetto_singolo[0m
[0;32mI (327) cpu_start: App version:      1[0m
[0;32mI (332) cpu_start: Compile time:     May 15 2024 20:24:07[0m
[0;32mI (338) cpu_start: ELF file SHA256:  b6674eea8...[0m
[0;32mI (343) cpu_start: ESP-IDF:          v5.2.1-dirty[0m
[0;32mI (349) cpu_start: Min chip rev:     v0.0[0m
[0;32mI (353) cpu_start: Max chip rev:     v0.99 [0m
[0;32mI (358) cpu_start: Chip rev:         v0.2[0m
[0;32mI (363) heap_init: Initializing. RAM available for dynamic allocation:[0m
[0;32mI (370) heap_init: At 3FCA5DE0 len 00043930 (270 KiB): RAM[0m
[0;32mI (376) heap_init: At 3FCE9710 len 00005724 (21 KiB): RAM[0m
[0;32mI (382) heap_init: At 3FCF0000 len 00008000 (32 KiB): DRAM[0m
[0;32mI (389) heap_init: At 600FE014 len 00001FD4 (7 KiB): RTCRAM[0m
[0;32mI (396) spi_flash: detected chip: gd[0m
[0;32mI (399) spi_flash: flash io: dio[0m
[0;33mW (403) spi_flash: Detected size(8192k) larger than the size in the binary image header(2048k). Using the size in the binary image header.[0m
[0;32mI (417) sleep: Configure to isolate all GPIO pins in sleep state[0m
[0;32mI (423) sleep: Enable automatic switching of GPIO sleep configuration[0m
[0;32mI (430) main_task: Started on CPU0[0m
[0;32mI (440) main_task: Calling app_main()[0m
 sampling frequence is: 83333 and bit width is: 12

[0;32mI (440) gpio: GPIO[1]| InputEn: 0| OutputEn: 0| OpenDrain: 0| Pullup: 0| Pulldown: 0| Intr:0 [0m
 err esp timeout
Signal x1 in log scale[0;32mI (570) view: Data min[224] = -69.936440, Data max[5] = 17.640409[0m
 ________________________________________________________________
0                                                                |
1                                                                |
2|                                                               |
3|                                                               |
4||                                                              |
5||                                                              |
6 ||||| ||||| ||| |||||| ||||| || |||||||||  || |||||  ||| | ||| |
7  |||||||   | |||  | | | |||||||||      ||||  | |  ||| | | | ||||
8                       |    ||            |   |     ||   |    |||
9                                                                |
 0123456789012345678901234567890123456789012345678901234567890123
[0;32mI (640) view: Plot: Length=512, min=-60.000000, max=40.000000[0m
Signal x1 in absolute scale[0;32mI (640) view: Data min[224] = 0.000000, Data max[5] = 58.081913[0m
 ________________________________________________________________
0|                                                               |
1|                                                               |
2|                                                               |
3|                                                               |
