ESP-ROM:esp32s3-20210327
Build:Mar 27 2021
rst:0x1 (POWERON),boot:0xa (SPI_FAST_FLASH_BOOT)
SPIWP:0xee
mode:DIO, clock div:1
load:0x3fce3810,len:0x178c
load:0x403c9700,len:0x4
load:0x403c9704,len:0xcbc
load:0x403cc700,len:0x2da0
entry 0x403c9914
[0;32mI (27) boot: ESP-IDF v5.2.1-dirty 2nd stage bootloader[0m
[0;32mI (27) boot: compile time May  6 2024 17:13:56[0m
[0;32mI (27) boot: Multicore bootloader[0m
[0;32mI (30) boot: chip revision: v0.2[0m
[0;32mI (34) boot.esp32s3: Boot SPI Speed : 80MHz[0m
[0;32mI (39) boot.esp32s3: SPI Mode       : DIO[0m
[0;32mI (44) boot.esp32s3: SPI Flash Size : 2MB[0m
[0;32mI (48) boot: Enabling RNG early entropy source...[0m
[0;32mI (54) boot: Partition Table:[0m
[0;32mI (57) boot: ## Label            Usage          Type ST Offset   Length[0m
[0;32mI (65) boot:  0 nvs              WiFi data        01 02 00009000 00006000[0m
[0;32mI (72) boot:  1 phy_init         RF data          01 01 0000f000 00001000[0m
[0;32mI (80) boot:  2 factory          factory app      00 00 00010000 00100000[0m
[0;32mI (87) boot: End of partition table[0m
[0;32mI (91) esp_image: segment 0: paddr=00010020 vaddr=3c020020 size=16090h ( 90256) map[0m
[0;32mI (116) esp_image: segment 1: paddr=000260b8 vaddr=3fc93700 s2z0 vaddr=42000020 size=1f954h (129364) map[0m
[0;32mI (153) esp_image: segment 4: paddr=0004f97c vaddr=4037b5a8 size=080c0h ( 32960) load[0m
[0;32mI (167) boot: Loaded app from partition at offset 0x10000[0m
[0;32mI (167) boot: Disabling RNG early entropy source...[0m
[0;32mI (179) cpu_start: Multicore app[0m
[0;32mI (189) cpu_start: Pro cpu start user code[0m
[0;32mI (189) cpu_start: cpu freq: 160000000 Hz[0m
[0;32mI (189) cpu_start: Application information:[0m
[0;32mI (192) cpu_start: Project name:     progetto_singolo[0m
[0;32mI (198) cpu_start: App version:      1[0m
[0;32mI (202) cpu_start: Compile time:     May 10 2024 21:57:30[0m
[0;32mI (208) cpu_start: ELF file SHA256:  827ffb0d7...[0m
[0;32mI (214) cpu_start: ESP-IDF:          v5.2.1-dirty[0m
[0;32mI (219) cpu_start: Min chip rev:     v0.0[0m
[0;32mI (224) cpu_start: Max chip rev:     v0.99 [0m
[0;32mI (229) cpu_start: Chip rev:         v0.2[0m
[0;32mI (233) heap_init: Initializing. RAM available for dynamic allocation:[0m
[0;32mI (241) heap_init: At 3FC979D0 len 00051D40 (327 KiB): RAM[0m
[0;32mI (247) heap_init: At 3FCE9710 len 00005724 (21 KiB): RAM[0m
[0;32mI (253) heap_init: At 3FCF0000 len 00008000 (32 KiB): DRAM[0m
[0;32mI (259) heap_init: At 600FE010 len 00001FD8 (7 KiB): RTCRAM[0m
[0;32mI (266) spi_flash: detected chip: gd[0m
[0;32mI (269) spi_flash: flash io: dio[0m
[0;33mW (273) spi_flash: Detected size(8192k) larger than the size in the binary image header(2048k). Using the size in the binary image header.[0m
[0;32mI (287) sleep: Configure to isolate all GPIO pins in sleep state[0m
[0;32mI (293) sleep: Enable automatic switching of GPIO sleep configuration[0m
[0;32mI (301) main_task: Started on CPU0[0m
[0;32mI (311) main_task: Calling app_main()[0m
[0;32mI (311) gpio: GPIO[1]| InputEn: 0| OutputEn: 0| OpenDrain: 0| Pullup: 0| Pulldown: 0| Intr:0 [0m
0 
1892 
1902 
1863 
1869 
1815 
1844 
1754 
1829 
1779 
1749 
1753 
1747 
1715 
1703 
1691 
1677 
1653 
1655 
1669 
1643 
1635 
1620 
1608 
1560 
1579 
1551 
1543 
1528 
1443 
1500 
1508 
1485 
1465 
1452 
1456 
1447 
1432 
1439 
1427 
1391 
1395 
1374 
1403 
1353 
1327 
1322 
1335 
1339 
1311 
1302 
1301 
1254 
1273 
1255 
1264 
1243 
1255 
1229 
1208 
1207 
1202 
1179 
1164 
1176 
1161 
1179 
1183 
1120 
1117 
1111 
1135 
1326 
1124 
1116 
1097 
1099 
1088 
1065 
1063 
1063 
1062 
1050 
1031 
1001 
1031 
998 
1017 
1011 
1033 
1001 
983 
975 
981 
973 
986 
975 
968 
970 
951 
964 
937 
948 
943 
958 
949 
934 
935 
920 
934 
915 
938 
917 
914 
909 
910 
921 
918 
892 
903 
867 
886 
909 
883 
888 
907 
875 
867 
889 
925 
867 
926 
876 
935 
908 
909 
893 
929 
903 
936 
915 
939 
902 
907 
904 
923 
923 
915 
895 
895 
909 
933 
925 
895 
925 
955 
915 
948 
985 
943 
933 
955 
941 
917 
979 
954 
950 
971 
1005 
968 
1010 
982 
1007 
987 
1012 
1033 
999 
1041 
1032 
1051 
1041 
1033 
1051 
1064 
1095 
1075 
1066 
1103 
1081 
1094 
1112 
1085 
1115 
1109 
1151 
1171 
1158 
1167 
1145 
1187 
1191 
1174 
1192 
1195 
1225 
1243 
1257 
1243 
1239 
1277 
1259 
1275 
1271 
1299 
1335 
1315 
1331 
1339 
1357 
1423 
1385 
1374 
1402 
1407 
1419 
1423 
1427 
1465 
1455 
1493 
1502 
1481 
1513 
1546 
1548 
1500 
1525 
1555 
1587 
1591 
1624 
1597 
1607 
1642 
1656 
1673 
1659 
1691 
1703 
1720 
1719 
1751 
1726 
1785 
1759 
1787 
valore presoa  caso: 1245[0.000000, 0.000000, 0.000000, 0.000000, 0.000000, 0.000000, 0.000000, 0.000000, 0.000000, 0.000000, 0.000000, 0.000000, 0.000000, 0.000000, 0.000000, 0.000000, 0.000000, 0.000000, 0.000000, 0.000000, 0.000000, 0.000000, 0.000000, 0.000000, 0.000000, 0.000000, 0.000000, 0.000000, 0.000000, 0.000000, 0.000000, 0.000000, 0.000000, 0.000000, 0.000000, 0.000000, 0.000000, 0.000000, 0.000000, 0.000000, 0.000000, 0.000000, 0.000000, 0.000000, 0.000000, 0.000000, 0.000000, 0.000000, 0.000000, 0.000000, 0.000000, 0.000000, 0.000000, 0.000000, 0.000000, 0.000000, 0.000000, 0.000000, 0.000000, 0.000000, 0.000000, 0.000000, 0.000000, 0.000000, 0.000000, 0.000000, 0.000000, 0.000000, 0.000000, 0.000000, 0.000000, 0.000000, 0.000000, 0.000000, 0.000000, 0.000000, 0.000000, 0.000000, 0.000000, 0.000000, 0.000000, 0.000000, 0.000000, 0.000000, 0.000000, 0.000000, 0.000000, 0.000000, 0.000000, 0.000000, 0.000000, 0.000000, 0.000000, 0.000000, 0.000000, 0.000000, 0.000000, 0.000000, 0.000000, 0.000000, 0.000000, 0.000000, 0.000000, 0.000000, 0.000000, 0.000000, 0.000000, 0.000000, 0.000000, 0.000000, 0.000000, 0.000000, 0.000000, 0.000000, 0.000000, 0.000000, 0.000000, 0.000000, 0.000000, 0.000000, 0.000000, 0.000000, 0.000000, 0.000000, 0.000000, 0.000000, 0.000000, 0.000000, 0.000000, 0.000000, 0.000000, 0.000000, 0.000000, 0.000000, 0.000000, 0.000000, 0.000000, 0.000000, 0.000000, 0.000000, 0.000000, 0.000000, 0.000000, 0.000000, 0.000000, 0.000000, 0.000000, 0.000000, 0.000000, 0.000000, 0.000000, 0.000000, 0.000000, 0.000000, 0.000000, 0.000000, 0.000000, 0.000000, 0.000000, 0.000000, 0.000000, 0.000000, 0.000000, 0.000000, 0.000000, 0.000000, 0.000000, 0.000000, 0.000000, 0.000000, 0.000000, 0.000000, 0.000000, 0.000000, 0.000000, 0.000000, 0.000000, 0.000000, 0.000000, 0.000000, 0.000000, 0.000000, 0.000000, 0.000000, 0.000000, 0.000000, 0.000000, 0.000000, 0.000000, 0.000000, 0.000000, 0.000000, 0.000000, 0.000000, 0.000000, 0.000000, 0.000000, 0.000000, 0.000000, 0.000000, 0.000000, 0.000000, 0.000000, 0.000000, 0.000000, 0.000000, 0.000000, 0.000000, 0.000000, 0.000000, 0.000000, 0.000000, 0.000000, 0.000000, 0.000000, 0.000000, 0.000000, 0.000000, 0.000000, 0.000000, 0.000000, 0.000000, 0.000000, 0.000000, 0.000000, 0.000000, 0.000000, 0.000000, 0.000000, 0.000000, 0.000000, 0.000000, 0.000000, 0.000000, 0.000000, 0.000000, 0.000000, 0.000000, 0.000000, 0.000000, 0.000000, 0.000000, 0.000000, 0.000000, 0.000000, 0.000000, 0.000000, 0.000000, 0.000000, 0.000000, 0.000000, 0.000000, 0.000000, 0.000000, 0.000000, 0.000000, ]


[0;32mI (691) main: Start Example.[0m
la max frequency Ã¨: 20833.250000
[0;32mI (701) gpio: GPIO[1]| InputEn: 0| OutputEn: 0| OpenDrain: 0| Pullup: 0| Pulldown: 0| Intr:0 [0m
3676 
3685 
3639 
3654 
3573 
3565 
3531 
3603 
3621 
3518 
3597 
3573 
3545 
3500 
3477 
3487 
3423 
3430 
3411 
3437 
3355 
3353 
3356 
3325 
3337 
3273 
3309 
3225 
3237 
3221 
3172 
3157 
3113 
3131 
3085 
3097 
3055 
2999 
3019 
2959 
2965 
2965 
2921 
2861 
2859 
2823 
2799 
2791 
2763 
2767 
2649 
2685 
2665 
2629 
2622 
2617 
2571 
2556 
2515 
2474 
2467 
2425 
2445 
2359 
2347 
2323 
2311 
2325 
2284 
2211 
2255 
2190 
2135 
2131 
2120 
2075 
2071 
1997 
1990 
1972 
1911 
1908 
1887 
1870 
1817 
1797 
1767 
1762 
1758 
1725 
1677 
1689 
1641 
1624 
1588 
1549 
1543 
1493 
1483 
1438 
1419 
1437 
1431 
1374 
1339 
1331 
1307 
1295 
1305 
1257 
1243 
1139 
1209 
1195 
1187 
1167 
1138 
1192 
1093 
1083 
1087 
1071 
1053 
1045 
1039 
1031 
1013 
1002 
983 
981 
959 
965 
953 
965 
943 
907 
949 
926 
895 
911 
927 
919 
967 
955 
903 
889 
895 
924 
947 
885 
915 
911 
911 
917 
917 
906 
904 
922 
906 
970 
934 
907 
949 
936 
965 
987 
964 
989 
985 
1019 
1001 
1036 
1063 
1069 
1082 
1071 
1115 
1104 
1116 
1161 
1148 
1171 
1160 
1215 
1212 
1200 
1270 
1263 
1274 
1299 
1353 
1367 
1413 
1397 
1381 
1421 
1459 
1463 
1477 
1519 
1549 
1613 
1608 
1626 
1674 
1659 
1699 
1725 
1765 
1766 
1800 
1821 
1849 
1881 
1895 
1951 
1948 
2027 
2063 
2039 
2099 
2087 
2101 
2138 
2148 
2187 
2230 
2230 
2277 
2287 
2339 
2375 
2375 
2421 
2421 
2436 
2496 
2523 
2507 
2557 
2568 
2653 
2651 
2675 
2700 
2709 
2731 
2735 
2791 
2811 
2828 
2853 
2919 
2957 
2936 
3005 
valore presoa  caso: 2554[0;32mI (871) main_task: Returned from app_main()[0m
