ESP-ROM:esp32s3-20210327
Build:Mar 27 2021
rst:0x1 (POWERON),boot:0x9 (SPI_FAST_FLASH_BOOT)
SPIWP:0xee
mode:DIO, clock div:1
load:0x3fce3810,len:0x178c
load:0x403c9700,len:0x4
load:0x403c9704,len:0xcbc
load:0x403cc700,len:0x2da0
entry 0x403c9914
[0;32mI (27) boot: ESP-IDF v5.2.1-dirty 2nd stage bootloader[0m
[0;32mI (27) boot: compile time May 15 2024 20:24:16[0m
[0;32mI (27) boot: Multicore bootloader[0m
[0;32mI (30) boot: chip revision: v0.2[0m
[0;32mI (34) boot.esp32s3: Boot SPI Speed : 80MHz[0m
[0;32mI (39) boot.esp32s3: SPI Mode       : DIO[0m
[0;32mI (44) boot.esp32s3: SPI Flash Size : 2MB[0m
[0;32mI (48) boot: Enabling RNG early entropy source...[0m
[0;32mI (54) boot: Partition Table:[0m
[0;32mI (57) boot: ## Label            Usage          Type ST Offset   Length[0m
[0;32mI (65) boot:  0 nvs              WiFi data        01 02 00009000 00006000[0m
[0;32mI (72) boot:  1 phy_init         RF data          01 01 0000f000 00001000[0m
[0;32mI (80) boot:  2 factory          factory app      00 00 00010000 00100000[0m
[0;32mI (87) boot: End of partition table[0m
[0;32mI (91) esp_image: segment 0: paddr=00010020 vaddr=3c0b0020 size=2ee94h (192148) map[0m
[0;32mI (134) esp_image: segment 1: paddr=0003eebc vaddr=3fc99600 size=0115ch (  4444) load[0m
[0;32mI (136) esp_image: segment 2: paddr=00040020 vaddr=42000020 size=9ffe8h (655336) map[0m
[0;32mI (258) esp_image: segment 3: paddr=000e0010 vaddr=3fc9a75c size=035d4h ( 13780) load[0m
[0;32mI (261) esp_image: segment 4: paddr=000e35ec vaddr=40374000 size=15524h ( 87332) load[0m
[0;32mI (282) esp_image: segment 5: paddr=000f8b18 vaddr=600fe010 size=00004h (     4) load[0m
[0;32mI (291) boot: Loaded app from partition at offset 0x10000[0m
[0;32mI (292) boot: Disabling RNG early entropy source...[0m
[0;32mI (303) cpu_start: Multicore app[0m
[0;32mI (313) cpu_start: Pro cpu start user code[0m
[0;32mI (313) cpu_start: cpu freq: 160000000 Hz[0m
[0;32mI (313) cpu_start: Application information:[0m
[0;32mI (316) cpu_start: Project name:     progetto_singolo[0m
[0;32mI (322) cpu_start: App version:      2cfb58f-dirty[0m
[0;32mI (328) cpu_start: Compile time:     May 19 2024 00:49:27[0m
[0;32mI (334) cpu_start: ELF file SHA256:  f25777d3e...[0m
[0;32mI (339) cpu_start: ESP-IDF:          v5.2.1-dirty[0m
[0;32mI (344) cpu_start: Min chip rev:     v0.0[0m
[0;32mI (349) cpu_start: Max chip rev:     v0.99 [0m
[0;32mI (354) cpu_start: Chip rev:         v0.2[0m
[0;32mI (359) heap_init: Initializing. RAM available for dynamic allocation:[0m
[0;32mI (366) heap_init: At 3FCA5DE8 len 00043928 (270 KiB): RAM[0m
[0;32mI (372) heap_init: At 3FCE9710 len 00005724 (21 KiB): RAM[0m
[0;32mI (378) heap_init: At 3FCF0000 len 00008000 (32 KiB): DRAM[0m
[0;32mI (384) heap_init: At 600FE014 len 00001FD4 (7 KiB): RTCRAM[0m
[0;32mI (392) spi_flash: detected chip: gd[0m
[0;32mI (395) spi_flash: flash io: dio[0m
[0;33mW (399) spi_flash: Detected size(8192k) larger than the size in the binary image header(2048k). Using the size in the binary image header.[0m
[0;32mI (413) sleep: Configure to isolate all GPIO pins in sleep state[0m
[0;32mI (419) sleep: Enable automatic switching of GPIO sleep configuration[0m
[0;32mI (426) main_task: Started on CPU0[0m
[0;32mI (436) main_task: Calling app_main()[0m
[0;32mI (456) pp: pp rom version: e7ae62f[0m
[0;32mI (456) net80211: net80211 rom version: e7ae62f[0m
I (476) wifi:wifi driver task: 3fcb08f0, prio:23, stack:6656, core=0
I (486) wifi:wifi firmware version: a9f5b59
I (486) wifi:wifi certification version: v7.0
I (486) wifi:config NVS flash: enabled
I (486) wifi:config nano formating: disabled
I (486) wifi:Init data frame dynamic rx buffer num: 32
I (496) wifi:Init static rx mgmt buffer num: 5
I (496) wifi:Init management short buffer num: 32
I (506) wifi:Init dynamic tx buffer num: 32
I (506) wifi:Init static tx FG buffer num: 2
I (516) wifi:Init static rx buffer size: 1600
I (516) wifi:Init static rx buffer num: 10
I (516) wifi:Init dynamic rx buffer num: 32
[0;32mI (526) wifi_init: rx ba win: 6[0m
[0;32mI (526) wifi_init: tcpip mbox: 32[0m
[0;32mI (536) wifi_init: udp mbox: 6[0m
[0;32mI (536) wifi_init: tcp mbox: 6[0m
[0;32mI (536) wifi_init: tcp tx win: 5760[0m
[0;32mI (546) wifi_init: tcp rx win: 5760[0m
[0;32mI (546) wifi_init: tcp mss: 1440[0m
[0;32mI (556) wifi_init: WiFi IRAM OP enabled[0m
[0;32mI (556) wifi_init: WiFi RX IRAM OP enabled[0m
[0;32mI (566) phy_init: phy_version 640,cd64a1a,Jan 24 2024,17:28:12[0m
I (606) wifi:mode : sta (48:27:e2:e2:e5:e4)
I (606) wifi:enable tsf
[0;32mI (606) gpio: GPIO[1]| InputEn: 0| OutputEn: 0| OpenDrain: 0| Pullup: 0| Pulldown: 0| Intr:0 [0m
 err esp timeout
Signal x1 in absolute scale[0;32mI (736) view: Data min[261] = 0.003712, Data max[1] = 243.018417[0m
 ________________________________________________________________
0||                                                              |
1||                                                              |
2||                                                              |
3||                                                              |
4||                                                              |
5|||                                                             |
6||||                                                            |
7|||||||||                                                       |
8        |||||||||||||||||||||||||||||||||||||||||||||||||||||||||
9                                                                |
 0123456789012345678901234567890123456789012345678901234567890123
[0;32mI (806) view: Plot: Length=512, min=0.000000, max=2.000000[0m
the max frequency of the signal is: 81.379883
the sampling frequency result of fft*2: 164
the max sampling frequency due to adc limitations is 83333
the free size of the largest block in heap is 143360 (bytes)
the max sampling frequency due to memory limitations is 20480
the max sampling frequency due to read time limitations is 26315
the bottleneck frequency is 20480
I am sampling at frequency 164 for calculating the mean
the number of samples I am trying to allocate is 574
[0;32mI (3016) WIFI: Disconnesso dal punto di accesso[0m
 il tempo veramente passato a samplare Ã¨: 3506427
the mean is 811
[0;32mI (5426) WIFI: Disconnesso dal punto di accesso[0m
[0;32mI (7836) WIFI: Disconnesso dal punto di accesso[0m
[0;32mI (10246) WIFI: Disconnesso dal punto di accesso[0m
[0;32mI (12656) WIFI: Disconnesso dal punto di accesso[0m
I (12786) wifi:new:<1,0>, old:<1,0>, ap:<255,255>, sta:<1,0>, prof:1
I (12786) wifi:state: init -> auth (b0)
I (12796) wifi:state: auth -> assoc (0)
I (12796) wifi:state: assoc -> run (10)

assert failed: block_locate_free tlsf.c:566 (block_size(block) >= size)


Backtrace: 0x40375b26:0x3fcb0400 0x4037d089:0x3fcb0420 0x40385209:0x3fcb0440 0x40383360:0x3fcb0560 0x40382d25:0x3fcb0580 0x403761c1:0x3fcb05a0 0x4037621c:0x3fcb05c0 0x40376251:0x3fcb05e0 0x40385219:0x3fcb0600 0x40378ec5:0x3fcb0620 0x4209a469:0x3fcb0640 0x40386571:0x3fcb0670 0x40387108:0x3fcb06a0 0x40387591:0x3fcb06e0 0x40041502:0x3fcb0720 0x40385bdd:0x3fcb0750 0x4037db95:0x3fcb0780




ELF file SHA256: f25777d3e

Rebooting...
ï¿½ï¿½ï¿½ESP-ROM:esp32s3-20210327
Build:Mar 27 2021
rst:0xc (RTC_SW_CPU_RST),boot:0x9 (SPI_FAST_FLASH_BOOT)
Saved PC:0x40375a9c
SPIWP:0xee
mode:DIO, clock div:1
load:0x3fce3810,len:0x178c
load:0x403c9700,len:0x4
load:0x403c9704,len:0xcbc
load:0x403cc700,len:0x2da0
entry 0x403c9914
[0;32mI (31) boot: ESP-IDF v5.2.1-dirty 2nd stage bootloader[0m
[0;32mI (31) boot: compile time May 15 2024 20:24:16[0m
[0;32mI (31) boot: Multicore bootloader[0m
[0;32mI (35) boot: chip revision: v0.2[0m
[0;32mI (39) boot.esp32s3: Boot SPI Speed : 80MHz[0m
[0;32mI (43) boot.esp32s3: SPI Mode       : DIO[0m
[0;32mI (48) boot.esp32s3: SPI Flash Size : 2MB[0m
[0;32mI (53) boot: Enabling RNG early entropy source...[0m
[0;32mI (58) boot: Partition Table:[0m
[0;32mI (62) boot: ## Label            Usage          Type ST Offset   Length[0m
[0;32mI (69) boot:  0 nvs            0 9000 00006000[0m
[0;32mI (77) boot:  1 phy_init         RF data          01 01 0000f000 00001000[0m
[0;32mI (84) boot:  2 factory          factory app      00 00 00010000 00100000[0m
[0;32mI (92) boot: End of partition table[0m
[0;32mI (96) esp_image: segment 0: paddr=00010020 vaddr=3c0b0020 size=2ee94h (192148) map[0m
[0;32mI (139) esp_image: segment 1: paddr=0003eebc vaddr=3fc99600 size=0115ch (  4444) load[0m
[0;32mI (140) esp_image: segment 2: paddr=00040020 vaddr=42000020 size=9ffe8h (655336) map[0m
[0;32mI (262) esp_image: segment 3: paddr=000e0010 vaddr=3fc9a75c size=035d4h ( 13780) load[0m
[0;32mI (265) esp_image: segment 4: paddr=000e35ec vaddr=40374000 size=15524h ( 87332) load[0m
[0;32mI (287) esp_image: segment 5: paddr=000f8b18 vaddr=600fe010 size=00004h (     4) load[0m
[0;32mI (296) boot: Loaded app from partition at offset 0x10000[0m
[0;32mI (296) boot: Disabling RNG early entropy source...[0m
[0;32mI (308) cpu_start: Multicore app[0m
[0;32mI (318) cpu_start: Pro cpu start user code[0m
[0;32mI (318) cpu_start: cpu freq: 160000000 Hz[0m
[0;32mI (318) cpu_start: Application information:[0m
[0;32mI (321) cpu_start: Project name:     progetto_singolo[0m
[0;32mI (327) cpu_start: App version:      2cfb58f-dirty[0m
[0;32mI (332) cpu_start: Compile time:     May 19 2024 00:49:27[0m
[0;32mI (338) cpu_start: ELF file SHA256:  f25777d3e...[0m
[0;32mI (343) cpu_start: ESP-IDF:          v5.2.1-dirty[0m
[0;32mI (349) cpu_start: Min chip rev:     v0.0[0m
[0;32mI (354) cpu_start: Max chip rev:     v0.99 [0m
[0;32mI (358) cpu_start: Chip rev:         v0.2[0m
[0;32mI (363) heap_init: Initializing. RAM available for dynamic allocation:[0m
[0;32mI (370) heap_init: At 3FCA5DE8 len 00043928 (270 KiB): RAM[0m
[0;32mI (376) heap_init: At 3FCE9710 len 00005724 (21 KiB): RAM[0m
[0;32mI (383) heap_init: At 3FCF0000 len 00008000 (32 KiB): DRAM[0m
[0;32mI (389) heap_init: At 600FE014 len 00001FD4 (7 KiB): RTCRAM[0m
[0;32mI (396) spi_flash: detected chip: gd[0m
[0;32mI (399) spi_flash: flash io: dio[0m
[0;33mW (403) spi_flash: Detected size(8192k) larger than the size in the binary image header(2048k). Using the size in the binary image header.[0m
[0;32mI (417) sleep: Configure to isolate all GPIO pins in sleep state[0m
[0;32mI (423) sleep: Enable automatic switching of GPIO sleep configuration[0m
[0;32mI (431) main_task: Started on CPU0[0m
[0;32mI (441) main_task: Calling app_main()[0m
[0;32mI (461) pp: pp rom version: e7ae62f[0m
[0;32mI (461) net80211: net80211 rom version: e7ae62f[0m
I (481) wifi:wifi driver task: 3fcb08f0, prio:23, stack:6656, core=0
I (491) wifi:wifi firmware version: a9f5b59
I (491) wifi:wifi certification version: v7.0
I (491) wifi:config NVS flash: enabled
I (491) wifi:config nano formating: disabled
I (491) wifi:Init data frame dynamic rx buffer num: 32
I (501) wifi:Init static rx mgmt buffer num: 5
I (501) wifi:Init management short buffer num: 32
I (511) wifi:Init dynamic tx buffer num: 32
I (511) wifi:Init static tx FG buffer num: 2
I (521) wifi:Init static rx buffer size: 1600
I (521) wifi:Init static rx buffer num: 10
I (521) wifi:Init dynamic rx buffer num: 32
[0;32mI (531) wifi_init: rx ba win: 6[0m
[0;32mI (531) wifi_init: tcpip mbox: 32[0m
[0;32mI (541) wifi_init: udp mbox: 6[0m
[0;32mI (541) wifi_init: tcp mbox: 6[0m
[0;32mI (541) wifi_init: tcp tx win: 5760[0m
[0;32mI (551) wifi_init: tcp rx win: 5760[0m
[0;32mI (551) wifi_init: tcp mss: 1440[0m
[0;32mI (561) wifi_init: WiFi IRAM OP enabled[0m
[0;32mI (561) wifi_init: WiFi RX IRAM OP enabled[0m
[0;32mI (571) phy_init: phy_version 640,cd64a1a,Jan 24 2024,17:28:12[0m
I (611) wifi:mode : sta (48:27:e2:e2:e5:e4)
I (611) wifi:enable tsf
[0;32mI (611) gpio: GPIO[1]| InputEn: 0| OutputEn: 0| OpenDrain: 0| Pullup: 0| Pulldown: 0| Intr:0 [0m
 err esp timeout
Signal x1 in absolute scale[0;32mI (731) view: Data min[258] = 0.002489, Data max[1] = 243.197769[0m
 ________________________________________________________________
I (741) wifi:new:<1,0>, old:<1,0>, ap:<255,255>, sta:<1,0>, prof:1
I (741) wifi:state: init -> auth (b0)
0||                                                              |
I (751) wifi:state: auth -> init (1c0)
I (761) wifi:new:<1,0>, old:<1,0>, ap:<255,255>, sta:<1,0>, prof:1
1||          [0;32mI (761) WIFI: Disconnesso dal punto di accesso[0m
                                                    |
2||                                                              |
3||                                                              |
4||                                                              |
5|||                                                             |
6||||                                                            |
7||||||||                                                        |
8| |||||||||||||||||||||||||||||||||||||||||||||||||||||||||||||||
9                                                                |
 0123456789012345678901234567890123456789012345678901234567890123
[0;32mI (831) view: Plot: Length=512, min=0.000000, max=2.000000[0m
the max frequency of the signal is: 81.379883
the sampling frequency result of fft*2: 164
the max sampling frequency due to adc limitations is 83333
the free size of the largest block in heap is 143360 (bytes)
the max sampling frequency due to memory limitations is 20480
the max sampling frequency due to read time limitations is 26315
the bottleneck frequency is 20480
I am sampling at frequency 164 for calculating the mean
the number of samples I am trying to allocate is 574
[0;32mI (3181) WIFI: Disconnesso dal punto di accesso[0m
I (3311) wifi:new:<1,0>, old:<1,0>, ap:<255,255>, sta:<1,0>, prof:1
I (3311) wifi:state: init -> auth (b0)
I (3311) wifi:state: auth -> assoc (0)
I (4311) wifi:state: assoc -> init (2700)
I (4311) wifi:new:<1,0>, old:<1,0>, ap:<255,255>, sta:<1,0>, prof:1
[0;32mI (4311) WIFI: Disconnesso dal punto di accesso[0m
 il tempo veramente passato a samplare Ã¨: 3503412
the mean is 811
[0;32mI (6721) WIFI: Disconnesso dal punto di accesso[0m
[0;32mI (9131) WIFI: Disconnesso dal punto di accesso[0m
I (9291) wifi:new:<1,0>, old:<1,0>, ap:<255,255>, sta:<1,0>, prof:1
I (9301) wifi:state: init -> auth (b0)
I (9301) wifi:state: auth -> assoc (0)
I (10301) wifi:state: assoc -> init (2700)
I (10301) wifi:new:<1,0>, old:<1,0>, ap:<255,255>, sta:<1,0>, prof:1
[0;32mI (10301) WIFI: Disconnesso dal punto di accesso[0m
[0;32mI (12711) WIFI: Disconnesso dal punto di accesso[0m
I (12721) wifi:new:<11,0>, old:<1,0>, ap:<255,255>, sta:<11,0>, prof:1
I (12721) wifi:state: init -> auth (b0)
I (12721) wifi:state: auth -> assoc (0)
I (12731) wifi:state: assoc -> run (10)

assert failed: block_locate_free tlsf.c:566 (block_size(block) >= size)


Backtrace: 0x40375b26:0x3fcb0400 0x4037d089:0x3fcb0420 0x40385209:0x3fcb0440 0x40383360:0x3fcb0560 0x40382d25:0x3fcb0580 0x403761c1:0x3fcb05a0 0x4037621c:0x3fcb05c0 0x40376251:0x3fcb05e0 0x40385219:0x3fcb0600 0x40378ec5:0x3fcb0620 0x4209a469:0x3fcb0640 0x40386571:0x3fcb0670 0x40387108:0x3fcb06a0 0x40387591:0x3fcb06e0 0x40041502:0x3fcb0720 0x40385bdd:0x3fcb0750 0x4037db95:0x3fcb0780




ELF file SHA256: f25777d3e

Rebooting...
ï¿½ï¿½ï¿½ESP-ROM:esp32s3-20210327
Build:Mar 27 2021
rst:0xc (RTC_SW_CPU_RST),boot:0x9 (SPI_FAST_FLASH_BOOT)
Saved PC:0x40375a9c
SPIW :Boot SPI Speed : 80MHz[0m
[0;32mI (43) boot.esp32s3: SPI Mode       : DIO[0m
[0;32mI (48) boot.esp32s3: SPI Flash Size : 2MB[0m
[0;32mI (53) boot: Enabling RNG early entropy source...[0m
[0;32mI (58) boot: Partition Table:[0m
[0;32mI (62) boot: ## Label            Usage          Type ST Offset   Length[0m
[0;32mI (69) boot:  0 nvs              WiFi data        01 02 00009000 00006000[0m
[0;32mI (77) boot:  1 phy_init         R01 01 0000f000 00001000[0m
[0;32mI (84) boot:  2 factory          factory app      00 00 00010000 00100000[0m
[0;32mI (92) boot: End of partition table[0m
[0;32mI (96) esp_image: segment 0: paddr=00010020 vaddr=3c0b0020 size=2ee94h (192148) map[0m
[0;32mI (139) esp_image: segment 1: paddr=0003eebc vaddr=3fc99600 size=0115ch (  4444) load[0m
[0;32mI (140) esp_image: segment 2: paddr=00040020 vaddr=42000020 size=9ffe8h (655336) map[0m
[0;32mI (262) esp_image: segment 3: paddr=000e0010 vaddr=3fc9a75c size=035d4h ( 13780) load[0m
[0;32mI (265) esp_image: segment 4: paddr=000e35ec vaddr=40374000 size=15524h ( 87332) load[0m
[0;32mI (287) esp_image: segment 5: paddr=000f8b18 vaddr=600fe010 size=00004h (     4) load[0m
[0;32mI (296) boot: Loaded app from partition at offset 0x10000[0m
[0;32mI (296) boot: Disabling RNG early entropy source...[0m
[0;32mI (308) cpu_start: Multicore app[0m
[0;32mI (318) cpu_start: Pro cpu start user code[0m
[0;32mI (318) cpu_start: cpu freq: 160000000 Hz[0m
[0;32mI (318) cpu_start: Application information:[0m
[0;32mI (321) cpu_start: Project name:     progetto_singolo[0m
[0;32mI (327) cpu_start: App version:      2cfb58f-dirty[0m
[0;32mI (332) cpu_start: Compile time:     May 19 2024 00:49:27[0m
[0;32mI (338) cpu_start: ELF file SHA256:  f25777d3e...[0m
[0;32mI (343) cpu_start: ESP-IDF:          v5.2.1-dirty[0m
[0;32mI (349) cpu_start: Min chip rev:     v0.0[0m
[0;32mI (354) cpu_start: Max chip rev:     v0.99 [0m
[0;32mI (358) cpu_start: Chip rev:         v0.2[0m
[0;32mI (363) heap_init: Initializing. RAM available for dynamic allocation:[0m
[0;32mI (370) heap_init: At 3FCA5DE8 len 00043928 (270 KiB): RAM[0m
[0;32mI (376) heap_init: At 3FCE9710 len 00005724 (21 KiB): RAM[0m
[0;32mI (383) heap_init: At 3FCF0000 len 00008000 (32 KiB): DRAM[0m
[0;32mI (389) heap_init: At 600FE014 len 00001FD4 (7 KiB): RTCRAM[0m
[0;32mI (396) spi_flash: detected chip: gd[0m
[0;32mI (399) spi_flash: flash io: dio[0m
[0;33mW (403) spi_flash: Detected size(8192k) larger than the size in the binary image header(2048k). Using the size in the binary image header.[0m
[0;32mI (417) sleep: Configure to isolate all GPIO pins in sleep state[0m
[0;32mI (423) sleep: Enable automatic switching of GPIO sleep configuration[0m
[0;32mI (431) main_task: Started on CPU0[0m
[0;32mI (441) main_task: Calling app_main()[0m
[0;32mI (461) pp: pp rom version: e7ae62f[0m
[0;32mI (461) net80211: net80211 rom version: e7ae62f[0m
I (481) wifi:wifi driver task: 3fcb08f0, prio:23, stack:6656, core=0
I (491) wifi:wifi firmware version: a9f5b59
I (491) wifi:wifi certification version: v7.0
I (491) wifi:config NVS flash: enabled
I (491) wifi:config nano formating: disabled
I (491) wifi:Init data frame dynamic rx buffer num: 32
I (501) wifi:Init static rx mgmt buffer num: 5
I (501) wifi:Init management short buffer num: 32
I (511) wifi:Init dynamic tx buffer num: 32
I (511) wifi:Init static tx FG buffer num: 2
I (521) wifi:Init static rx buffer size: 1600
I (521) wifi:Init static rx buffer num: 10
I (521) wifi:Init dynamic rx buffer num: 32
[0;32mI (531) wifi_init: rx ba win: 6[0m
[0;32mI (531) wifi_init: tcpip mbox: 32[0m
[0;32mI (541) wifi_init: udp mbox: 6[0m
[0;32mI (541) wifi_init: tcp mbox: 6[0m
[0;32mI (541) wifi_init: tcp tx win: 5760[0m
[0;32mI (551) wifi_init: tcp rx win: 5760[0m
[0;32mI (551) wifi_init: tcp mss: 1440[0m
[0;32mI (561) wifi_init: WiFi IRAM OP enabled[0m
[0;32mI (561) wifi_init: WiFi RX IRAM OP enabled[0m
[0;32mI (571) phy_init: phy_version 640,cd64a1a,Jan 24 2024,17:28:12[0m
I (611) wifi:mode : sta (48:27:e2:e2:e5:e4)
I (611) wifi:enable tsf
[0;32mI (611) gpio: GPIO[1]| InputEn: 0| OutputEn: 0| OpenDrain: 0| Pullup: 0| Pulldown: 0| Intr:0 [0m
 err esp timeout
I (621) wifi:new:<11,0>, old:<1,0>, ap:<255,255>, sta:<11,0>, prof:1
I (621) wifi:state: init -> auth (b0)
I (631) wifi:state: auth -> init (1c0)
I (631) wifi:new:<11,0>, old:<11,0>, ap:<255,255>, sta:<11,0>, prof:1
[0;32mI (631) WIFI: Disconnesso dal punto di accesso[0m
Signal x1 in absolute scale[0;32mI (731) view: Data min[250] = 0.001735, Data max[1] = 243.169006[0m
 ________________________________________________________________
0||                                                              |
1||                                                              |
2||                                                              |
3||                                                              |
4||                                                              |
5|||                                                             |
6||||                                                            |
7||||||||                                                        |
8||||| | |||||||||||||||||||||||||||||||||||||||||||||||||||||||||
9                                                                |
 0123456789012345678901234567890123456789012345678901234567890123
[0;32mI (801) view: Plot: Length=512, min=0.000000, max=2.000000[0m
the max frequency of the signal is: 81.379883
the sampling frequency result of fft*2: 164
the max sampling frequency due to adc limitations is 83333
the free size of the largest block in heap is 143360 (bytes)
the max sampling frequency due to memory limitations is 20480
the max sampling frequency due to read time limitations is 26315
the bottleneck frequency is 20480
I am sampling at frequency 164 for calculating the mean
the number of samples I am trying to allocate is 574
[0;32mI (3051) WIFI: Disconnesso dal punto di accesso[0m
I (3061) wifi:new:<11,0>, old:<11,0>, ap:<255,255>, sta:<11,0>, prof:1
I (3061) wifi:state: init -> auth (b0)
I (3061) wifi:state: auth -> assoc (0)
I (3081) wifi:state: assoc -> run (10)
I (3121) wifi:connected with OnePlus Nord, aid = 3, channel 11, BW20, bssid = 0e:6e:0d:44:bd:4a
I (3121) wifi:security: WPA2-PSK, phy: bgn, rssi: -54
I (3121) wifi:pm start, type: 1

I (3121) wifi:dp: 1, bi: 102400, li: 3, scale listen interval from 307200 us to 307200 us
I (3131) wifi:set rx beacon pti, rx_bcn_pti: 0, bcn_timeout: 25000, mt_pti: 0, mt_time: 10000
[0;32mI (3141) WIFI: Connesso al punto di accesso[0m
I (3191) wifi:dp: 2, bi: 102400, li: 4, scale listen interval from 307200 us to 409600 us
I (3191) wifi:AP's beacon interval = 102400 us, DTIM period = 2
[0;32mI (4141) esp_netif_handlers: sta ip: 192.168.223.252, mask: 255.255.255.0, gw: 192.168.223.13[0m
got ip, proceeding to unblock mqtt il tempo veramente passato a samplare Ã¨: 3533637
the mean is 817
mqtt could proceed, connection established and ip address received
[0;32mI (4411) mqtt_example: Other event id:7[0m
I (4511) wifi:<ba-add>idx:0 (ifx:0, 0e:6e:0d:44:bd:4a), tid:0, ssn:3, winSize:64
[0;32mI (5751) mqtt_example: MQTT_EVENT_CONNECTED[0m
[0;32mI (5761) mqtt_example: sent publish successful, msg_id=0[0m
sent message to broker, msg_id=0
[0;32mI (5761) main_task: Returned from app_main()[0m
