   2cfb58f-dirty[0m
[0;32mI (331) cpu_start: Compile time:     May 19 2024 00:49:27[0m
[0;32mI (337) cpu_start: ELF file SHA256:  2ede0dd96...[0m
[0;32mI (343) cpu_start: ESP-IDF:          v5.2.1-dirty[0m
[0;32mI (348) cpu_start: Min chip rev:     v0.0[0m
[0;32mI (353) cpu_start: Max chip rev:     v0.99 [0m
[0;32mI (358) cpu_start: Chip rev:         v0.2[0m
[0;32mI (362) heap_init: Initializing. RAM available for dynamic allocatï¿½ESP-ROM:esp32s3-20210327
Build:Mar 27 2021
rst:0x1 (POWERON),boot:0x8 (SPI_FAST_FLASH_BOOT)
SPIWP:0xee
mode:DIO, clock div:1
load:0x3fce3810,len:0x178c
load:0x403c9700,len:0x4
load:0x403c9704,len:0xcbc
load:0x403cc700,len:0x2da0
entry 0x403c9914
[0;32mI (27) boot: ESP-IDF v5.2.1-dirty 2nd stage bootloader[0m
[0;32mI (27) boot: compile time May 15 2024 20:24:16[0m
[0;32mI (27) boot: Multicore bootloader[0m
[0;32mI (30) boot: chip revision: v0.2[0m
[0;32mI (34) boot.esp32s3: Boot SPI Speed : 80MHz[0m
[0;32mI (39) boot.esp32s3: SPI Mode       : DIO[0m
[0;32mI (44) boot.esp32s3: SPI Flash Size : 2MB[0m
[0;32mI (48) boot: Enabling RNG early entropy source...[0m
[0;32mI (54) boot: Partition Table:[0m
[0;32mI (57) boot: ## Label            Usage          Type ST Offset   Length[0m
[0;32mI (65) boot:  0 nvs              WiFi data        01 02 00009000 00006000[0m
[0;32mI (72) boot:  1 phy_init         RF data          01 01 0000f000 00001000[0m
[0;32mI (80) boot:  2 factory          factory app      00 00 00010000 00100000[0m
[0;32mI (87) boot: End of partition table[0m
[0;32mI (91) esp_image: segment 0: paddr=00010020 vaddr=3c0b0020 size=2f634h (194100) map[0m
[0;32mI (135) esp_image: segment 1: paddr=0003f65c vaddr=3fc99600 size=009bch (  2492) load[0m
[0;32mI (135) esp_image: segment 2: paddr=00040020 vaddr=42000020 size=a45e8h (673256) map[0m
[0;32mI (261) esp_image: segment 3: paddr=000e4610 vaddr=3fc99fbc size=03dd4h ( 15828) load[0m
[0;32mI (265) esp_image: segment 4: paddr=000e83ec vaddr=40374000 size=15524h ( 87332) load[0m
[0;32mI (286) esp_image: segment 5: paddr=000fd918 vaddr=600fe010 size=00004h (     4) load[0m
[0;32mI (295) boot: Loaded app from partition at offset 0x10000[0m
[0;32mI (295) boot: Disabling RNG early entropy source...[0m
[0;32mI (307) cpu_start: Multicore app[0m
[0;32mI (317) cpu_start: Pro cpu start user code[0m
[0;32mI (317) cpu_start: cpu freq: 160000000 Hz[0m
[0;32mI (317) cpu_start: Application information:[0m
[0;32mI (320) cpu_start: Project name:     progetto_singolo[0m
[0;32mI (326) cpu_start: App version:      2cfb58f-dirty[0m
[0;32mI (331) cpu_start: Compile time:     May 19 2024 00:49:27[0m
[0;32mI (337) cpu_start: ELF file SHA256:  2ede0dd96...[0m
[0;32mI (343) cpu_start: ESP-IDF:          v5.2.1-dirty[0m
[0;32mI (348) cpu_start: Min chip rev:     v0.0[0m
[0;32mI (353) cpu_start: Max chip rev:     v0.99 [0m
[0;32mI (358) cpu_start: Chip rev:         v0.2[0m
[0;32mI (362) heap_init: Initializing. RAM available for dynamic allocation:[0m
[0;32mI (370) heap_init: At 3FCA5EA0 len 00043870 (270 KiB): RAM[0m
[0;32mI (376) heap_init: At 3FCE9710 len 00005724 (21 KiB): RAM[0m
[0;32mI (382) heap_init: At 3FCF0000 len 00008000 (32 KiB): DRAM[0m
[0;32mI (388) heap_init: At 600FE014 len 00001FD4 (7 KiB): RTCRAM[0m
[0;32mI (395) spi_flash: detected chip: gd[0m
[0;32mI (398) spi_flash: flash io: dio[0m
[0;33mW (402) spi_flash: Detected size(8192k) larger than the size in the binary image header(2048k). Using the size in the binary image header.[0m
[0;32mI (416) sleep: Configure to isolate all GPIO pins in sleep state[0m
[0;32mI (422) sleep: Enable automatic switching of GPIO sleep configuration[0m
[0;32mI (430) main_task: Started on CPU0[0m
[0;32mI (440) main_task: Calling app_main()[0m
[0;32mI (460) pp: pp rom version: e7ae62f[0m
[0;32mI (470) net80211: net80211 rom version: e7ae62f[0m
I (480) wifi:wifi driver task: 3fcb09a8, prio:23, stack:6656, core=0
I (490) wifi:wifi firmware version: a9f5b59
I (490) wifi:wifi certification version: v7.0
I (490) wifi:config NVS flash: enabled
I (490) wifi:config nano formating: disabled
I (490) wifi:Init data frame dynamic rx buffer num: 32
I (500) wifi:Init static rx mgmt buffer num: 5
I (500) wifi:Init management short buffer num: 32
I (510) wifi:Init dynamic tx buffer num: 32
I (510) wifi:Init static tx FG buffer num: 2
I (520) wifi:Init static rx buffer size: 1600
I (520) wifi:Init static rx buffer num: 10
I (520) wifi:Init dynamic rx buffer num: 32
[0;32mI (530) wifi_init: rx ba win: 6[0m
[0;32mI (530) wifi_init: tcpip mbox: 32[0m
[0;32mI (540) wifi_init: udp mbox: 6[0m
[0;32mI (540) wifi_init: tcp mbox: 6[0m
[0;32mI (540) wifi_init: tcp tx win: 5760[0m
[0;32mI (550) wifi_init: tcp rx win: 5760[0m
[0;32mI (550) wifi_init: tcp mss: 1440[0m
[0;32mI (560) wifi_init: WiFi IRAM OP enabled[0m
[0;32mI (560) wifi_init: WiFi RX IRAM OP enabled[0m
[0;32mI (570) phy_init: phy_version 640,cd64a1a,Jan 24 2024,17:28:12[0m
I (610) wifi:mode : sta (48:27:e2:e2:e5:e4)
I (610) wifi:enable tsf
[0;32mI (610) gpio: GPIO[1]| InputEn: 0| OutputEn: 0| OpenDrain: 0| Pullup: 0| Pulldown: 0| Intr:0 [0m
 err esp timeout
Signal x1 in absolute scale[0;32mI (730) view: Data min[461] = 0.002220, Data max[1] = 243.227966[0m
 ________________________________________________________________
0||                                                              |
1||                                                              |
2||                                                              |
3||                                                              |
4||                                                              |
5|||                                                             |
6||||                                                            |
7||||||||||                                                      |
8       || |||||||||||||||||||||||||||||||||||||||||||||||||||||||
9                                                                |
 0123456789012345678901234567890123456789012345678901234567890123
[0;32mI (800) view: Plot: Length=512, min=0.000000, max=2.000000[0m
the max frequency of the signal is: 81.379883
the sampling frequency result of fft*2: 164
the max sampling frequency due to adc limitations is 83333
the free size of the largest block in heap is 143360 (bytes)
the max sampling frequency due to memory limitations is 23893
the max sampling frequency due to read time limitations is 26315
the bottleneck frequency is 23893
I am sampling at frequency 164 for calculating the mean
the number of samples I am trying to allocate is 492
[0;32mI (3020) WIFI: Disconnesso dal punto di accesso[0m
 il tempo veramente passato a samplare Ã¨: 3004255
the mean is 827
[0;32mI (5430) WIFI: Disconnesso dal punto di accesso[0m
[0;32mI (7840) WIFI: Disconnesso dal punto di accesso[0m
[0;32mI (10250) WIFI: Disconnesso dal punto di accesso[0m
[0;32mI (12660) WIFI: Disconnesso dal punto di accesso[0m
[0;32mI (15070) WIFI: Disconnesso dal punto di accesso[0m
[0;32mI (17480) WIFI: Disconnesso dal punto di accesso[0m
[0;32mI (19890) WIFI: Disconnesso dal punto di accesso[0m
I (19900) wifi:new:<11,0>, old:<1,0>, ap:<255,255>, sta:<11,0>, prof:1
I (19900) wifi:state: init -> auth (b0)
I (19900) wifi:state: auth -> assoc (0)
I (19910) wifi:state: assoc -> run (10)

assert failed: block_locate_free tlsf.c:566 (block_size(block) >= size)


Backtrace: 0x40375b26:0x3fcb04c0 0x4037d089:0x3fcb04e0 0x40385209:0x3fcb0500 0x40383360:0x3fcb0620 0x40382d25:0x3fcb0640 0x403761c1:0x3fcb0660 0x4037621c:0x3fcb0680 0x40376251:0x3fcb06a0 0x40385219:0x3fcb06c0 0x40378ec5:0x3fcb06e0 0x4209f0b1:0x3fcb0700 0x40386571:0x3fcb0730 0x40387108:0x3fcb0760 0x40387591:0x3fcb07a0 0x40041502:0x3fcb07e0 0x40385bdd:0x3fcb0810 0x4037db95:0x3fcb0840




ELF file SHA256: 2ede0dd96

Rebooting...
ESP-ROM:esp32s3-20210327
Build:Mar 27 2021
rst:0xc (RTC_SW_CPU_RST),boot:0x8 (SPI_FAST_FLASH_BOOT)
Saved PC:0x40375a9c
SPIWP:0xee
mode:DIO, clock div:1
load:0x3fce3810,len:0x178c
load:0x403c9700,len:0x4
load:0x403c9704,len:0xcbc
load:0x403cc700,len:0x2da0
entry 0x403c9914
[0;32mI (31) boot: ESP-IDF v5.2.1-dirty 2nd stage bootloader[0m
[0;32mI (31) boot: compile time May 15 2024 20:24:16[0m
[0;32mI (31) boot: Multicore bootloader[0m
[0;32mI (35) boot: chip revision: v0.2[0m
[0;32mI (39) boot.esp32s3: Boot SPI Speed : 80MHz[0m
[0;32mI (43) boot.esp32s3: SPI Mode       : DIO[0m
[0;32mI (48) boot.esp32s3: SPI Flash Size : 2MB[0m
[0;32mI (53) boot: Enabling RNG early entropy source...[0m
[0;32mI (58) boot: Partition Table:[0m
[0;32mI (62) boot: ## Label            Usage          Type ST Offset   Length[0m
[0;32mI (69) boot:  0 nvs              WiFi data        01 02 00009000 00006000[0m
[0;32mI (77) boot:  1 phy_init         RF data          01 01 0000f000 00001000[0m
[0;32mI (84) boot:  2 factory          factory app      00 00 00010000 00100000[0m
[0;32mI (92) boot: End of partition table[0m
[0;32mI (96) esp_image: segment 0: paddr=00010020 vaddr=3c0b0020 size=2f634h (194100) map[0m
[0;32mI (139) esp_image: segment 1: paddr=0003f65c vaddr=3fc99600 size=009bch (  2492) load[0m
[0;32mI (140) esp_image: segment 2: paddr=00040020 vaddr=42000020 size=a45e8h (673256) map[0m
[0;32mI (265) esp_image: segment 3: paddr=000e4610 vaddr=3fc99fbc size=03dd4h ( 15828) load[0m
[0;32mI (269) esp_image: segment 4: paddr=000e83ec vaddr=40374000 size=15524h ( 87332) load[0m
[0;32mI (290) esp_image: segment 5: paddr=000fd918 vaddr=600fe010 size=00004h (     4) load[0m
[0;32mI (299) boot: Loaded app from partition at offset 0x10000[0m
[0;32mI (300) boot: Disabling RNG early entropy source...[0m
[0;32mI (311) cpu_start: Multicore app[0m
[0;32mI (321) cpu_start: Pro cpu start user code[0m
[0;32mI (321) cpu_start: cpu freq: 160000000 Hz[0m
[0;32mI (321) cpu_start: Application information:[0m
[0;32mI (324) cpu_start: Project name:     progetto_singolo[0m
[0;32mI (330) cpu_start: App version:      2cfb58f-dirty[0m
[0;32mI (336) cpu_start: Compile time:     May 19 2024 00:49:27[0m
[0;32mI (342) cpu_start: ELF file SHA256:  2ede0dd96...[0m
[0;32mI (347) cpu_start: ESP-IDF:          v5.2.1-dirty[0m
[0;32mI (352) cpu_start: Min chip rev:     v0.0[0m
[0;32mI (357) cpu_start: Max chip rev:     v0.99 [0m
[0;32mI (362) cpu_start: Chip rev:         v0.2[0m
[0;32mI (367) heap_init: Initializing. RAM available for dynamic allocation:[0m
[0;32mI (374) heap_init: At 3FCA5EA0 len 00043870 (270 KiB): RAM[0m
[0;32mI (380) heap_init: At 3FCE9710 len 00005724 (21 KiB): RAM[0m
[0;32mI (386) heap_init: At 3FCF0000 len 00008000 (32 KiB): DRAM[0m
[0;32mI (392) heap_init: At 600FE014 len 00001FD4 (7 KiB): RTCRAM[0m
[0;32mI (400) spi_flash: detected chip: gd[0m
[0;32mI (403) spi_flash: flash io: dio[0m
[0;33mW (407) spi_flash: Detected size(8192k) larger than the size in the binary image header(2048k). Using the size in the binary image header.[0m
[0;32mI (421) sleep: Configure to isolate all GPIO pins in sleep state[0m
[0;32mI (427) sleep: Enable automatic switching of GPIO sleep configuration[0m
[0;32mI (434) main_task: Started on CPU0[0m
[0;32mI (444) main_task: Calling app_main()[0m
[0;32mI (464) pp: pp rom version: e7ae62f[0m
[0;32mI (474) net80211: net80211 rom version: e7ae62f[0m
I (484) wifi:wifi driver task: 3fcb09a8, prio:23, stack:6656, core=0
I (494) wifi:wifi firmware version: a9f5b59
I (494) wifi:wifi certification version: v7.0
I (494) wifi:config NVS flash: enabled
I (494) wifi:config nano formating: disabled
I (494) wifi:Init data frame dynamic rx buffer num: 32
I (504) wifi:Init static rx mgmt buffer num: 5
I (504) wifi:Init management short buffer num: 32
I (514) wifi:Init dynamic tx buffer num: 32
I (514) wifi:Init static tx FG buffer num: 2
I (524) wifi:Init static rx buffer size: 1600
I (524) wifi:Init static rx buffer num: 10
I (524) wifi:Init dynamic rx buffer num: 32
[0;32mI (534) wifi_init: rx ba win: 6[0m
[0;32mI (534) wifi_init: tcpip mbox: 32[0m
[0;32mI (544) wifi_init: udp mbox: 6[0m
[0;32mI (544) wifi_init: tcp mbox: 6[0m
[0;32mI (544) wifi_init: tcp tx win: 5760[0m
[0;32mI (554) wifi_init: tcp rx win: 5760[0m
[0;32mI (554) wifi_init: tcp mss: 1440[0m
[0;32mI (564) wifi_init: WiFi IRAM OP enabled[0m
[0;32mI (564) wifi_init: WiFi RX IRAM OP enabled[0m
[0;32mI (574) phy_init: phy_version 640,cd64a1a,Jan 24 2024,17:28:12[0m
I (614) wifi:mode : sta (48:27:e2:e2:e5:e4)
I (614) wifi:enable tsf
[0;32mI (614) gpio: GPIO[1]| InputEn: 0| OutputEn: 0| OpenDrain: 0| Pullup: 0| Pulldown: 0| Intr:0 [0m
 err esp timeout
I (624) wifi:new:<11,0>, old:<1,0>, ap:<255,255>, sta:<11,0>, prof:1
I (624) wifi:state: init -> auth (b0)
Signal x1 in absolute scale[0;32mI (734) view: Data min[466] = 0.001761, Data max[1] = 242.940628[0m
 ________________________________________________________________
0||                                                              |
1||                                                              |
2||                                                              |
3||                                                              |
4||                                                              |
5|||                                                             |
6|||||                                                           |
7||||||||                                                        |
8| || |  |||||||||||||||||||||||||||||||||||||||||||||||||||||||||
9                                                                |
 0123456789012345678901234567890123456789012345678901234567890123
[0;32mI (804) view: Plot: Length=512, min=0.000000, max=2.000000[0m
the max frequency of the signal is: 81.379883
the sampling frequency result of fft*2: 164
the max sampling frequency due to adc limitations is 83333
the free size of the largest block in heap is 143360 (bytes)
the max sampling frequency due to memory limitations is 23893
the max sampling frequency due to read time limitations is 26315
the bottleneck frequency is 23893
I am sampling at frequency 164 for calculating the mean
the number of samples I am trying to allocate is 492
I (1624) wifi:state: auth -> init (200)
I (1624) wifi:new:<11,0>, old:<11,0>, ap:<255,255>, sta:<11,0>, prof:1
[0;32mI (1634) WIFI: Disconnesso dal punto di accesso[0m
 il tempo veramente passato a samplare Ã¨: 3005061
the mean is 807
[0;32mI (4044) WIFI: Disconnesso dal punto di accesso[0m
I (4134) wifi:new:<11,0>, old:<11,0>, ap:<255,255>, sta:<11,0>, prof:1
I (4134) wifi:state: init -> auth (b0)
I (4234) wifi:state: auth -> assoc (0)
I (4244) wifi:state: assoc -> run (10)

assert failed: block_locate_free tlsf.c:566 (block_size(block) >= size)


Backtrace: 0x40375b26:0x3fcb04c0 0x4037d089:0x3fcb04e0 0x40385209:0x3fcb0500 0x40383360:0x3fcb0620 0x40382d25:0x3fcb0640 0x403761c1:0x3fcb0660 0x4037621c:0x3fcb0680 0x40376251:0x3fcb06a0 0x40385219:0x3fcb06c0 0x40378ec5:0x3fcb06e0 0x4209f0b1:0x3fcb0700 0x40386571:0x3fcb0730 0x40387108:0x3fcb0760 0x40387591:0x3fcb07a0 0x40041502:0x3fcb07e0 0x40385bdd:0x3fcb0810 0x4037db95:0x3fcb0840




ELF file SHA256: 2ede0dd96

Rebooting...
ESP-ROM:esp32s3-20210327
Build:Mar 27 2021
rst:0xc (RTC_SW_CPU_RST),boot:0x8 (SPI_FAST_FLASH_BOOT)
Saved PC:0x40375a9c
SPIWP:0xee
mode:DIO, clock div:1
load:0x3fce3810,len:0x178c
load:0x403c9700,len:0x4
load:0x403c9704,len:0xcbc
load:0x403cc700,len:0x2da0
entry 0x403c9914
[0;32mI (31) boot: ESP-IDF v5.2.1-dirty 2nd stage bootloader[0m
[0;32mI (31) boot: compile time May 15 2024 20:24:16[0m
[0;32mI (31) boot: Multicore bootloader[0m
[0;32mI (35) boot: chip revision: v0.2[0m
[0;32mI (39) boot.esp32s3: Boot SPI Speed : 80MHz[0m
[0;32mI (43) boot.esp32s3: SPI Mode       : DIO[0m
[0;32mI (48) boot.esp32s3: SPI Flash Size : 2MB[0m
[0;32mI (53) boot: Enabling RNG early entropy source...[0m
[0;32mI (58) boot: Partition Table:[0m
[0;32mI (62) boot: ## Label            Usage          Type ST Offset   Length[0m
[0;32mI (69) boot:  0 nvs              WiFi data        01 02 00009000 00006000[0m
[0;32mI (77) boot:  1 phy_init         RF data          01 01 0000f000 00001000[0m
[0;32mI (84) boot:  2 factory          factory app      00 00 00010000 00100000[0m
[0;32mI (92) boot: End of partition table[0m
[0;32mI (96) esp_image: segment 0: paddr=00010020 vaddr=3c0b0020 size=2f634h (194100) map[0m
[0;32mI (139) esp_image: segment 1: paddr=0003f65c vaddr=3fc99600 size=009bch (  2492) load[0m
[0;32mI (140) esp_image: segment 2: paddr=00040020 vaddr=42000020 size=a45e8h (673256) map[0m
[0;32mI (265) esp_image: segment 3: paddr=000e4610 vaddr=3fc99fbc size=03dd4h ( 15828) load[0m
[0;32mI (269) esp_image: segment 4: paddr=000e83ec vaddr=40374000 size=15524h ( 87332) load[0m
[0;32mI (290) esp_image: segment 5: paddr=000fd918 vaddr=600fe010 size=00004h (     4) load[0m
[0;32mI (299) boot: Loaded app from partition at offset 0x10000[0m
[0;32mI (300) boot: Disabling RNG early entropy source...[0m
[0;32mI (311) cpu_start: Multicore app[0m
[0;32mI (321) cpu_start: Pro cpu start user code[0m
[0;32mI (321) cpu_start: cpu freq: 160000000 Hz[0m
[0;32mI (321) cpu_start: Application information:[0m
[0;32mI (324) cpu_start: Project name:     progetto_singolo[0m
[0;32mI (330) cpu_start: App version:      2cfb58f-dirty[0m
[0;32mI (336) cpu_start: Compile time:     May 19 2024 00:49:27[0m
[0;32mI (342) cpu_start: ELF file SHA256:  2ede0dd96...[0m
[0;32mI (347) cpu_start: ESP-IDF:          v5.2.1-dirty[0m
[0;32mI (352) cpu_start: Min chip rev:     v0.0[0m
[0;32mI (357) cpu_start: Max chip rev:     v0.99 [0m
[0;32mI (362) cpu_start: Chip rev:         v0.2[0m
[0;32mI (367) heap_init: Initializing. RAM available for dynamic allocation:[0m
[0;32mI (374) heap_init: At 3FCA5EA0 len 00043870 (270 KiB): RAM[0m
[0;32mI (380) heap_init: At 3FCE9710 len 00005724 (21 KiB): RAM[0m
[0;32mI (386) heap_init: At 3FCF0000 len 00008000 (32 KiB): DRAM[0m
[0;32mI (392) heap_init: At 600FE014 len 00001FD4 (7 KiB): RTCRAM[0m
[0;32mI (400) spi_flash: detected chip: gd[0m
[0;32mI (403) spi_flash: flash io: dio[0m
[0;33mW (407) spi_flash: Detected size(8192k) larger than the size in the binary image header(2048k). Using the size in the binary image header.[0m
[0;32mI (421) sleep: Configure to isolate all GPIO pins in sleep state[0m
[0;32mI (427) sleep: Enable automatic switching of GPIO sleep configuration[0m
[0;32mI (434) main_task: Started on CPU0[0m
[0;32mI (444) main_task: Calling app_main()[0m
[0;32mI (464) pp: pp rom version: e7ae62f[0m
[0;32mI (474) net80211: net80211 rom version: e7ae62f[0m
I (484) wifi:wifi driver task: 3fcb09a8, prio:23, stack:6656, core=0
I (494) wifi:wifi firmware version: a9f5b59
I (494) wifi:wifi certification version: v7.0
I (494) wifi:config NVS flash: enabled
I (494) wifi:config nano formating: disabled
I (494) wifi:Init data frame dynamic rx buffer num: 32
I (504) wifi:Init static rx mgmt buffer num: 5
I (504) wifi:Init management short buffer num: 32
I (514) wifi:Init dynamic tx buffer num: 32
I (514) wifi:Init static tx FG buffer num: 2
I (524) wifi:Init static rx buffer size: 1600
I (524) wifi:Init static rx buffer num: 10
I (524) wifi:Init dynamic rx buffer num: 32
[0;32mI (534) wifi_init: rx ba win: 6[0m
[0;32mI (534) wifi_init: tcpip mbox: 32[0m
[0;32mI (544) wifi_init: udp mbox: 6[0m
[0;32mI (544) wifi_init: tcp mbox: 6[0m
[0;32mI (544) wifi_init: tcp tx win: 5760[0m
[0;32mI (554) wifi_init: tcp rx win: 5760[0m
[0;32mI (554) wifi_init: tcp mss: 1440[0m
[0;32mI (564) wifi_init: WiFi IRAM OP enabled[0m
[0;32mI (564) wifi_init: WiFi RX IRAM OP enabled[0m
[0;32mI (574) phy_init: phy_version 640,cd64a1a,Jan 24 2024,17:28:12[0m
I (614) wifi:mode : sta (48:27:e2:e2:e5:e4)
I (614) wifi:enable tsf
[0;32mI (614) gpio: GPIO[1]| InputEn: 0| OutputEn: 0| OpenDrain: 0| Pullup: 0| Pulldown: 0| Intr:0 [0m
 err esp timeout
I (624) wifi:new:<11,0>, old:<1,0>, ap:<255,255>, sta:<11,0>, prof:1
I (624) wifi:state: init -> auth (b0)
I (634) wifi:state: auth -> init (1c0)
I (634) wifi:new:<11,0>, old:<11,0>, ap:<255,255>, sta:<11,0>, prof:1
[0;32mI (634) WIFI: Disconnesso dal punto di accesso[0m
Signal x1 in absolute scale[0;32mI (734) view: Data min[454] = 0.001440, Data max[1] = 242.892380[0m
 ________________________________________________________________
0||                                                              |
1||                                                              |
2||                                                              |
3||                                                              |
4||                                                              |
5|||                                                             |
6||||                                                            |
7|||||||||                                                       |
8  |||||  ||||||||||||||||||||||||||||||||||||||||||||||||||||||||
9                                                                |
 0123456789012345678901234567890123456789012345678901234567890123
[0;32mI (804) view: Plot: Length=512, min=0.000000, max=2.000000[0m
the max frequency of the signal is: 81.379883
the sampling frequency result of fft*2: 164
the max sampling frequency due to adc limitations is 83333
the free size of the largest block in heap is 143360 (bytes)
the max sampling frequency due to memory limitations is 23893
the max sampling frequency due to read time limitations is 26315
the bottleneck frequency is 23893
I am sampling at frequency 164 for calculating the mean
the number of samples I am trying to allocate is 492
[0;32mI (3054) WIFI: Disconnesso dal punto di accesso[0m
I (3064) wifi:new:<11,0>, old:<11,0>, ap:<255,255>, sta:<11,0>, prof:1
I (3064) wifi:state: init -> auth (b0)
I (3064) wifi:state: auth -> assoc (0)
I (3074) wifi:state: assoc -> run (10)
I (3094) wifi:connected with OnePlus Nord, aid = 3, channel 11, BW20, bssid = 0e:6e:0d:44:bd:4a
I (3094) wifi:security: WPA2-PSK, phy: bgn, rssi: -66
I (3104) wifi:pm start, type: 1

I (3104) wifi:dp: 1, bi: 102400, li: 3, scale listen interval from 307200 us to 307200 us
I (3104) wifi:set rx beacon pti, rx_bcn_pti: 0, bcn_timeout: 25000, mt_pti: 0, mt_time: 10000
[0;32mI (3114) WIFI: Connesso al punto di accesso[0m
I (3284) wifi:dp: 2, bi: 102400, li: 4, scale listen interval from 307200 us to 409600 us
I (3284) wifi:AP's beacon interval = 102400 us, DTIM period = 2
 il tempo veramente passato a samplare Ã¨: 3029187
the mean is 826
[0;32mI (4114) esp_netif_handlers: sta ip: 192.168.223.252, mask: 255.255.255.0, gw: 192.168.223.13[0m
got ip, proceeding to unblock mqttmqtt could proceed, connection established and ip address received
[0;32mI (4354) mqtt_example: Other event id:7[0m
Waiting for system time to be set... (1/10)
I (4464) wifi:<ba-add>idx:0 (ifx:0, 0e:6e:0d:44:bd:4a), tid:0, ssn:3, winSize:64
[0;32mI (5644) mqtt_example: MQTT_EVENT_CONNECTED[0m
Waiting for system time to be set... (2/10)
Time synchronized
Current timestamp: 2024-05-20 14:04:56.427793
[0;32mI (8354) mqtt_example: sent publish successful, msg_id=28511[0m
sent message to broker, msg_id=28511
[0;32mI (8354) main_task: Returned from app_main()[0m
[0;32mI (8614) mqtt_example: MQTT_EVENT_PUBLISHED, msg_id=28511[0m
