  : 0x0000cdcd  A8      : 0x8037b764  A9      : 0x3fc9a900  
A10     : 0x3e87964c  A11     : 0xb33fffff  A12     : 0x0000cdcd  A13     : 0x0000000c  
A14     : 0x00000800  A15     : 0x3fc975a4  SAR     : 0x00000001  EXCCAUSE: 0x00000005  
EXCVADDR: 0x00000000  LBEG    : 0x400556d5  LEND    : 0x400556e5  LCOUNT  : 0xffffffff  


Backtrace: 0x403784b9:0x3fc9a920 0x4037b364:0x3fc9a950 0x4037b43e:0x3fc9a990 0x40376a05:0x3fc9a9b0 0x40376ae5:0x3fc9a9e0 0x40376baf:0x3fc9aa00 0x42012396:0x3fc9aa30 0x420118a1:0x3fc9ad50 0x4201e9fd:0x3fc9ad80 0x403814ed:0x3fc9adb0 0x4201dbf2:0x3fc9ae00 0x4037b509:0x3fc9ae30


Core  1 register dump:
PC      : 0x403785b2  PS      : 0x00060734  A0      : 0x820030a1  A1      : 0x3fc9bc90  
A2      : 0x00000000  A3      : 0x00000000  A4      : 0x3fc983e0  A5      : 0x3fc983c0  
A6      : 0x40378278  A7      : 0x00000001  A8      : 0x8200c09e  A9      : 0x3fc9bc50  
A10     : 0x00000000  A11     : 0x00000000  A12     : 0x3fc983c0  A13     : 0x3fc98390  
A14     : 0x00000001  A15     : 0x3fc9be5c  SAR     : 0x00000000  EXCCAUSE: 0x00000005  
EXCVADDR: 0x00000000  LBEG    : 0x00000000  LEND    : 0x00000000  LCOUNT  : 0x00000000  


Backtrace: 0x403785af:0x3fc9bc90 0x4200309e:0x3fc9bcb0 0x4037c44d:0x3fc9bcd0 0x4037b509:0x3fc9bcf0




ELF file SHA256: ea076a4ce

Rebooting...
ï¿½ï¿½ï¿½ESP-ROM:esp32s3-20210327
Build:Mar 27 2021
rst:0xc (RTC_SW_CPU_RST),boot:0x9 (SPI_FAST_FLASH_BOOT)
Saved PC:0x40375958
SPIWP:0xee
mode:DIO, clock div:1
load:0x3fce3810,len:0x178c
load:0x403c9700,len:0x4
load:0x403c9704,len:0xcbc
load:0x403cc700,len:0x2da0
entry 0x403c9914
[0;32mI (31) boot: ESP-IDF v5.2.1-dirty 2nd stage bootloader[0m
[0;32mI (31) boot: compile time May 14 2024 00:03:09[0m
[0;32mI (31) boot: Multicore bootloader[0m
[0;32mI (35) boot: chip revision: v0.2[0m
[0;32mI (39) boot.esp32s3: Boot SPI Speed : 80MHz[0m
[0;32mI (43) boot.esp32s3: SPI Mode       : DIO[0m
[0;32mI (48) boot.esp32s3:tSa        01 02 00009000 00006000[0m
[0;32mI (77) boot:  1 phy_init         RF data          01 01 0000f000 00001000[0m
[0;32mI (84) boot:  2 factory          factory app      00 00 00010000 00100000[0m
[0;32mI (92) boot: End of partition table[0m
[0;32mI (96) esp_image: segment 0: paddr=00010020 vaddr=3c020020 size=13648h ( 79432) map[0m
[0;32mI (118) esp_image: segment 1: paddr=00023670 vaddr=3fc93700 size=029a0h ( 10656) load[0m
[0;32mI (12ï¿½ESP-ROM:esp32s3-20210327
Build:Mar 27 2021
rst:0x1 (POWERON),boot:0x8 (SPI_FAST_FLASH_BOOT)
SPIWP:0xee
mode:DIO, clock div:1
load:0x3fce3810,len:0x178c
load:0x403c9700,len:0x4
load:0x403c9704,len:0xcbc
load:0x403cc700,len:0x2da0
entry 0x403c9914
[0;32mI (27) boot: ESP-IDF v5.2.1-dirty 2nd stage bootloader[0m
[0;32mI (27) boot: compile time May 14 2024 00:03:09[0m
[0;32mI (27) boot: Multicore bootloader[0m
[0;32mI (30) boot: chip revision: v0.2[0m
[0;32mI (34) boot.esp32s3: Boot SPI Speed : 80MHz[0m
[0;32mI (39) boot.esp32s3: SPI Mode       : DIO[0m
[0;32mI (44) boot.esp32s3: SPI Flash Size : 2MB[0m
[0;32mI (48) boot: Enabling RNG early entropy source...[0m
[0;32mI (54) boot: Partition Table:[0m
[0;32mI (57) boot: ## Label            Usage          Type ST Offset   Length[0m
[0;32mI (65) boot:  0 nvs              WiFi data        01 02 00009000 00006000[0m
[0;32mI (72) boot:  1 phy_init         RF data          01 01 0000f000 00001000[0m
[0;32mI (80) boot:  2 factory          factory app      00 00 00010000 00100000[0m
[0;32mI (87) boot: End of partition table[0m
[0;32mI (91) esp_image: segment 0: paddr=00010020 vaddr=3c020020 size=13648h ( 79432) map[0m
[0;32mI (114) esp_image: segment 1: paddr=00023670 vaddr=3fc93700 size=029a0h ( 10656) load[0m
[0;32mI (117) esp_image: segment 2: paddr=00026018 vaddr=40374000 size=0a000h ( 40960) load[0m
[0;32mI (129) esp_image: segment 3: paddr=00030020 vaddr=42000020 size=1ea68h (125544) map[0m
[0;32mI (152) esp_image: segment 4: paddr=0004ea90 vaddr=4037e000 size=05690h ( 22160) load[0m
[0;32mI (163) boot: Loaded app from partition at offset 0x10000[0m
[0;32mI (163) boot: Disabling RNG early entropy source...[0m
[0;32mI (175) cpu_start: Multicore app[0m
[0;32mI (185) cpu_start: Pro cpu start user code[0m
[0;32mI (185) cpu_start: cpu freq: 160000000 Hz[0m
[0;32mI (185) cpu_start: Application information:[0m
[0;32mI (188) cpu_start: Project name:     progetto_singolo[0m
[0;32mI (194) cpu_start: App version:      1[0m
[0;32mI (198) cpu_start: Compile time:     May 14 2024 00:02:58[0m
[0;32mI (204) cpu_start: ELF file SHA256:  ea076a4ce...[0m
[0;32mI (209) cpu_start: ESP-IDF:          v5.2.1-dirty[0m
[0;32mI (215) cpu_start: Min chip rev:     v0.0[0m
[0;32mI (220) cpu_start: Max chip rev:     v0.99 [0m
[0;32mI (224) cpu_start: Chip rev:         v0.2[0m
[0;32mI (229) heap_init: Initializing. RAM available for dynamic allocation:[0m
[0;32mI (236) heap_init: At 3FC969B8 len 00052D58 (331 KiB): RAM[0m
[0;32mI (242) heap_init: At 3FCE9710 len 00005724 (21 KiB): RAM[0m
[0;32mI (249) heap_init: At 3FCF0000 len 00008000 (32 KiB): DRAM[0m
[0;32mI (255) heap_init: At 600FE010 len 00001FD8 (7 KiB): RTCRAM[0m
[0;32mI (262) spi_flash: detected chip: gd[0m
[0;32mI (265) spi_flash: flash io: dio[0m
[0;33mW (269) spi_flash: Detected size(8192k) larger than the size in the binary image header(2048k). Using the size in the binary image header.[0m
[0;32mI (283) sleep: Configure to isolate all GPIO pins in sleep state[0m
[0;32mI (289) sleep: Enable automatic switching of GPIO sleep configuration[0m
[0;32mI (297) main_task: Started on CPU0[0m
[0;32mI (307) main_task: Calling app_main()[0m
 sampling frequence is: 83333 and bit width is: 12

[0;32mI (307) gpio: GPIO[1]| InputEn: 0| OutputEn: 0| OpenDrain: 0| Pullup: 0| Pulldown: 0| Intr:0 [0m
 err esp timeout
[0, 3066, 3108, 3108, 2995, 2692, 2357, 1937, 1514, 1129, 808, 547, 418, 395, 481, 705, 1000, 1383, 1810, 2183, 2580, 2887, 3108, 3108, 3108, 3108, 2911, 2576, 2207, 1785, 1380, 1001, 706, 523, 413, 418, 582, 788, 1120, 1506, 1904, 2337, 2703, 2969, 3108, 3108, 3108, 3058, 2808, 2463, 2063, 1678, 1241, 891, 628, 445, 396, 455, 632, 906, 1258, 1676, 2089, 2444, 2809, 3080, 3108, 3108, 3108, 3000, 2674, 2322, 1937, 1534, 1108, 799, 549, 433, 393, 507, 721, 1008, 1395, 1823, 2215, 2561, 2906, 3107, 3108, 3108, 3108, 2884, 2558, 2180, 1782, 1351, 982, 689, 501, 405, 433, 559, 792, 1157, 1524, 1951, 2356, 2703, 3004, 3108, 3108, 3108, 3059, 2785, 2440, 2043, 1643, 1214, 887, 623, 463, 402, 473, 632, 928, 1275, 1691, 2086, 2477, 2820, 3095, 3108, 3108, 3108, 2981, 2668, 2312, 1891, 1484, 1081, 767, 537, 390, 391, 507, 722, 1031, 1406, 1808, 2229, 2607, 2909, 3108, 3108, 3108, 3097, 2901, 2599, 2188, 1766, 1365, 966, 678, 507, 388, 415, 576, 820, 1136, 1538, 1939, 2379, 2703, 3004, 3108, 3108, 3108, 3071, 2820, 2440, 2030, 1593, 1209, 865, 610, 431, 374, 446, 656, 922, 1309, 1694, 2114, 2503, 2835, 3088, 3108, 3108, 3108, 2962, 2652, 2275, 1868, 1472, 1066, 759, 513, 406, 403, 487, 740, 1025, 1432, 1820, 2235, 2627, 2930, 3108, 3108, 3108, 3085, 2877, 2521, 2170, 1748, 1392, 938, 654, 497, 395, 418, 557, 826, 1134, 1569, 1993, 2379, 2723, 3020, 3108, 3108, 3108, 3020, 2769, 2404, 1994, 1572, 1185, 834, 601, 417, 379, 473, 654, 957, 1323, 1724, 2135, 2516, 2874, 3108, 3108, 3108, 3108, 2965, 2638, 2254, 1860, 1435, 1047, 729, 512, 406, 456, 531, 745, 1091, 1454, 1900, 2277, 2626, 2970, 3108, 3108, 3108, 3105, 2867, 2514, 2118, 1718, 1297, 934, 623, 460, 402, 435, 580, 845, 1194, 1595, 2012, 2417, 2777, 3056, 3108, 3108, 3108, 3028, 2713, 2377, 1982, 1561, 1162, 816, 570, 420, 401, 481, 664, 943, 1313, 1754, 2171, 2554, 2877, 3094, 3108, 3108, 3108, 2908, 2610, 2263, 1813, 1419, 1025, 723, 506, 405, 405, 527, 780, 1095, 1494, 1898, 2296, 2662, 2948, 3108, 3108, 3108, 3084, 2800, 2477, 2120, 1691, 1274, 927, 632, 472, 388, 434, 614, 849, 1215, 1622, 2039, 2440, 2765, 3063, 3108, 3108, 3108, 3008, 2708, 2359, 1971, 1548, 1159, 810, 603, 420, 390, 497, 695, 987, 1333, 1759, 2178, 2548, 2904, 3094, 3108, 3108, 3108, 2898, 2582, 2217, 1811, 1392, 1007, 721, 519, 407, 420, 557, 780, 1109, 1484, 1925, 2314, 2691, 2963, 3108, 3108, 3108, 3066, 2813, 2473, 2076, 1664, 1265, 905, 667, 462, 401, 467, 620, 891, 1239, 1641, 2043, 2444, 2785, 3064, 3108, 3108, 3108, 2983, 2691, 2341, 1939, 1518, 1132, 802, 566, 430, 407, 516, 692, 1005, 1386, 1781, 2203, 2594, 2895, 3108, 3108, 3108, 3108, 2884, 2571, 2195, 1791, 1369, 1000, 692, 509, 411, 426, 554, 774, 1120, 1508, 1925, 2330, 2703, 2974, 3108, 3108, 3108, 3064, 2777, 2465, 2066, 1630, 1239, 897, 630, 427, 380, 454, 635, 873, 1262, 1651, 2089, 2461, 2795, 3035, 3108, 3108, 3108, 2951, 2688, 2318, 1935, 1509, 1104, 800, 564, 433, 426, 481, 714, 1005, 1377, 1798, 2217, 2578, 2925, 3108, 3108, 3108, 3031, 2897, 2545, 2179, 1772, 1369, 989, 685, 502, 381, 420, 562, 800, 1129, 1524, 1953, 2339, 2734, 3003, 3108, 3108, 3108, 3069, 2778, 2430, 2030, 1620, 1219, 872, 617, 435, 388, 463, 636, 900, 1259, 1666, 2089, 2479, 2808, 3078, 3108, 3108, 3108, 2949, 2660, 2318, 1895, 1492, 1101, 774, 537, 449, 398, 488, 723, 1027, 1422, 1825, 2220, 2608, 2936, 3108, 3108, 3108, 3108, 2880, 2541, 2158, 1750, 1353, 968, 680, 481, 367, 436, 588, 822, 1143, 1553, 1983, 2357, 2727, 3020, 3108, 3108, 3108, 3046, 2775, 2427, 2012, 1613, 1183, 864, 604, 428, 391, 456, 676, 944, 1295, 1695, 2114, 2500, 2828, 3076, 3108, 3108, 3108, 2966, 2654, 2277, 1863, 1469, 1056, 763, 539, 389, 393, 517, 738, 1029, 1432, 1826, 2261, 2605, 2936, 3108, 3108, 3108, 3105, 2841, 2544, 2144, 1722, 1325, 946, 668, 462, 388, 431, 592, 822, 1157, 1557, 2005, 2370, 2777, 3027, 3108, 3108, 3108, 3042, 2754, 2409, 2017, 1595, 1185, 834, 590, 431, 393, 486, 671, 937, 1319, 1715, 2131, 2521, 2835, 3108, 3108, 3108, 3108, 2951, 2658, 2255, 1863, 1428, 1061, 734, 522, 407, 403, 527, 733, 1074, 1445, 1883, 2286, 2660, 2949, 3108, 3108, 3108, 3086, 2827, 2514, 2116, 1701, 1286, 929, 638, 472, 403, 423, 576, 833, 1204, 1604, 2018, 2421, 2765, 3047, 3108, 3108, 3108, 3031, 2737, 2372, 1965, 1585, 1149, 824, 580, 447, 390, 487, 668, 957, 1318, 1744, 2162, 2546, 2870, 3108, 3108, 3108, 3108, 2934, 2671, 2231, 1847, 1413, 1024, 707, 519, 406, 403, 527, 625, 1078, 1472, 1886, 2292, 2665, 2966, 3108, 3108, 3108, 3098, 2850, 2487, 2117, 1694, 1287, 922, 630, 463, 378, 447, 604, 846, 1213, 1623, 2024, 2444, 2787, 3012, 3108, 3108, 3108, 3001, 2713, 2364, 1914, 1535, 1147, 815, 571, 428, 402, 513, 683, 963, 1401, 1757, 2203, 2568, 2898, 3104, 3108, 3108, 3108, 2916, 2634, 2202, 1811, 1399, 1005, 707, 508, 390, 418, 497, 782, 1091, 1483, 1909, 2318, 2659, 2981, 3108, 3108, 3108, 3051, 2813, 2450, 2082, 1676, 1255, 897, 625, 453, 378, 447, 643, 901, 1251, 1636, 2068, 2435, 2808, 3053, 3108, 3108, 3108, 2991, 2710, 2330, 1934, 1519, 1127, 794, 568, 473, 408, 501, 691, 992, 1353, 1772, 2209, 2576, 2891, 3108, 3108, 3108, 3108, 2891, 2567, 2217, 1796, 1367, 999, 694, 501, 387, 424, 558, 795, 1142, 1506, 1939, 2325, 2686, 2986, 3108, 3108, 3108, 3042, 2784, 2449, 2057, 1655, 1254, 887, 624, 444, 400, 463, 613, 886, 1248, 1653, 2066, 2456, 2798, 3048, 3108, 3108, 3108, 3000, 2695, 2339, 1914, 1504, 1091, 772, 561, 424, 391, 498, 711, 1008, 1396, 1808, 2215, 2593, 2898, 3108, 3108, 3108, 3099, 2905, 2559, 2170, 1774, 1348, 975, 693, 507, 398, 420, 554, 801, 1151, 1521, 1953, 2364, 2715, 3008, 3108, 3108, 3108, 3035, 2781, 2418, 2030, 1620, 1219, 883, 614, 450, 417, 458, 632, 902, 1251, 1673, 2130, 2473, 2824, 3081, 3108, 3108, 3108, 2970, 2667, 2303, 1904, 1456, 1099, 775, 535, 402, 413, 535, 733, 1027, 1403, 1819, 2230, 2615, 2901, 3088, 3108, 3108, 3108, 2879, 2570, ]
arrivato qua 1
ESP-ROM:esp32s3-20210327
Build:Mar 27 2021
rst:0x8 (TG1WDT_SYS_RST),boot:0x8 (SPI_FAST_FLASH_BOOT)
Saved PC:0x42002ae3
SPIWP:0xee
mode:DIO, clock div:1
load:0x3fce3810,len:0x178c
load:0x403c9700,len:0x4
load:0x403c9704,len:0xcbc
load:0x403cc700,len:0x2da0
entry 0x403c9914
[0;32mI (31) boot: ESP-IDF v5.2.1-dirty 2nd stage bootloader[0m
[0;32mI (31) boot: compile time May 14 2024 00:03:09[0m
[0;32mI (31) boot: Multicore bootloader[0m
[0;32mI (35) boot: chip revision: v0.2[0m
[0;32mI (39) boot.esp32s3: Boot SPI Speed : 80MHz[0m
[0;32mI (43) boot.esp32s3: SPI Mode       : DIO[0m
[0;32mI (48) boot.esp32s3: SPI Flash Size : 2MB[0m
[0;33mW (53) boot.esp32s3: PRO CPU has been reset by WDT.[0m
[0;33mW (58) boot.esp32s3: APP CPU has been reset by WDT.[0m
[0;32mI (64) boot: Enabling RNG early entropy source...[0m
[0;32mI (69) boot: Partition Table:[0m
[0;32mI (73) boot: ## Label            Usage          Type ST Offset   Length[0m
[0;32mI (80) boot:  0 nvs              WiFi data        01 02 00009000 00006000[0m
[0;32mI (88) boot:  1 phy_init         RF data          01 01 0000f000 00001000[0m
[0;32mI (95) boot:  2 factory          factory app      00 00 00010000 00100000[0m
[0;32mI (103) boot: End of partition table[0m
[0;32mI (107) esp_image: segment 0: paddr=00010020 vaddr=3c020020 size=13648h ( 79432) map[0m
[0;32mI (130) esp_image: segment 1: paddr=00023670 vaddr=3fc93700 size=029a0h ( 10656) load[0m
[0;32mI (132) esp_image: segment 2: paddr=00026018 vaddr=40374000 size=0a000h ( 40960) load[0m
[0;32mI (144) esp_image: segment 3: paddr=00030020 vaddr=42000020 size=1ea68h (125544) map[0m
[0;32mI (167) esp_image: segment 4: paddr=0004ea90 vaddr=4037e000 size=05690h ( 22160) load[0m
[0;32mI (179) boot: Loaded app from partition at offset 0x10000[0m
[0;32mI (179) boot: Disabling RNG early entropy source...[0m
[0;32mI (190) cpu_start: Multicore app[0m
[0;32mI (200) cpu_start: Pro cpu start user code[0m
[0;32mI (201) cpu_start: cpu freq: 160000000 Hz[0m
[0;32mI (201) cpu_start: Application information:[0m
[0;32mI (204) cpu_start: Project name:     progetto_singolo[0m
[0;32mI (209) cpu_start: App version:      1[0m
[0;32mI (214) cpu_start: Compile time:     May 14 2024 00:02:58[0m
[0;32mI (220) cpu_start: ELF file SHA256:  ea076a4ce...[0m
[0;32mI (225) cpu_start: ESP-IDF:          v5.2.1-dirty[0m
[0;32mI (231) cpu_start: Min chip rev:     v0.0[0m
[0;32mI (235) cpu_start: Max chip rev:     v0.99 [0m
[0;32mI (240) cpu_start: Chip rev:         v0.2[0m
[0;32mI (245) heap_init: Initializing. RAM available for dynamic allocation:[0m
[0;32mI (252) heap_init: At 3FC969B8 len 00052D58 (331 KiB): RAM[0m
[0;32mI (258) heap_init: At 3FCE9710 len 00005724 (21 KiB): RAM[0m
[0;32mI (264) heap_init: At 3FCF0000 len 00008000 (32 KiB): DRAM[0m
[0;32mI (270) heap_init: At 600FE010 len 00001FD8 (7 KiB): RTCRAM[0m
[0;32mI (278) spi_flash: detected chip: gd[0m
[0;32mI (281) spi_flash: flash io: dio[0m
[0;33mW (285) spi_flash: Detected size(8192k) larger than the size in the binary image header(2048k). Using the size in the binary image header.[0m
[0;32mI (299) sleep: Configure to isolate all GPIO pins in sleep state[0m
[0;32mI (305) sleep: Enable automatic switching of GPIO sleep configuration[0m
[0;32mI (312) main_task: Started on CPU0[0m
[0;32mI (322) main_task: Calling app_main()[0m
 sampling frequence is: 83333 and bit width is: 12

[0;32mI (322) gpio: GPIO[1]| InputEn: 0| OutputEn: 0| OpenDrain: 0| Pullup: 0| Pulldown: 0| Intr:0 [0m
 err esp timeout
