ng the size in the binary image header.[0m
[0;32mI (405) sleep: Configure to isolate all GPIO pins in sleep state[0m
[0;32mI (412) sleep: Enable automatic switching of GPIO sleep configuration[0m
[0;32ï¿½ESP-ROM:esp32s3-20210327
Build:Mar 27 2021
rst:0x1 (POWERON),boot:0xb (SPI_FAST_FLASH_BOOT)
SPIWP:0xee
mode:DIO, clock div:1
load:0x3fce3810,len:0x178c
load:0x403c9700,len:0x4
load:0x403c9704,len:0xcbc
load:0x403cc700,len:0x2da0
entry 0x403c9914
[0;32mI (27) boot: ESP-IDF v5.2.1-dirty 2nd stage bootloader[0m
[0;32mI (27) boot: compile time May 15 2024 20:24:16[0m
[0;32mI (27) boot: Multicore bootloader[0m
[0;32mI (30) boot: chip revision: v0.2[0m
[0;32mI (34) boot.esp32s3: Boot SPI Speed : 80MHz[0m
[0;32mI (39) boot.esp32s3: SPI Mode       : DIO[0m
[0;32mI (44) boot.esp32s3: SPI Flash Size : 2MB[0m
[0;32mI (48) boot: Enabling RNG early entropy source...[0m
[0;32mI (54) boot: Partition Table:[0m
[0;32mI (57) boot: ## Label            Usage          Type ST Offset   Length[0m
[0;32mI (65) boot:  0 nvs              WiFi data        01 02 00009000 00006000[0m
[0;32mI (72) boot:  1 phy_init         RF data          01 01 0000f000 00001000[0m
[0;32mI (80) boot:  2 factory          factory app      00 00 00010000 00100000[0m
[0;32mI (87) boot: End of partition table[0m
[0;32mI (91) esp_image: segment 0: paddr=00010020 vaddr=3c0a0020 size=299cch (170444) map[0m
[0;32mI (130) esp_image: segment 1: paddr=000399f4 vaddr=3fc97e00 size=04710h ( 18192) load[0m
[0;32mI (134) esp_image: segment 2: paddr=0003e10c vaddr=40374000 size=01f0ch (  7948) load[0m
[0;32mI (138) esp_image: segment 3: paddr=00040020 vaddr=42000020 size=9c6a4h (640676) map[0m
[0;32mI (259) esp_image: segment 4: paddr=000dc6cc vaddr=40375f0c size=11e9ch ( 73372) load[0m
[0;32mI (276) esp_image: segment 5: paddr=000ee570 vaddr=600fe010 size=00004h (     4) load[0m
[0;32mI (284) boot: Loaded app from partition at offset 0x10000[0m
[0;32mI (285) boot: Disabling RNG early entropy source...[0m
[0;32mI (296) cpu_start: Multicore app[0m
[0;32mI (306) cpu_start: Pro cpu start user code[0m
[0;32mI (306) cpu_start: cpu freq: 160000000 Hz[0m
[0;32mI (306) cpu_start: Application information:[0m
[0;32mI (309) cpu_start: Project name:     progetto_singolo[0m
[0;32mI (315) cpu_start: App version:      730f460-dirty[0m
[0;32mI (320) cpu_start: Compile time:     May 20 2024 17:50:12[0m
[0;32mI (327) cpu_start: ELF file SHA256:  2182e7ae4...[0m
[0;32mI (332) cpu_start: ESP-IDF:          v5.2.1-dirty[0m
[0;32mI (337) cpu_start: Min chip rev:     v0.0[0m
[0;32mI (342) cpu_start: Max chip rev:     v0.99 [0m
[0;32mI (347) cpu_start: Chip rev:         v0.2[0m
[0;32mI (352) heap_init: Initializing. RAM available for dynamic allocation:[0m
[0;32mI (359) heap_init: At 3FCA05B0 len 00049160 (292 KiB): RAM[0m
[0;32mI (365) heap_init: At 3FCE9710 len 00005724 (21 KiB): RAM[0m
[0;32mI (371) heap_init: At 3FCF0000 len 00008000 (32 KiB): DRAM[0m
[0;32mI (377) heap_init: At 600FE014 len 00001FD4 (7 KiB): RTCRAM[0m
[0;32mI (384) spi_flash: detected chip: gd[0m
[0;32mI (388) spi_flash: flash io: dio[0m
[0;33mW (392) spi_flash: Detected size(8192k) larger than the size in the binary image header(2048k). Using the size in the binary image header.[0m
[0;32mI (405) sleep: Configure to isolate all GPIO pins in sleep state[0m
[0;32mI (412) sleep: Enable automatic switching of GPIO sleep configuration[0m
[0;32mI (419) main_task: Started on CPU0[0m
[0;32mI (429) main_task: Calling app_main()[0m
[0;32mI (449) pp: pp rom version: e7ae62f[0m
[0;32mI (449) net80211: net80211 rom version: e7ae62f[0m
I (469) wifi:wifi driver task: 3fcab13c, prio:23, stack:6656, core=0
I (479) wifi:wifi firmware version: a9f5b59
I (479) wifi:wifi certification version: v7.0
I (479) wifi:config NVS flash: enabled
I (479) wifi:config nano formating: disabled
I (479) wifi:Init data frame dynamic rx buffer num: 32
I (489) wifi:Init static rx mgmt buffer num: 5
I (489) wifi:Init management short buffer num: 32
I (499) wifi:Init dynamic tx buffer num: 32
I (499) wifi:Init static tx FG buffer num: 2
I (509) wifi:Init static rx buffer size: 1600
I (509) wifi:Init static rx buffer num: 10
I (509) wifi:Init dynamic rx buffer num: 32
[0;32mI (519) wifi_init: rx ba win: 6[0m
[0;32mI (519) wifi_init: tcpip mbox: 32[0m
[0;32mI (529) wifi_init: udp mbox: 6[0m
[0;32mI (529) wifi_init: tcp mbox: 6[0m
[0;32mI (529) wifi_init: tcp tx win: 5760[0m
[0;32mI (539) wifi_init: tcp rx win: 5760[0m
[0;32mI (539) wifi_init: tcp mss: 1440[0m
[0;32mI (549) wifi_init: WiFi IRAM OP enabled[0m
[0;32mI (549) wifi_init: WiFi RX IRAM OP enabled[0m
[0;32mI (559) phy_init: phy_version 640,cd64a1a,Jan 24 2024,17:28:12[0m
I (599) wifi:mode : sta (48:27:e2:e2:e5:e4)
I (599) wifi:enable tsf
I (609) wifi:new:<6,0>, old:<1,0>, ap:<255,255>, sta:<6,0>, prof:1
I (609) wifi:state: init -> auth (b0)
I (659) wifi:state: auth -> assoc (0)
I (669) wifi:state: assoc -> run (10)
I (709) wifi:connected with OnePlus Nord, aid = 9, channel 6, BW20, bssid = 0e:6e:0d:44:bd:4a
I (709) wifi:security: WPA2-PSK, phy: bgn, rssi: -46
I (709) wifi:pm start, type: 1

I (709) wifi:dp: 1, bi: 102400, li: 3, scale listen interval from 307200 us to 307200 us
I (719) wifi:set rx beacon pti, rx_bcn_pti: 0, bcn_timeout: 25000, mt_pti: 0, mt_time: 10000
[0;32mI (729) WIFI: Connesso al punto di accesso[0m
I (779) wifi:dp: 2, bi: 102400, li: 4, scale listen interval from 307200 us to 409600 us
I (779) wifi:AP's beacon interval = 102400 us, DTIM period = 2
[0;32mI (1729) esp_netif_handlers: sta ip: 192.168.223.252, mask: 255.255.255.0, gw: 192.168.223.13[0m
got ip, proceeding to unblock mqttmqtt could proceed, connection established and ip address received
[0;32mI (1949) MQTT: Other event id:7[0m
the max sampling frequency due to adc limitations is 83333
the free size of the largest block in heap is 212992 (bytes)
the max sampling frequency due to memory limitations is 30427
the max sampling frequency due to read time limitations is 26315
the bottleneck frequency is 26315
[0;32mI (1969) READ CONTINUOUS: sampling with a lower frequency wrt requested![0m
I am sampling at frequency 26315 for calculating the mean
the number of samples I am trying to allocate is 92102
I (3249) wifi:<ba-add>idx:0 (ifx:0, 0e:6e:0d:44:bd:4a), tid:0, ssn:3, winSize:64
[0;32mI (4679) MQTT: MQTT_EVENT_CONNECTED[0m
 il tempo veramente passato a samplare Ã¨: 3588763
the mean is 927
[0;32mI (8409) MQTT: sent publish successful, msg_id=60109[0m
sent message to broker, msg_id=60109
[0;32mI (8569) MQTT: MQTT client disconnected and deallocated[0m
I (8569) wifi:state: run -> init (0)
I (8569) wifi:pm stop, total sleep time: 6593927 us / 7859868 us

I (8579) wifi:<ba-del>idx:0, tid:0
I (8579) wifi:new:<6,0>, old:<6,0>, ap:<255,255>, sta:<6,0>, prof:1
[0;32mI (8589) WIFI: Disconnesso dal punto di accesso[0m
I (8589) wifi:flush txq
I (8589) wifi:stop sw txq
I (8589) wifi:lmac stop hw txq
I (8599) wifi:Deinit lldesc rx mblock:10
[0;32mI (8609) WIFI: WIFI disconnected and deallocated[0m
[0;32mI (8609) main_task: Returned from app_main()[0m
