 heap_init: At 3FC969B8 len 00052D58 (331 KiB): RAM[0m
[0;32mI (247) heap_init: At 3FCE9710 len 00005724 (21 KiB): RAM[0m
[0;32mI (253) heap_init: At 3FCF0000 len 00008000 (32 KiB): DRAM[0m
[0;32mI (259) heap_init: At 600FE010 len 00001FD8 (7 KiB): RTCRAM[0m
[0;32mI (266) spi_flash: detected chip: gd[0m
[0;32mI (270) spi_flash: flash io: dio[0m
[0;33mW (274) spi_flash: Detected size(8192k) larger than the size in the binary image header(2048k). Using the size in the binary image header.[0m
[0;32mI (287) sleep: Configure to isolate all GPIO pins in sleep state[0m
[0;32mI (294) sleep: Enable automatic switching of GPIO sleep configuration[0m
[0;32mI (301) main_task: Started on CPU0[0m
[0;32mI (311) main_task: Calling app_main()[0m
 sampling frequence is: 83333 and bit width is: 12

[0;32mI (311) gpio: GPIO[1]| InputEn: 0| OutputEn: 0| OpenDrain: 0| Pullup: 0| Pulldown: 0| Intr:0 [0m
 err esp timeout
[0, 1025, 527, 413, 415, 531, 740, 1050, 1444, 1860, 2293, 2628, 2939, 3108, 3108, 3108, 3081, 2830, 2521, 2117, 1704, 1297, 942, 663, 467, 406, 446, 589, 861, 1179, 1595, 2024, 2392, 2753, 3044, 3108, 3108, 3108, 2992, 2760, 2384, 1982, 1557, 1170, 819, 579, 433, 383, 472, 678, 943, 1331, 1742, 2165, 2549, 2864, 3105, 3108, 3108, 3108, 2936, 2625, 2252, 1837, 1450, 1025, 733, 513, 395, 393, 519, 771, 1082, 1469, 1898, 2291, 2669, 2964, 3108, 3108, 3108, 3077, 2835, 2471, 2096, 1698, 1278, 923, 647, 475, 379, 444, 594, 878, 1251, 1616, 2041, 2424, 2766, 3039, 3108, 3108, 3108, 3012, 2710, 2368, 1974, 1538, 1122, 808, 567, 414, 388, 484, 689, 976, 1345, 1778, 2184, 2560, 2905, 3108, 3108, 3108, 3108, 2908, 2601, 2225, 1805, 1390, 1001, 733, 497, 407, 403, 555, 780, 1109, 1500, 1925, 2328, 2683, 2993, 3108, 3108, 3108, 3073, 2798, 2472, 2063, 1653, 1239, 923, 616, 454, 389, 435, 606, 886, 1232, 1630, 2069, 2432, 2807, 3066, 3108, 3108, 3108, 2991, 2721, 2339, 1925, 1512, 1129, 792, 533, 404, 405, 481, 711, 1025, 1365, 1787, 2194, 2584, 2904, 3105, 3108, 3108, 3108, 28ESP-ROM:esp32s3-20210327
Build:Mar 27 2021
rst:0x1 (POWERON),boot:0xb (SPI_FAST_FLASH_BOOT)
SPIWP:0xee
mode:DIO, clock div:1
load:0x3fce3810,len:0x178c
load:0x403c9700,len:0x4
load:0x403c9704,len:0xcbc
load:0x403cc700,len:0x2da0
entry 0x403c9914
[0;32mI (27) boot: ESP-IDF v5.2.1-dirty 2nd stage bootloader[0m
[0;32mI (27) boot: compile time May 14 2024 00:03:09[0m
[0;32mI (27) boot: Multicore bootloader[0m
[0;32mI (30) boot: chip revision: v0.2[0m
[0;32mI (34) boot.esp32s3: Boot SPI Speed : 80MHz[0m
[0;32mI (39) boot.esp32s3: SPI Mode       : DIO[0m
[0;32mI (44) boot.esp32s3: SPI Flash Size : 2MB[0m
[0;32mI (48) boot: Enabling RNG early entropy source...[0m
[0;32mI (54) boot: Partition Table:[0m
[0;32mI (57) boot: ## Label            Usage          Type ST Offset   Length[0m
[0;32mI (65) boot:  0 nvs              WiFi data        01 02 00009000 00006000[0m
[0;32mI (72) boot:  1 phy_init         RF data          01 01 0000f000 00001000[0m
[0;32mI (80) boot:  2 factory          factory app      00 00 00010000 00100000[0m
[0;32mI (87) boot: End of partition table[0m
[0;32mI (91) esp_image: segment 0: paddr=00010020 vaddr=3c020020 size=13638h ( 79416) map[0m
[0;32mI (114) esp_image: segment 1: paddr=00023660 vaddr=3fc93700 size=029a0h ( 10656) load[0m
[0;32mI (117) esp_image: segment 2: paddr=00026008 vaddr=40374000 size=0a010h ( 40976) load[0m
[0;32mI (129) esp_image: segment 3: paddr=00030020 vaddr=42000020 size=1ea54h (125524) map[0m
[0;32mI (152) esp_image: segment 4: paddr=0004ea7c vaddr=4037e010 size=05680h ( 22144) load[0m
[0;32mI (163) boot: Loaded app from partition at offset 0x10000[0m
[0;32mI (163) boot: Disabling RNG early entropy source...[0m
[0;32mI (175) cpu_start: Multicore app[0m
[0;32mI (185) cpu_start: Pro cpu start user code[0m
[0;32mI (185) cpu_start: cpu freq: 160000000 Hz[0m
[0;32mI (185) cpu_start: Application information:[0m
[0;32mI (188) cpu_start: Project name:     progetto_singolo[0m
[0;32mI (194) cpu_start: App version:      1[0m
[0;32mI (198) cpu_start: Compile time:     May 14 2024 00:02:58[0m
[0;32mI (204) cpu_start: ELF file SHA256:  0dafcfaad...[0m
[0;32mI (209) cpu_start: ESP-IDF:          v5.2.1-dirty[0m
[0;32mI (215) cpu_start: Min chip rev:     v0.0[0m
[0;32mI (220) cpu_start: Max chip rev:     v0.99 [0m
[0;32mI (224) cpu_start: Chip rev:         v0.2[0m
[0;32mI (229) heap_init: Initializing. RAM available for dynamic allocation:[0m
[0;32mI (236) heap_init: At 3FC969B8 len 00052D58 (331 KiB): RAM[0m
[0;32mI (242) heap_init: At 3FCE9710 len 00005724 (21 KiB): RAM[0m
[0;32mI (249) heap_init: At 3FCF0000 len 00008000 (32 KiB): DRAM[0m
[0;32mI (255) heap_init: At 600FE010 len 00001FD8 (7 KiB): RTCRAM[0m
[0;32mI (262) spi_flash: detected chip: gd[0m
[0;32mI (265) spi_flash: flash io: dio[0m
[0;33mW (269) spi_flash: Detected size(8192k) larger than the size in the binary image header(2048k). Using the size in the binary image header.[0m
[0;32mI (283) sleep: Configure to isolate all GPIO pins in sleep state[0m
[0;32mI (289) sleep: Enable automatic switching of GPIO sleep configuration[0m
[0;32mI (297) main_task: Started on CPU0[0m
[0;32mI (307) main_task: Calling app_main()[0m
 sampling frequence is: 83333 and bit width is: 12

[0;32mI (307) gpio: GPIO[1]| InputEn: 0| OutputEn: 0| OpenDrain: 0| Pullup: 0| Pulldown: 0| Intr:0 [0m
 err esp timeout
[0, 390, 642, 932, 1306, 1695, 2116, 2510, 2817, 3073, 3108, 3108, 3108, 2948, 2627, 2284, 1874, 1452, 1079, 742, 549, 398, 405, 527, 744, 1041, 1444, 1846, 2245, 2613, 2951, 3108, 3108, 3108, 3090, 2884, 2524, 2134, 1703, 1292, 954, 668, 473, 390, 436, 594, 828, 1188, 1584, 1989, 2370, 2741, 3011, 3108, 3108, 3108, 3064, 2739, 2392, 1997, 1595, 1163, 840, 593, 436, 363, 481, 646, 925, 1328, 1739, 2126, 2539, 2885, 3102, 3108, 3108, 3108, 2944, 2634, 2254, 1864, 1430, 1043, 745, 533, 390, 391, 523, 767, 1081, 1449, 1888, 2279, 2668, 3108, 3108, 3108, 3108, 3077, 2820, 2507, 2116, 1708, 1300, 922, 664, 552, 450, 462, 647, 781, 1209, 1608, 2035, 2428, 2736, 3032, 3108, 3108, 3108, 3004, 2527, 2551, 1971, 1568, 1160, 840, 577, 427, 402, 486, 707, 707, 1331, 1746, 2184, 2532, 2866, 3099, 3108, 3108, 3108, 2918, 2607, 2253, 1833, 1430, 1037, 737, 508, 400, 413, 525, 734, 1085, 1467, 1900, 2290, 2668, 2974, 3108, 3108, 3108, 3066, 2817, 2489, 2102, 1698, 1279, 916, 646, 473, 383, 473, 614, 891, 1228, 1613, 2020, 2435, 2766, 3072, 3108, 3108, 3108, 3015, 2733, 2375, 1953, 1548, 1143, 810, 574, 426, 401, 486, 678, 982, 1369, 1754, 2165, 2548, 2903, 3098, 3108, 3108, 3108, 2925, 2582, 2235, 1821, 1398, 1017, 710, 513, 404, 396, 533, 777, 1097, 1490, 1923, 2309, 2668, 2981, 3108, 3108, 3108, 3104, 2818, 2486, 2082, 1678, 1249, 910, 635, 447, 381, 445, 601, 879, 1222, 1600, 2045, 2426, 2776, 3064, 3108, 3108, 3108, 2993, 2704, 2354, 1936, 1521, 1129, 800, 562, 413, 389, 498, 673, 991, 1351, 1778, 2190, 2571, 2895, 3108, 3108, 3108, 3108, 2891, 2580, 2209, 1792, 1369, 1021, 695, 486, 390, 402, 548, 810, 1122, 1527, 1943, 2354, 2695, 2996, 3108, 3108, 3108, 3048, 2818, 2453, 2082, 1641, 1224, 884, 617, 449, 391, 447, 631, 900, 1248, 1653, 2082, 2453, 2809, 3065, 3108, 3108, 3108, 2993, 2679, 2320, 1914, 1518, 1079, 769, 533, 418, 391, 507, 717, 1001, 1379, 1794, 2214, 2607, 2923, 3108, 3108, 3108, 3108, 2879, 2562, 2179, 1772, 1349, 976, 664, 497, 390, 410, 557, 827, 1142, 1564, 1954, 2354, 2699, 3003, 3108, 3108, 3108, 3050, 2769, 2424, 2039, 1653, 1209, 849, 610, 442, 404, 460, 636, 902, 1275, 1698, 2083, 2500, 2822, 3071, 3108, 3108, 3108, 2969, 2683, 2288, 1895, 1472, 1079, 780, 557, 413, 409, 507, 723, 1026, 1417, 1834, 2233, 2607, 2952, 3108, 3108, 3108, 3107, 2868, 2554, 2151, 1741, 1299, 972, 668, 478, 388, 450, 576, 823, 1147, 1561, 2002, 2379, 2713, 3016, 3108, 3108, 3108, 3036, 2765, 2414, 2012, 1589, 1199, 841, 606, 431, 393, 481, 658, 922, 1319, 1702, 2116, 2507, 2841, 3073, 3108, 3108, 3108, 2954, 2645, 2275, 1878, 1469, 1067, 763, 562, 395, 431, 512, 762, 1071, 1458, 1850, 2279, 2638, 2930, 3108, 3108, 3108, 3105, 2836, 2524, 2126, 1729, 1325, 943, 664, 482, 405, 442, 574, 849, 1183, 1557, 1994, 2379, 2741, 3036, 3108, 3108, 3108, 3008, 2753, 2389, 2007, 1574, 1182, 835, 599, 442, 370, 469, 678, 952, 1325, 1725, 2131, 2530, 2856, 3103, 3108, 3108, 3108, 2933, 2625, 2271, 1868, 1445, 1082, 741, 553, 406, 430, 538, 762, 1073, 1442, 1888, 2280, 2647, 2959, 3108, 3108, 3108, 3088, 2870, 2521, 2120, 1714, 1317, 928, 659, 480, 403, 447, 601, 846, 1183, 1616, 2002, 2400, 2739, 3028, 3108, 3108, 3108, 3020, 2724, 2382, 1974, 1564, 1173, 844, 574, 365, 402, 481, 678, 953, 1343, 1748, 2166, 2539, 2859, 3102, 3108, 3108, 3108, 2930, 2636, 2255, 1834, 1413, 1053, 731, 510, 402, 407, 551, 763, 1085, 1472, 1877, 2290, 2662, 2961, 3108, 3108, 3108, 3073, 2801, 2484, 2108, 1689, 1278, 927, 650, 466, 393, 423, 593, 878, 1215, 1595, 2037, 2440, 2801, 3035, 3108, 3108, 3108, 3001, 2716, 2364, 1957, 1544, 1145, 814, 563, 418, 419, 483, 722, 987, 1342, 1741, 2206, 2545, 2885, 3102, 3108, 3108, 3108, 2915, 2601, 2217, 1831, 1409, 1008, 729, 516, 374, 405, 562, 762, 1093, 1472, 1913, 2314, 2681, 2985, 3108, 3108, 3108, 3076, 2820, 2478, 2069, 1664, 1257, 901, 630, 460, 391, 456, 603, 875, 1213, 1643, 2053, 2432, 2797, 3057, 3108, 3108, 3108, 3008, 2702, 2330, 1971, 1527, 1145, 811, 562, 408, 423, 477, 689, 994, 1358, 1782,020, 689, 495, 390, 410, 548, 777, 1138, 1498, 1934, 2341, 2695, 2984, 3108, 3108, 3108, 3072, 2784, 2427, 2076, 1651, 1228, 891, 613, 446, 378, 457, 625, 905, 1260, 1659, 2063, 2478, 2817, 3058, 3108, 3108, 3108, 2992, 2679, 2303, 1913, 1486, 1120, 784, 572, 413, 408, 497,  33056, 2774, 2424, 2035, 1624, 1224, 883, 577, 435, 390, 454, 654, 901, 1286, 1683, 2119, 2467, 2840, 3094, 3108, 3108, 3108, 2984, 2668, 2302, 1881, 1467, 1089, 756, 519, 401, 409, 515, 722, 1031, 1428, 1837, 2247, 2591, 2922, 3108, 3108, 3108, 3108, 2888, 2557, 2144, 1748, 1343, 962, 671, 486, 405, 423, 585, 813, 1160, 1561, 1983, 2372, 2737, 3010, 3108, 3108, 3108, 3032, 2766, 2394, 2010, 1604, 1206, 846, 625, 436, 403, 449, 653, 936, 1302, 1719, 2121, 2507, 2858, 3098, 3108, 3108, 3108, 2953, 2636, 2275, 1865, 1450, 1055, 741, 513, 396, 401, 533, 741, 1055, 1417, 1852, 2277, 2634, 29,5 2381, 2749, 3008, 3108, 3108, 3108, 3017, 2775, 2392, 2019, 1579, 1179, 830, 593, 445, 391, 456, 663, 953, 1311, 1747, 2122, 2532, 2874, 3080, 3108, 3108, 3108, 2939, 2619, 2266, 1835, 1454, 1051, 731, 516, 415, 418, 532, 767, 1065, 1456, 1868, 2290, 2639, 2962, 3108, 3108, 3108, 3081, 2830, 2500, 2117, 1698, 1297, 943, 654, 487, 402, 430, 588, 873, 1185, 1599, 2017, 2404, 2766, 3028, 3108, 3108, 3108, 3020, 2739, 2366, 1967, 1557, 1170, 816, 562, 431, 391, 482, 708, 963, 1353, 1733, 2178, 2526, 2885, 3092, 3108, 3108, 3108, 2909, 2622, 2245, 1818, 1430, 1050, 749, 519, 403, 426, 557, 761, 1078, 1487, 1878, ]
Guru Meditation Error: Core  0 panic'ed (InstrFetchProhibited). Exception was unhandled.

Core  0 register dump:
PC      : 0xc21e4dee  PS      : 0x00060530  A0      : 0x820157ee  A1      : 0x3fc9a9e0  
A2      : 0x3fc9754c  A3      : 0x0000000b  A4      : 0x3fc9ac64  A5      : 0x0000000a  
A6      : 0x3c0228a4  A7      : 0x3fc9ac2c  A8      : 0x82011472  A9      : 0xc21e4dee  
A10     : 0x3fc9b000  A11     : 0xc21b71e7  A12     : 0x3c0228a4  A13     : 0xc2642684  
A14     : 0x0000000a  A15     : 0x0000cdcd  SAR     : 0x00000004  EXCCAUSE: 0x00000014  
EXCVADDR: 0xc21e4dec  LBEG    : 0x400556d5  LEND    : 0x400556e5  LCOUNT  : 0xffffffff  


Backtrace: 0x421e4deb:0x3fc9a9e0 0x420157eb:0x3fc9aa10 0x42015175:0x3fc9aa30 0x4201188d:0x3fc9ad50 0x4201e9e9:0x3fc9ad80 0x403814ed:0x3fc9adb0 0x4201dbde:0x3fc9ae00 0x4037b509:0x3fc9ae30




ELF file SHA256: 0dafcfaad

Rebooting...
ï¿½ï¿½ï¿½ESP-ROM:esp32s3-20210327
Build:Mar 27 2021
rst:0xc (RTC_SW_CPU_RST),boot:0xb (SPI_FAST_FLASH_BOOT)
Saved PC:0x40375958
SPIWP:0xee
mode:DIO, clock div:1
load:0x3fce3810,len:0x178c
load:0x403c9700,len:0x4
load:0x403c9704,len:0xcbc
load:0x403cc700,len:0x2da0
entry 0x403c9914
[0;32mI (31) boot: ESP-IDF v5.2.1-dirty 2nd stage bootloader[0m
[0;32mI (31) boot: compile time May 14 2024 00:03:09[0m
[0;32mI (31) boot: Multicore bootloader[0m
[0;32mI (35) boot: chip revision: v0.2[0m
[0;32mI (39) boot.esp32s3: Boot SPI Speed : 80MHz[0m
[0;32mI (43) boot.esp32s3: SPI Mode       : DIO[0m
[0;32mI (48) boot.esp32s3: SPI Flash Size : 2MB[0m
[0;32mI (53) boot: Enabling RNG early entropy source...[0m
[0;32mI (58) boot: Partition Table:[0m
[0;32mI (62) boot: ## Label           oUt:  0 nvs              WiFi data        01 02 00009000 00006000[0m
[0;32mI (77) boot:  1 phy_init         RF data          01 01 0000f000 00001000[0m
[0;32mI (84) boot:  2 factory          factory app      00 00 00010000 00100000[0m
[0;32mI (92) boot: End of partition table[0m
[0;32mI (96) esp_image: segment 0: paddr=00010020 vaddr=3c020020 size=13638h ( 79416) map[0m
[0;32mI (118) esp_image: segment 1: paddr=00023660 vaddr=3fc93700 size=029a0h ( 10656) load[0m
[0;32mI (121) esp_image: segment 2: paddr=00026008 vaddr=40374000 size=0a010h ( 40976) load[0m
[0;32mI (133) esp_image: segment 3: paddr=00030020 vaddr=42000020 size=1ea54h (125524) map[0m
[0;32mI (156) esp_image: segment 4: paddr=0004ea7c vaddr=4037e010 size=05680h ( 22144) load[0m
[0;32mI (168) boot: Loaded app from partition at offset 0x10000[0m
[0;32mI (168) boot: Disabling RNG early entropy source...[0m
[0;32mI (179) cpu_start: Multicore app[0m
[0;32mI (189) cpu_start: Pro cpu start user code[0m
[0;32mI (189) cpu_start: cpu freq: 160000000 Hz[0m
[0;32mI (189) cpu_start: Application information:[0m
[0;32mI (192) cpu_start: Project name:     progetto_singolo[0m
[0;32mI (198) cpu_start: App version:      1[0m
[0;32mI (202) cpu_start: Compile time:     May 14 2024 00:02:58[0m
[0;32mI (209) cpu_start: ELF file SHA256:  0dafcfaad...[0m
[0;32mI (214) cpu_start: ESP-IDF:          v5.2.1-dirty[0m
[0;32mI (219) cpu_start: Min chip rev:     v0.0[0m
[0;32mI (224) cpu_start: Max chip rev:     v0.99 [0m
[0;32mI (229) cpu_start: Chip rev:         v0.2[0m
[0;32mI (234) heap_init: Initializing. RAM available for dynamic allocation:[0m
[0;32mI (241) heap_init: At 3FC969B8 len 00052D58 (331 KiB): RAM[0m
[0;32mI (247) heap_init: At 3FCE9710 len 00005724 (21 KiB): RAM[0m
[0;32mI (253) heap_init: At 3FCF0000 len 00008000 (32 KiB): DRAM[0m
[0;32mI (259) heap_init: At 600FE010 len 00001FD8 (7 KiB): RTCRAM[0m
[0;32mI (266) spi_flash: detecieo[0m
[0;33mW (274) spi_flash: Detected size(8192k) larger than the size in the binary image header(2048k). Using the size in the binary image header.[0m
[0;32mI (287) sleep: Configure to isolate all GPIO pins in sleep state[0m
[0;32mI (294) sleep: Enable automatic switching of GPIO sleep configuration[0m
[0;32mI (301) main_task: Started on CPU0[0m
[0;32mI (311) main_task: Calling app_main()[0m
 sampling frequence is: 83333 and bit width is: 12

[0;32mI (311) gpio: GPIO[1]| InputEn: 0| OutputEn: 0| OpenDrain: 0| Pullup: 0| Pulldown: 0| Intr:0 [0m
 err esp timeout
[0, 3108, 2952, 2654, 2291, 1881, 1473, 1079, 756, 540, 415, 391, 513, 728, 1047, 1417, 1831, 2245, 2617, 2917, 3108, 3108, 3108, 3092, 2861, 2539, 2151, 1750, 1330, 989, 665, 475, 396, 431, 579, 823, 1157, 1557, 1983, 2389, 2745, 3001, 3108, 3108, 3108, 3047, 2765, 2404, 2017, 1590, 1195, 841, 628, 432, 409, 482, 653, 948, 1292, 1708, 2139, 2512, 2856, 3084, 3108, 3108, 3108, 2969, 2651, 2259, 1864, 1445, 1061, 748, 524, 406, 405, 519, 757, 1042, 1449, 1858, 2254, 2628, 2951, 3108, 3108, 3108, 3108, 2856, 2512, 2144, 1719, 1303, 943, 651, 461, 395, 433, 552, 853, 1162, 1592, 1980, 2418, 2848, 3042, 3108, 3108, 3108, 3036, 2741, 2391, 2002, 1565, 1185, 823, 614, 415, 410, 466, 683, 951, 1323, 1743, 2160, 2525, 2857, 3099, 3108, 3108, 3108, 2934, 2613, 2259, 1849, 1437, 1039, 323, 487, 456, 400, 501, 763, 687, 1460, 1709, 2280, 2651, 2492, 3108, 3108, 3108, 3066, 2827, 2473, 2119, 1474, 1282, 897, 766, 733, 603, 354, 586, 861, 1223, 1602, 2043, 2467, 2638, 3004, 3108, 3108, 3108, 3008, 2733, 2370, 1971, 1551, 1137, 822, 576, 406, 396, 480, 678, 986, 1330, 1759, 2167, 2548, 2870, 3095, 3108, 3108, 3108, 2923, 2591, 2240, 1818, 1393, 1018, 721, 507, 401, 420, 541, 763, 1094, 1487, 1915, 2316, 2708, 2944, 3108, 3108, 3108, 3080, 2807, 2475, 2087, 1666, 1249, 895, 632, 447, 387, 442, 620, 867, 1219, 1649, 2043, 2448, 2794, 3068, 3108, 3108, 3108, 3000, 2711, 2326, 1937, 1516, 1111, 794, 553, 420, 376, 483, 710, 982, 1365, 1778, 2184, 2569, 2896, 3108, 3108, 3108, 3108, 2911, 2568, 2203, 1798, 1379, 1001, 694, 498, 419, 409, 564, 784, 1111, 1509, 1918, 2334, 2691, 3000, 3108, 3108, 3108, 3050, 2788, 2440, 2068, 1638, 1234, 884, 623, 435, 390, 450, 614, 901, 1248, 1643, 2069, 2456, 2801, 3071, 3108, 3108, 3108, 2985, 2667, 2312, 1920, 1488, 1117, 794, 562, 407, 405, 509, 712, 1039, 1401, 1821, 2213, 2622, 2897, 3108, 3108, 3108, 3102, 2887, 2555, 2170, 1757, 1361, 978, 692, 494, 415, 431, 568, 800, 1141, 1552, 1957, 2354, 2715, 2996, 3108, 3108, 3108, 3042, 2774, 2418, 2041, 1620, 1213, 877, 566, 446, 406, 452, 651, 912, 1292, 1669, 2091, 2491, 2813, 3064, 3108, 3108, 3108, 2960, 2687, 2293, 1891, 1483, 1074, 784, 533, 418, 410, 533, 689, 1066, 1400, 1838, 2231, 2611, 2927, 3108, 3108, 3108, 3108, 2876, 2545, 2157, 1757, 1353, 980, 710, 497, 391, 430, 574, 841, 1155, 1546, 1949, 2379, 2722, 3020, 3108, 3108, 3108, 3042, 2753, 2414, 2012, 1604, 1209, 846, 593, 456, 391, 472, 654, 928, 1294, 1683, 2119, 2512, 2840, 3081, 3108, 3108, 3108, 2949, 2672, 2288, 1882, 1472, 1079, 766, 549, 411, 402, 523, 724, 1053, 1439, 1846, 2268, 2628, 2933, 3108, 3108, 3108, 3098, 2885, 2530, 2156, 1719, 1309, 955, 658, 481, 402, 450, 586, 835, 1157, 1559, 1974, 2395, 2732, 3025, 3108, 3108, 3108, 3008, 2742, 2392, 2014, 1602, 1185, 837, 593, 433, 399, 506, 652, 944, 1315, 1718, 2135, 2524, 2809, 3077, 3108, 3108, 3108, 2934, 2624, 2268, 1891, 1454, 1059, 780, 540, 416, 404, 547, 741, 1047, 1445, 1852, 2269, 2640, 2944, 3108, 3108, 3108, 3058, 2833, 2502, 2157, 1718, 1309, 947, 671, 486, 389, 423, 601, 842, 1189, 1590, 2001, 2389, 2754, 3028, 3108, 3108, 3108, 3003, 2715, 2379, 1987, 1577, 1179, 844, 576, 430, 383, 481, 678, 963, 1318, 1745, 2143, 2532, 2864, 3102, 3108, 3108, 3108, 2912, 2647, 2257, 1844, 1419, 1050, 766, 497, 426, 420, 529, 756, 1078, 1457, 1889, 2288, 2641, 2961, 3108, 3108, 3108, 3084, 2828, 2500, 2107, 1694, 1284, 928, 624, 467, 401, 447, 588, 852, 1202, 1595, 2024, 2427, 2775, 3047, 3108, 3108, 3108, 3033, 2725, 2357, 1963, 1544, 1155, 813, 514, 432, 380, 482, 673, 982, 1328, 1772, 2178, 2535, 2864, 3108, 3108, 3108, 3108, 2927, 2622, 2255, 1820, 1401, 1007, 693, 507, 396, 401, 533, 793, 1100, 1492, 1904, 2328, 2681, 2962, 3108, 3108, 3108, 3076, 2820, 2482, 2083, 1662, 1262, 912, 625, 442, 387, 435, 591, 871, 1199, 1624, 2071, 2440, 2777, 3056, 3108, 3108, 3108, 2984, 2700, 2347, 1941, 1516, 1125, 800, 562, 420, 402, 484, 696, 995, 1377, 1777, 2179, 2590, 2904, 3108, 3108, 3108, 3108, 2934, 2568, 2228, 1798, 1398, 999, 721, 495, 401, 420, 555, 777, 1138, 1514, 1929, 2325, 2700, 2988, 3108, 3108, 3108, 3072, 2785, 2440, 2061, 1627, 1226, 884, 603, 458, 396, 393, 620, 883, 1233, 1647, 2076, 2464, 2810, 3066, 3108, 3108, 3108, 2959, 2686, 2318, 1934, 1503, 1127, 781, 541, 418, 395, 507, 694, 1003, 1387, 1809, 2210, 2580, 2925, 3108, 3108, 3108, 3108, 2885, 2555, 2207, 1779, 1380, 978, 720, 473, 418, 426, 563, 799, 1141, 1524, 1948, 2352, 2700, 2986, 3108, 3108, 3108, 3050, 2784, 2437, 2030, 1637, 1215, 872, 604, 436, 390, 472, 625, 927, 1262, 1701, 2087, 2479, 2807, 3077, 3108, 3108, 3108, 2957, 2671, 2296, 1898, 1471, 1085, 774, 535, 396, 409, 527, 716, 1039, 1409, 1852, 2231, 2612, 2938, 3108, 3108, 3108, 3098, 2870, 2578, 2167, 1750, 1325, 976, 689, 488, 406, 435, 558, 822, 1138, 1548, 1957, 2357, 2733, 2993, 3108, 3108, 3108, 3053, 2756, 2407, 2026, 16025 00, 2827, 3078, 3108, 3108, 3108, 2974, 2652, 2316, 1870, 1468, 1091, 780, 538, 396, 401, 519, 733, 1039, 1422, 1847, 2238, 2624, 2916, 3108, 3108, 3108, 3105, 2887, 2532, 2131, 1727, 1330, 976, 663, 469, 383, 436, 600, 844, 1179, 1568, 1967, 2381, 2749, 3015, 3108, 3108, 3108, 3036, 2744, 2404, 2005, 1588, 1179, 840, 592, 426, 405, 483, 654, 932, 1306, 1703, 2114, 2514, 2848, 3084, 3108, 3108, 3108, 2959, 2640, 2266, 1869, 1464, 1078, 771, 527, 401, 406, 537, 749, 1071, 1449, 1858, 2268, 2607, 2941, 3108, 3108, 3108, 3098, 2854, 2507, 2130, 1714, 1308, 931, 664, 461, 395, 427, 586, 827, 1173, 1573, 2005, 2407, 2744, 3035, 3108, 3108, 3108, 3024, 2741, 2382, 1987, 1564, 1149, 835, 572, 431, 381, 462, 678, 947, 1315, 1742, 2137, 2521, 2859, 3078, 3108, 3108, 3108, 2936, 2645, 2243, 1858, 1440, 1054, 723, 505, 408, 406, 536, 750, 1079, 1460, 1888, 2281, 2651, 2959, ,1 1700, ]
