ESP-ROM:esp32s3-20210327
Build:Mar 27 2021
rst:0x1 (POWERON),boot:0xa (SPI_FAST_FLASH_BOOT)
SPIWP:0xee
mode:DIO, clock div:1
load:0x3fce3810,len:0x178c
load:0x403c9700,len:0x4
load:0x403c9704,len:0xcbc
load:0x403cc700,len:0x2da0
entry 0x403c9914
[0;32mI (27) boot: ESP-IDF v5.2.1-dirty 2nd stage bootloader[0m
[0;32mI (27) boot: compile time May  6 2024 17:13:56[0m
[0;32mI (27) boot: Multicore bootloader[0m
[0;32mI (30) boot: chip revision: v0.2[0m
[0;32mI (34) boot.esp32s3: Boot SPI Speed : 80MHz[0m
[0;32mI (39) boot.esp32s3: SPI Mode       : DIO[0m
[0;32mI (44) boot.esp32s3: SPI Flash Size : 2MB[0m
[0;32mI (48) boot: Enabling RNG early entropy source...[0m
[0;32mI (54) boot: Partition Table:[0m
[0;32mI (57) boot: ## Label            Usage          Type ST Offset   Length[0m
[0;32mI (65) boot:  0 nvs              WiFi data        01 02 00009000 00006000[0m
[0;32mI (72) boot:  1 phy_init         RF data          01 01 0000f000 00001000[0m
[0;32mI (80) boot:  2 factory          factory app      00 00 00010000 00100000[0m
[0;32mI (87) boot: End of partition table[0m
[0;32mI (91) esp_image: segment 0: paddr=00010020 vaddr=3c020020 size=16070h ( 90224) map[0m
[0;32mI (116) esp_image: segment 1: paddr=00026098 vaddr=3fc93700 size=029b0h ( 10672) load[0m
[0;32mI (118) esp_image: segment 2: paddr=00028a50 vaddr=40374000 size=075c8h ( 30152) load[0m
[0;32mI (128) esp_image: segment 3: paddr=00030020 vaddr=42000020 size=1f944h (129348) map[0m
[0;32mI (153) esp_image: segment 4: paddr=0004f96c vaddr=4037b5c8 size=080a0h ( 32928) load[0m
[0;32mI (167) boot: Loaded app from partition at offset 0x10000[0m
[0;32mI (167) boot: Disabling RNG early entropy source...[0m
[0;32mI (179) cpu_start: Multicore app[0m
[0;32mI (189) cpu_start: Pro cpu start user code[0m
[0;32mI (189) cpu_start: cpu freq: 160000000 Hz[0m
[0;32mI (189) cpu_start: Application information:[0m
[0;32mI (192) cpu_start: Project name:     progetto_singolo[0m
[0;32mI (198) cpu_start: App version:      1[0m
[0;32mI (202) cpu_start: Compile time:     May 10 2024 21:57:30[0m
[0;32mI (208) cpu_start: ELF file SHA256:  184ed6d9a...[0m
[0;32mI (214) cpu_start: ESP-IDF:          v5.2.1-dirty[0m
[0;32mI (219) cpu_start: Min chip rev:     v0.0[0m
[0;32mI (224) cpu_start: Max chip rev:     v0.99 [0m
[0;32mI (228) cpu_start: Chip rev:         v0.2[0m
[0;32mI (233) heap_init: Initializing. RAM available for dynamic allocation:[0m
[0;32mI (241) heap_init: At 3FC979D0 len 00051D40 (327 KiB): RAM[0m
[0;32mI (247) heap_init: At 3FCE9710 len 00005724 (21 KiB): RAM[0m
[0;32mI (253) heap_init: At 3FCF0000 len 00008000 (32 KiB): DRAM[0m
[0;32mI (259) heap_init: At 600FE010 len 00001FD8 (7 KiB): RTCRAM[0m
[0;32mI (266) spi_flash: detected chip: gd[0m
[0;32mI (269) spi_flash: flash io: dio[0m
[0;33mW (273) spi_flash: Detected size(8192k) larger than the size in the binary image header(2048k). Using the size in the binary image header.[0m
[0;32mI (287) sleep: Configure to isolate all GPIO pins in sleep state[0m
[0;32mI (293) sleep: Enable automatic switching of GPIO sleep configuration[0m
[0;32mI (301) main_task: Starte_ task: Calling app_main()[0m
[0;32mI (311) gpio: GPIO[1]| InputEn: 0| OutputEn: 0| OpenDrain: 0| Pullup: 0| Pulldown: 0| Intr:0 [0m
0 
1044 
1062 
1070 
1070 
1083 
1079 
1112 
1109 
1100 
1123 
1142 
1131 
1127 
1165 
1163 
1157 
1151 
1174 
1192 
1192 
1221 
1221 
1222 
1243 
1256 
1246 
1253 
1270 
1259 
1299 
1310 
1301 
1273 
1306 
1337 
1335 
1363 
1357 
1406 
1358 
1389 
1405 
1397 
1423 
1429 
1451 
1449 
1467 
1469 
1477 
1487 
1526 
1513 
1525 
1560 
1547 
1587 
1613 
1609 
1612 
1631 
1619 
1663 
1647 
1669 
1673 
1707 
1724 
1727 
1762 
1747 
1736 9103 
1899 
1909 
1899 
1927 
1942 
1927 
1935 
1984 
2004 
1995 
1983 
2012 
2066 
2035 
2071 
2079 
2082 
2120 
2157 
2131 
2149 
2151 
2173 
2180 
2201 
2191 
2230 
2262 
2246 
2283 
2270 
2300 
2309 
2277 
2329 
2343 
2358 
2378 
2375 
2397 
2398 
2414 
2413 
2491 
2473 
2483 
2479 
2515 
2536 
2573 
2539 
2601 
2567 
2637 
2605 
2623 
2608 
2659 
2661 
2687 
2674 
2682 
2693 
2712 
2744 
2725 
2742 
2746 
2774 
2767 
2796 
2797 
2826 
2803 
2857 
2861 
2863 
2859 
2905 
2897 
2931 
2923 
2927 
2991 
2984 
2975 
2975 
2996 
2988 
3027 
3032 
3013 
3043 
3083 
3063 
3119 
3106 
3113 
3141 
3129 
3133 
3193 
3131 
3181 
3197 
3215 
3209 
3209 
3211 
3293 
3235 
3237 
3271 
3276 
3301 
3323 
3306 
3311 
3348 
3334 
3353 
3368 
3367 
33411 
3453 
3454 
3435 
3468 
3442 
3469 
3449 
3487 
3525 
3506 
3515 
3491 
3599 
3600 
3571 
3547 
3574 
3582 
3580 
3576 
3599 
3542 
3528 
3627 
3577 
3639 
3615 
3604 
3620 
3613 
3638 
3611 
3645 
3635 
3607 
3645 
3705 
3688 
3671 
3658 
3639 
3614 
3618 
3711 
[0.000000, 0.000000, 0.000000, 0.000000, 0.000000, 0.000000, 0.000000, 0.000000, 0.000000, 0.000000, 0.000000, 0.000000, 0.000000, 0..0000000, 0.000000, 0.000000, 0.000000, 0.000000, 0.000000, 0.000000, 0.000000, 0.000000, 0.000000, 0.000000, 0.000000, 0.000000, 0.000000, 0.000000, 0.000000, 0.000000, 0.000000, 0.000000, 0.000000, 0.000000, 0.000000, 0.000000, 0.000000, 0.000000, 0.000000, 0.000000, 0.000000, 0.000000, 0.000000, 0.000000, 0.000000, 0.000000, 0.000000, 0.000000, 0.000000, 0.000000, 0.000000, 0.000000, 0.000000, 0.000000, 0.000000, 0.000000, 0.00.0000000, 0.000000, 0.000000, 0.000000, 0.000000, 0.000000, 0.000000, 0.000000, 0.000000, 0.000000, 0.000000, 0.000000, 0.000000, 0.000000, 0.000000, 0.000000, 0.000000, 0.000000, 0.000000, 0.000000, 0.000000, 0.000000, 0.000000, 0.000000, 0.000000, 0.000000, 0.000000, 0.000000, 0.000000, 0.000000, 0.000000, 0.000000, 0.000000, 0.000000, 0.000000, 0.000000, 0.000000, 0.000000, 0.000000, 0.000000, 0.000000, 0.000000, 0.000000,00, 0.000000, 0.000000, 0.000000, 0.000000, 0.000000, 0.000000, 0.000000, 0.000000, 0.000000, 0.000000, 0.000000, 0.000000, 0.000000, 0.000000, 0.000000, 0.000000, 0.000000, 0.000000, 0.000000, 0.000000, 0.000000, 0.000000, 0.000000, 0.000000, 0.000000, 0.000000, 0.000000, 0.000000, 0.000000, 0.000000, 0.000000, 0.000000, 0.000000, 0.000000, 0.000000, 0.000000, 0.000000, 0.000000, 0.000000, 0.000000, 0.000000, 0.000000, 0.000000, 0.000000, 0.000, 0.000000, 0.000000, 0.000000, 0.000000, 0.000000, 0.000000, 0.000000, 0.000000, 0.000000, 0.000000, 0.000000, 0.000000, 0.000000, 0.000000, 0.000000, 0.000000, 0.000000, 0.000000, 0.000000, 0.000000, 0.000000, 0.000000, 0.000000, 0.000000, 0.000000, 0.000000, 0.000000, 0.000000, 0.000000, 0.000000, 0.000000, 0.000000, 0.000000, 0.000000, 0.000000, 0.000000, 0.000000, 0.000000, 0.000000, 0.000000, 0.000000, 0.0000 00.000000, 0.000000, 0.000000, 0.000000, 0.000000, 0.000000, 0.000000, 0.000000, 0.000000, 0.000000, 0.000000, 0.000000, 0.000000, 0.000000, 0.000000, 0.000000, 0.000000, 0.000000, 0.000000, 0.000000, 0.000000, 0.000000, 0.000000, 0.000000, 0.000000, 0.000000, 0.000000, 0.000000, 0.000000, 0.000000, 0.000000, 0.000000, 0.000000, 0.000000, 0.000000, 0.000000, 0.000000, 0.000000, 0.000000, 0.000000, 0.000000, 0.000000, 0.000000, 0.000000, 0.000000, 0.000000, 0.000000, 0.000000, 0.000000, 0.000000, 0.000000, 0.000000, 0.000000, 0.000000, 0.000000, 0.000000, 0.000000, ]


[0;32mI (701) main: Start Example.[0m
la max frequency Ã¨: 21158.769531
[0;32mI (701) gpio: GPIO[1]| InputEn: 0| OutputEn: 0| OpenDrain: 0| Pullup: 0| Pulldown: 0| Intr:0 [0m
3614 
3647 
3608 
3690 
3668 
3625 
3653 
3655 
3671 
3669 
3675 
3691 
3679 
3663 
3666 
3637 5392 
3548 
3513 
3576 
3513 
3503 
3533 
3479 
3485 
3483 
3419 
3439 
3384 
3413 
3381 
3325 
3355 
3315 
3279 
3307 
3261 
3237 
3236 
3209 
3181 
3167 
3147 
3149 
3087 
3096 
3044 
3003 
3036 
2975 
2939 
2931 
2923 
2905 
2848 
2839 
2815 
2793 
2795 
2719 
2731 
2723 
2729 
2659 
2635 
2600 
2591 
2547 
2517 
2501 
2475 
2471 
2393 
2394 
2381 
2315 
2297 
2285 
2283 
2231 
2233 
2234 
2187 
2157 
2118 
2076 
2036 
2031 
1998 
1979 
1942 
1982 
1884 
1885 
1845 
1849 
1829 
1790 
1755 
1742 
1695 
1611 
1645 
1638 
1593 
1589 
1559 
1550 
1481 
1468 
1513 
1453 
1443 
1387 
1397 
1342 
1333 
1323 
1317 
1331 
1292 
1221 
1237 
1230 
1203 
1209 
1179 
1159 
1100 
1111 
1102 
1100 
1086 
1035 
1032 
1043 
1037 
1017 
1011 
997 
947  9
910 
912 
995 
927 
887 
981 
886 
887 
892 
894 
867 
901 
891 
901 
871 
894 
905 
880 
966 
927 
905 
895 
922 
906 
942 
957 
927 
948 
1003 
955 
969 
1015 
989 
1014 
1007 
1031 
1030 
1279 
716 
1075 
1097 
1103 
822 
1096 
1226 
1179 
1127 
1184 
1248 
1223 
1228 
1270 
1260 
1305 
1315 
1350 
1405 
1383 
1342 
1459 
1437 
1464 
1502 
1524 
1521 
1548 
1580 
1615  1
1672 
1701 
1735 
1791 
1806 
1817 
1884 
1881 
1877 
1885 
1945 
1981 
2027 
2025 
2087 
2077 
2118 
2133 
2194 
2182 
2231 
2279 
2269 
2299 
2322 
2390 
2378 
2410 
2399 
[0;32mI (871) main_task: Returned from app_main()[0m
