0049160 (292 KiB): RAM[0m
[0;32mI (365) heap_init: At 3FCE9710 len 00005724 (21 KiB): RAM[0m
[0;32mI (371) heap_init: At 3FCF0000 len 00008000 (32 KiB): DRAM[0m
[0;32mI (377) hï¿½ESP-ROM:esp32s3-20210327
Build:Mar 27 2021
rst:0x1 (POWERON),boot:0xb (SPI_FAST_FLASH_BOOT)
SPIWP:0xee
mode:DIO, clock div:1
load:0x3fce3810,len:0x178c
load:0x403c9700,len:0x4
load:0x403c9704,len:0xcbc
load:0x403cc700,len:0x2da0
entry 0x403c9914
[0;32mI (27) boot: ESP-IDF v5.2.1-dirty 2nd stage bootloader[0m
[0;32mI (27) boot: compile time May 15 2024 20:24:16[0m
[0;32mI (27) boot: Multicore bootloader[0m
[0;32mI (30) boot: chip revision: v0.2[0m
[0;32mI (34) boot.esp32s3: Boot SPI Speed : 80MHz[0m
[0;32mI (39) boot.esp32s3: SPI Mode       : DIO[0m
[0;32mI (44) boot.esp32s3: SPI Flash Size : 2MB[0m
[0;32mI (48) boot: Enabling RNG early entropy source...[0m
[0;32mI (54) boot: Partition Table:[0m
[0;32mI (57) boot: ## Label            Usage          Type ST Offset   Length[0m
[0;32mI (65) boot:  0 nvs              WiFi data        01 02 00009000 00006000[0m
[0;32mI (72) boot:  1 phy_init         RF data          01 01 0000f000 00001000[0m
[0;32mI (80) boot:  2 factory          factory app      00 00 00010000 00100000[0m
[0;32mI (87) boot: End of partition table[0m
[0;32mI (91) esp_image: segment 0: paddr=00010020 vaddr=3c0a0020 size=299cch (170444) map[0m
[0;32mI (130) esp_image: segment 1: paddr=000399f4 vaddr=3fc97e00 size=04710h ( 18192) load[0m
[0;32mI (134) esp_image: segment 2: paddr=0003e10c vaddr=40374000 size=01f0ch (  7948) load[0m
[0;32mI (138) esp_image: segment 3: paddr=00040020 vaddr=42000020 size=9c69ch (640668) map[0m
[0;32mI (259) esp_image: segment 4: paddr=000dc6c4 vaddr=40375f0c size=11e9ch ( 73372) load[0m
[0;32mI (276) esp_image: segment 5: paddr=000ee568 vaddr=600fe010 size=00004h (     4) load[0m
[0;32mI (284) boot: Loaded app from partition at offset 0x10000[0m
[0;32mI (285) boot: Disabling RNG early entropy source...[0m
[0;32mI (296) cpu_start: Multicore app[0m
[0;32mI (306) cpu_start: Pro cpu start user code[0m
[0;32mI (306) cpu_start: cpu freq: 160000000 Hz[0m
[0;32mI (306) cpu_start: Application information:[0m
[0;32mI (309) cpu_start: Project name:     progetto_singolo[0m
[0;32mI (315) cpu_start: App version:      730f460-dirty[0m
[0;32mI (320) cpu_start: Compile time:     May 20 2024 17:50:12[0m
[0;32mI (326) cpu_start: ELF file SHA256:  fd2b4a4f5...[0m
[0;32mI (332) cpu_start: ESP-IDF:          v5.2.1-dirty[0m
[0;32mI (337) cpu_start: Min chip rev:     v0.0[0m
[0;32mI (342) cpu_start: Max chip rev:     v0.99 [0m
[0;32mI (347) cpu_start: Chip rev:         v0.2[0m
[0;32mI (352) heap_init: Initializing. RAM available for dynamic allocation:[0m
[0;32mI (359) heap_init: At 3FCA05B0 len 00049160 (292 KiB): RAM[0m
[0;32mI (365) heap_init: At 3FCE9710 len 00005724 (21 KiB): RAM[0m
[0;32mI (371) heap_init: At 3FCF0000 len 00008000 (32 KiB): DRAM[0m
[0;32mI (377) heap_init: At 600FE014 len 00001FD4 (7 KiB): RTCRAM[0m
[0;32mI (384) spi_flash: detected chip: gd[0m
[0;32mI (388) spi_flash: flash io: dio[0m
[0;33mW (392) spi_flash: Detected size(8192k) larger than the size in the binary image header(2048k). Using the size in the binary image header.[0m
[0;32mI (405) sleep: Configure to isolate all GPIO pins in sleep state[0m
[0;32mI (412) sleep: Enable automatic switching of GPIO sleep configuration[0m
[0;32mI (419) main_task: Started on CPU0[0m
[0;32mI (429) main_task: Calling app_main()[0m
[0;32mI (449) pp: pp rom version: e7ae62f[0m
[0;32mI (449) net80211: net80211 rom version: e7ae62f[0m
I (469) wifi:wifi driver task: 3fcab13c, prio:23, stack:6656, core=0
I (479) wifi:wifi firmware version: a9f5b59
I (479) wifi:wifi certification version: v7.0
I (479) wifi:config NVS flash: enabled
I (479) wifi:config nano formating: disabled
I (479) wifi:Init data frame dynamic rx buffer num: 32
I (489) wifi:Init static rx mgmt buffer num: 5
I (489) wifi:Init management short buffer num: 32
I (499) wifi:Init dynamic tx buffer num: 32
I (499) wifi:Init static tx FG buffer num: 2
I (509) wifi:Init static rx buffer size: 1600
I (509) wifi:Init static rx buffer num: 10
I (509) wifi:Init dynamic rx buffer num: 32
[0;32mI (519) wifi_init: rx ba win: 6[0m
[0;32mI (519) wifi_init: tcpip mbox: 32[0m
[0;32mI (529) wifi_init: udp mbox: 6[0m
[0;32mI (529) wifi_init: tcp mbox: 6[0m
[0;32mI (529) wifi_init: tcp tx win: 5760[0m
[0;32mI (539) wifi_init: tcp rx win: 5760[0m
[0;32mI (539) wifi_init: tcp mss: 1440[0m
[0;32mI (549) wifi_init: WiFi IRAM OP enabled[0m
[0;32mI (549) wifi_init: WiFi RX IRAM OP enabled[0m
[0;32mI (559) phy_init: phy_version 640,cd64a1a,Jan 24 2024,17:28:12[0m
I (599) wifi:mode : sta (48:27:e2:e2:e5:e4)
I (599) wifi:enable tsf
I (609) wifi:new:<6,0>, old:<1,0>, ap:<255,255>, sta:<6,0>, prof:1
I (609) wifi:state: init -> auth (b0)
I (609) wifi:state: auth -> assoc (0)
I (629) wifi:state: assoc -> run (10)
I (699) wifi:connected with OnePlus Nord, aid = 8, channel 6, BW20, bssid = 0e:6e:0d:44:bd:4a
I (699) wifi:security: WPA2-PSK, phy: bgn, rssi: -54
I (709) wifi:pm start, type: 1

I (709) wifi:dp: 1, bi: 102400, li: 3, scale listen interval from 307200 us to 307200 us
I (709) wifi:set rx beacon pti, rx_bcn_pti: 0, bcn_timeout: 25000, mt_pti: 0, mt_time: 10000
[0;32mI (719) WIFI: Connesso al punto di accesso[0m
I (759) wifi:dp: 2, bi: 102400, li: 4, scale listen interval from 307200 us to 409600 us
I (759) wifi:AP's beacon interval = 102400 us, DTIM period = 2
I (779) wifi:<ba-add>idx:0 (ifx:0, 0e:6e:0d:44:bd:4a), tid:0, ssn:0, winSize:64
[0;32mI (1719) esp_netif_handlers: sta ip: 192.168.223.252, mask: 255.255.255.0, gw: 192.168.223.13[0m
got ip, proceeding to unblock mqttmqtt could proceed, connection established and ip address received
[0;32mI (1949) MQTT: Other event id:7[0m
the max sampling frequency due to adc limitations is 83333
the free size of the largest block in heap is 212992 (bytes)
the max sampling frequency due to memory limitations is 30427
the max sampling frequency due to read time limitations is 26315
the bottleneck frequency is 26315
[0;32mI (1969) READ CONTINUOUS: sampling with a lower frequency wrt requested![0m
I am sampling at frequency 26315 for calculating the mean
the number of samples I am trying to allocate is 92102
[0;32mI (3399) MQTT: MQTT_EVENT_CONNECTED[0m
 il tempo veramente passato a samplare Ã¨: 3560646
the mean is 2198
[0;32mI (8379) MQTT: sent publish successful, msg_id=22533[0m
sent message to broker, msg_id=22533

assert failed: block_next tlsf_block_functions.h:94 (!block_is_last(block))


Backtrace: 0x40375a1a:0x3fcb4070 0x4037c051:0x3fcb4090 0x40383aa1:0x3fcb40b0 0x40381d68:0x3fcb41d0 0x40381bcc:0x3fcb41f0 0x4037625e:0x3fcb4210 0x4202cd9d:0x3fcb4230 0x4202a5b6:0x3fcb4250 0x4202a5e2:0x3fcb4270 0x4201d946:0x3fcb4290 0x42018a84:0x3fcb42b0 0x42018a95:0x3fcb42d0 0x420182c9:0x3fcb42f0 0x42019faf:0x3fcb4310 0x42093a87:0x3fcb4330 0x4200bcd0:0x3fcb4350 0x4037cb5d:0x3fcb4380




ELF file SHA256: fd2b4a4f5

Rebooting...
ESP-ROM:esp32s3-20210327
Build:Mar 27 2021
rst:0xc (RTC_SW_CPU_RST),boot:0xb (SPI_FAST_FLASH_BOOT)
Saved PC:0x40375990
SPIWP:0xee
mode:DIO, clock div:1
load:0x3fce3810,len:0x178c
load:0x403c9700,len:0x4
load:0x403c9704,len:0xcbc
load:0x403cc700,len:0x2da0
entry 0x403c9914
[0;32mI (31) boot: ESP-IDF v5.2.1-dirty 2nd stage bootloader[0m
[0;32mI (31) boot: compile time May 15 2024 20:24:16[0m
[0;32mI (31) boot: Multicore bootloader[0m
[0;32mI (35) boot: chip revision: v0.2[0m
[0;32mI (39) boot.esp32s3: Boot SPI Speed : 80MHz[0m
[0;32mI (43) boot.esp32s3: SPI Mode       : DIO[0m
[0;32mI (48) boot.esp32s3: SPI Flash Size : 2MB[0m
[0;32mI (53) boot: Enabling RNG early entropy source...[0m
[0;32mI (58) boot: Partition Table:[0m
[0;32mI (62) boot: ## Label            Usage          Type ST Offset   Length[0m
[0;32mI (69) boot:  0 nvs              WiFi data        01 02 00009000 00006000[0m
[0;32mI (77) boot:  1 phy_init         RF data          01 01 0000f000 00001000[0m
[0;32mI (84) boot:  2 factory          factory app      00 00 00010000 00100000[0m
[0;32mI (92) boot: End of partition table[0m
[0;32mI (96) esp_image: segment 0: paddr=00010020 vaddr=3c0a0020 size=299cch (170444) map[0m
[0;32mI (135) esp_image: segment 1: paddr=000399f4 vaddr=3fc97e00 size=04710h ( 18192) load[0m
[0;32mI (139) esp_image: segment 2: paddr=0003e10c vaddr=40374000 size=01f0ch (  7948) load[0m
[0;32mI (142) esp_image: segment 3: paddr=00040020 vaddr=42000020 size=9c69ch (640668) map[0m
[0;32mI (264) esp_image: segment 4: paddr=000dc6c4 vaddr=40375f0c size=11e9ch ( 73372) load[0m
[0;32mI (280) esp_image: segment 5: paddr=000ee568 vaddr=600fe010 size=00004h (     4) load[0m
[0;32mI (289) boot: Loaded app from partition at offset 0x10000[0m
[0;32mI (289) boot: Disabling RNG early entropy source...[0m
[0;32mI (300) cpu_start: Multicore app[0m
[0;32mI (311) cpu_start: Pro cpu start user code[0m
[0;32mI (311) cpu_start: cpu freq: 160000000 Hz[0m
[0;32mI (311) cpu_start: Application information:[0m
[0;32mI (314) cpu_start: Project name:     progetto_singolo[0m
[0;32mI (319) cpu_start: App version:      730f460-dirty[0m
[0;32mI (325) cpu_start: Compile time:     May 20 2024 17:50:12[0m
[0;32mI (331) cpu_start: ELF file SHA256:  fd2b4a4f5...[0m
[0;32mI (336) cpu_start: ESP-IDF:          v5.2.1-dirty[0m
[0;32mI (342) cpu_start: Min chip rev:     v0.0[0m
[0;32mI (346) cpu_start: Max chip rev:     v0.99 [0m
[0;32mI (351) cpu_start: Chip rev:         v0.2[0m
[0;32mI (356) heap_init: Initializing. RAM available for dynamic allocation:[0m
[0;32mI (363) heap_init: At 3FCA05B0 len 00049160 (292 KiB): RAM[0m
[0;32mI (369) heap_init: At 3FCE9710 len 00005724 (21 KiB): RAM[0m
[0;32mI (375) heap_init: At 3FCF0000 len 00008000 (32 KiB): DRAM[0m
[0;32mI (382) heap_init: At 600FE014 len 00001FD4 (7 KiB): RTCRAM[0m
[0;32mI (389) spi_flash: detected chip: gd[0m
[0;32mI (392) spi_flash: flash io: dio[0m
[0;33mW (396) spi_flash: Detected size(8192k) larger than the size in the binary image header(2048k). Using the size in the binary image header.[0m
[0;32mI (410) sleep: Configure to isolate all GPIO pins in sleep state[0m
[0;32mI (416) sleep: Enable automatic switching of GPIO sleep configuration[0m
[0;32mI (423) main_task: Started on CPU0[0m
[0;32mI (433) main_task: Calling app_main()[0m
[0;32mI (453) pp: pp rom version: e7ae62f[0m
[0;32mI (453) net80211: net80211 rom version: e7ae62f[0m
I (473) wifi:wifi driver task: 3fcab13c, prio:23, stack:6656, core=0
I (483) wifi:wifi firmware version: a9f5b59
I (483) wifi:wifi certification version: v7.0
I (483) wifi:config NVS flash: enabled
I (483) wifi:config nano formating: disabled
I (483) wifi:Init data frame dynamic rx buffer num: 32
I (493) wifi:Init static rx mgmt buffer num: 5
I (493) wifi:Init management short buffer num: 32
I (503) wifi:Init dynamic tx buffer num: 32
I (503) wifi:Init static tx FG buffer num: 2
I (513) wifi:Init static rx buffer size: 1600
I (513) wifi:Init static rx buffer num: 10
I (513) wifi:Init dynamic rx buffer num: 32
[0;32mI (523) wifi_init: rx ba win: 6[0m
[0;32mI (523) wifi_init: tcpip mbox: 32[0m
[0;32mI (533) wifi_init: udp mbox: 6[0m
[0;32mI (533) wifi_init: tcp mbox: 6[0m
[0;32mI (533) wifi_init: tcp tx win: 5760[0m
[0;32mI (543) wifi_init: tcp rx win: 5760[0m
[0;32mI (543) wifi_init: tcp mss: 1440[0m
[0;32mI (553) wifi_init: WiFi IRAM OP enabled[0m
[0;32mI (553) wifi_init: WiFi RX IRAM OP enabled[0m
[0;32mI (563) phy_init: phy_version 640,cd64a1a,Jan 24 2024,17:28:12[0m
I (603) wifi:mode : sta (48:27:e2:e2:e5:e4)
I (603) wifi:enable tsf
I (613) wifi:new:<6,0>, old:<1,0>, ap:<255,255>, sta:<6,0>, prof:1
I (613) wifi:state: init -> auth (b0)
I (623) wifi:state: auth -> init (1c0)
I (623) wifi:new:<6,0>, old:<6,0>, ap:<255,255>, sta:<6,0>, prof:1
[0;32mI (623) WIFI: Disconnesso dal punto di accesso[0m
