9) cpu_start: cpu freq: 160000000 Hz[0m
[0;32mI (190) cpu_start: Application information:[0m
[0;32mI (192) cpu_start: Project name:     progetto_singolo[0m
[0;32mI (198) cpu_start: App version:      1[0m
[0;32mI (203) cpu_start: Compile time:     May 14 2024 00:02:58[0m
[0;32mI (209) cpu_start: ELF file SHA256:  03643cda3...[0m
[0;32mI (214) cpu_start: ESP-IDF:          v5.2.1-dirty[0m
[0;32mI (219) cpu_start: Min chip rev:     v0.0[0m
[0;32mI (224) cpu_start: Max chip rev:     v0.99 [0m
[0;32mI (229) cpu_start: Chip rev:         v0.2[0m
[0;32mI (234) heap_init: Initializing. RAM available for dynamic allocation:[0m
[0;32mI (241) heap_init: At 3FC969B8 len 00052D58 (331 KiB): RAM[0m
[0;32mI (247) heap_init: At 3FCE9710 len 00005724 (21 KiB): RAM[0m
[0;32mI (253) heap_init: At 3FCF0000 len 00008000 (32 KiB): DRAM[0m
[0;32mI (259) heap_init: At 600FE010 len 00001FD8 (7 KiB): RTCRAM[0m
[0;32mI (267) spi_flash: detected chip: gd[0m
[0;32mI (270) spi_flash: flash io: dio[0m
[0;33mW (274) spi_flash: Detected size(8192k) larger than the size in the binary image header(2048k). Using the size in the binary image header.[0m
[0;32mI (287) sleep: Configure to isolate all GPIO pins in sleep state[0m
[0;32mI (294) sleep: Enable automatic switching of GPIO sleep configuration[0m
[0;32mI (301) main_task: Started on CPU0[0m
[0;32mI (311) main_task: Calling app_main()[0m
 sampling frequence is: 83333 and bit width is: 12

[0;32mI (311) gpio: GPIO[1]| InputEn: 0| OutputEn: 0| OpenDrain: 0| Pullup: 0| Pulldown: 0| Intr:0 [0m
 err esp timeout
ESP-ROM:esp32s3-20210327
Build:Mar 27 2021
rst:0x1 (POWERON),boot:0xa (SPI_FAST_FLASH_BOOT)
SPIWP:0xee
mode:DIO, clock div:1
load:0x3fce3810,len:0x178c
load:0x403c9700,len:0x4
load:0x403c9704,len:0xcbc
load:0x403cc700,len:0x2da0
entry 0x403c9914
[0;32mI (27) boot: ESP-IDF v5.2.1-dirty 2nd stage bootloader[0m
[0;32mI (27) boot: compile time May 14 2024 00:03:09[0m
[0;32mI (27) boot: Multicore bootloader[0m
[0;32mI (30) boot: chip revision: v0.2[0m
[0;32mI (34) boot.esp32s3: Boot SPI Speed : 80MHz[0m
[0;32mI (39) boot.esp32s3: SPI Mode       : DIO[0m
[0;32mI (44) boot.esp32s3: SPI Flash Size : 2MB[0m
[0;32mI (48) boot: Enabling RNG early entropy source...[0m
[0;32mI (54) boot: Partition Table:[0m
[0;32mI (57) boot: ## Label            Usage          Type ST Offset   Length[0m
[0;32mI (65) boot:  0 nvs              WiFi data        01 02 00009000 00006000[0m
[0;32mI (72) boot:  1 phy_init         RF data          01 01 0000f000 00001000[0m
[0;32mI (80) boot:  2 factory          factory app      00 00 00010000 00100000[0m
[0;32mI (87) boot: End of partition table[0m
[0;32mI (91) esp_image: segment 0: paddr=00010020 vaddr=3c020020 size=13758h ( 79704) map[0m
[0;32mI (114) esp_image: segment 1: paddr=00023780 vaddr=3fc93700 size=029a0h ( 10656) load[0m
[0;32mI (117) esp_image: segment 2: paddr=00026128 vaddr=40374000 size=09ef0h ( 40688) load[0m
[0;32mI (129) esp_image: segment 3: paddr=00030020 vaddr=42000020 size=1ede0h (126432) map[0m
[0;32mI (152) esp_image: segment 4: paddr=0004ee08 vaddr=4037def0 size=057a0h ( 22432) load[0m
[0;32mI (163) boot: Loaded app from partition at offset 0x10000[0m
[0;32mI (163) boot: Disabling RNG early entropy source...[0m
[0;32mI (175) cpu_start: Multicore app[0m
[0;32mI (185) cpu_start: Pro cpu start user code[0m
[0;32mI (185) cpu_start: cpu freq: 160000000 Hz[0m
[0;32mI (185) cpu_start: Application information:[0m
[0;32mI (188) cpu_start: Project name:     progetto_singolo[0m
[0;32mI (194) cpu_start: App version:      1[0m
[0;32mI (198) cpu_start: Compile time:     May 14 2024 00:02:58[0m
[0;32mI (204) cpu_start: ELF file SHA256:  03643cda3...[0m
[0;32mI (210) cpu_start: ESP-IDF:          v5.2.1-dirty[0m
[0;32mI (215) cpu_start: Min chip rev:     v0.0[0m
[0;32mI (220) cpu_start: Max chip rev:     v0.99 [0m
[0;32mI (225) cpu_start: Chip rev:         v0.2[0m
[0;32mI (229) heap_init: Initializing. RAM available for dynamic allocation:[0m
[0;32mI (237) heap_init: At 3FC969B8 len 00052D58 (331 KiB): RAM[0m
[0;32mI (243) heap_init: At 3FCE9710 len 00005724 (21 KiB): RAM[0m
[0;32mI (249) heap_init: At 3FCF0000 len 00008000 (32 KiB): DRAM[0m
[0;32mI (255) heap_init: At 600FE010 len 00001FD8 (7 KiB): RTCRAM[0m
[0;32mI (262) spi_flash: detected chip: gd[0m
[0;32mI (265) spi_flash: flash io: dio[0m
[0;33mW (269) spi_flash: Detected size(8192k) larger than the size in the binary image header(2048k). Using the size in the binary image header.[0m
[0;32mI (283) sleep: Configure to isolate all GPIO pins in sleep state[0m
[0;32mI (289) sleep: Enable automatic switching of GPIO sleep configuration[0m
[0;32mI (297) main_task: Started on CPU0[0m
[0;32mI (307) main_task: Calling app_main()[0m
 sampling frequence is: 83333 and bit width is: 12

[0;32mI (307) gpio: GPIO[1]| InputEn: 0| OutputEn: 0| OpenDrain: 0| Pullup: 0| Pulldown: 0| Intr:0 [0m
 err esp timeout
ESP-ROM:esp32s3-20210327
Build:Mar 27 2021
rst:0x8 (TG1WDT_SYS_RST),boot:0xa (SPI_FAST_FLASH_BOOT)
Saved PC:0x42002b17
SPIWP:0xee
mode:DIO, clock div:1
load:0x3fce3810,len:0x178c
load:0x403c9700,len:0x4
load:0x403c9704,len:0xcbc
load:0x403cc700,len:0x2da0
entry 0x403c9914
[0;32mI (31) boot: ESP-IDF v5.2.1-dirty 2nd stage bootloader[0m
[0;32mI (31) boot: compile time May 14 2024 00:03:09[0m
[0;32mI (31) boot: Multicore bootloader[0m
[0;32mI (35) boot: chip revision: v0.2[0m
[0;32mI (39) boot.esp32s3: Boot SPI Speed : 80MHz[0m
[0;32mI (43) boot.esp32s3: SPI Mode       : DIO[0m
[0;32mI (48) boot.esp32s3: SPI Flash Size : 2MB[0m
[0;33mW (53) boot.esp32s3: PRO CPU has been reset by WDT.[0m
[0;33mW (58) boot.esp32s3: APP CPU has been reset by WDT.[0m
[0;32mI (64) boot: Enabling RNG early entropy source...[0m
[0;32mI (69) boot: Partition Table:[0m
[0;32mI (73) boot: ## Label            Usage          Type ST Offset   Length[0m
[0;32mI (80) boot:  0 nvs              WiFi data        01 02 00009000 00006000[0m
[0;32mI (88) boot:  1 phy_init         RF data          01 01 0000f000 00001000[0m
[0;32mI (95) boot:  2 factory          factory app      00 00 00010000 00100000[0m
[0;32mI (103) boot: End of partition table[0m
[0;32mI (107) esp_image: segment 0: paddr=00010020 vaddr=3c020020 size=13758h ( 79704) map[0m
[0;32mI (130) esp_image: segment 1: paddr=00023780 vaddr=3fc93700 size=029a0h ( 10656) load[0m
[0;32mI (132) esp_image: segment 2: paddr=00026128 vaddr=40374000 size=09ef0h ( 40688) load[0m
[0;32mI (144) esp_image: segment 3: paddr=00030020 vaddr=42000020 size=1ede0h (126432) map[0m
[0;32mI (168) esp_image: segment 4: paddr=0004ee08 vaddr=4037def0 size=057a0h ( 22432) load[0m
[0;32mI (179) boot: Loaded app from partition at offset 0x10000[0m
[0;32mI (179) boot: Disabling RNG early entropy source...[0m
[0;32mI (191) cpu_start: Multicore app[0m
[0;32mI (201) cpu_start: Pro cpu start user code[0m
[0;32mI (201) cpu_start: cpu freq: 160000000 Hz[0m
[0;32mI (201) cpu_start: Application information:[0m
[0;32mI (204) cpu_start: Project name:     progetto_singolo[0m
[0;32mI (209) cpu_start: App version:      1[0m
[0;32mI (214) cpu_start: Compile time:     May 14 2024 00:02:58[0m
[0;32mI (220) cpu_start: ELF file SHA256:  03643cda3...[0m
[0;32mI (225) cpu_start: ESP-IDF:          v5.2.1-dirty[0m
[0;32mI (231) cpu_start: Min chip rev:     v0.0[0m
[0;32mI (235) cpu_start: Max chip rev:     v0.99 [0m
[0;32mI (240) cpu_start: Chip rev:         v0.2[0m
[0;32mI (245) heap_init: Initializing. RAM available for dynamic allocation:[0m
[0;32mI (252) heap_init: At 3FC969B8 len 00052D58 (331 KiB): RAM[0m
[0;32mI (258) heap_init: At 3FCE9710 len 00005724 (21 KiB): RAM[0m
[0;32mI (264) heap_init: At 3FCF0000 len 00008000 (32 KiB): DRAM[0m
[0;32mI (271) heap_init: At 600FE010 [e0;33mW (285) spi_flash: Detected size(8192k) larger than the size in the binary image header(2048k). Using the size in the binary image header.[0m
[0;32mI (299) sleep: Configure to isolate all GPIO pins in sleep state[0m
[0;32mI (305) sleep: Enable automatic switching of GPIO sleep configuration[0m
[0;32mI (312) main_task: Started on CPU0[0m
[0;32mI (322) main_task: Calling app_main()[0m
 sampling frequence is: 83333 and bit width is: 12

[0;32mI (322) gpio: GPIO[1]| InputEn: 0| OutputEn: 0| OpenDrain: 0| Pullup: 0| Pulldown: 0| Intr:0 [0m
 err esp timeout
Guru Meditation Error: Core  0 panic'ed (LoadProhibited). Exception was unhandled.

Core  0 register dump:
PC      : 0x40376ba0  PS      : 0x00060530  A0      : 0x820111f2  A1      : 0x3fc96d10  
A2      : 0xbd06a800  A3      : 0x3fc96d40  A4      : 0x00060520  A5      : 0x3fc946b0  
A6      : 0x005f2934  A7      : 0xbd06a800  A8      : 0x80376ba0  A9      : 0x3fc96cf0  
A10     : 0xbd06a800  A11     : 0x00000000  A12     : 0x00060520  A13     : 0x3fc94690  
A14     : 0x3fc937a8  A15     : 0xffffffff  SAR     : 0x00000001  EXCCAUSE: 0x0000001c  
EXCVADDR: 0xbd06a800  LBEG    : 0x4201bbb4  LEND    : 0x4201bbea  LCOUNT  : 0x00000000  


Backtrace: 0x40376b9d:0x3fc96d10 0x420111ef:0x3fc96d40 0x4201123d:0x3fc96d70 0x42008a67:0x3fc96d90 0x42008c36:0x3fc9ade0 0x4201df53:0x3fc9ae00 0x4037b509:0x3fc9ae30




ELF file SHA256: 03643cda3

Rebooting...
ï¿½ï¿½ï¿½ESP-ROM:esp32s3-20210327
Build:Mar 27 2021
rst:0xc (RTC_SW_CPU_RST),boot:0xa (SPI_FAST_FLASH_BOOT)
Saved PC:0x40375958
SPIWP:0xee
mode:DIO, clock div:1
load:0x3fce3810,len:0x178c
load:0x403c9700,len:0x4
load:0x403c9704,len:0xcbc
load:0x403cc700,len:0x2da0
entry 0x403c9914
[0;32mI (31) boot: ESP-IDF v5.2.1-dirty 2nd stage bootloader[0m
[0;32mI (31) boot: compile time May 14 2024 00:03:09[0m
[0;32mI (31) boot: Multicore bootloader[0m
[0;32mI (35) boot: chip revision: v0.2[0m
[0;32mI (39) boot.esp32s3: Boot SPI Speed : 80MHz[0m
[0;32mI (43) boot.esp32s3: SPI Mode       : DIO[0m
[0;32mI (48) boot.esp32s3: SPI Flash Size : 2MB[0m
[0;32mI (53) boot: Enabling RNG early entropy source...[0m
[0;32mI (58) boot: Partition Table:[0m
[0;32mI (62) boot: ## Label            Usage          Type ST Offset   Length[0m
[0;32mI (69) boot:  0 nvs              WiFi data        01 02 00009000 00006000[0m
[0;32mI (77) boot:  1 phy_init  00001000[0m
[0;32mI (84) boot:  2 factory          factory app      00 00 00010000 00100000[0m
[0;32mI (92) boot: End of partition table[0m
[0;32mI (96) esp_image: segment 0: paddr=00010020 vaddr=3c020020 size=13758h ( 79704) map[0m
[0;32mI (118) esp_image: segment 1: paddr=00023780 vaddr=3fc93700 size=029a0h ( 10656) load[0m
[0;32mI (121) esp_image: segment 2: paddr=00026128 vaddr=40374000 size=09ef0h ( 40688) load[0m
[0;32mI (133) esp_image: segment 3: paddr=00030020 vaddr=42000020 size=1ede0h (126432) map[0m
[0;32mI (156) esp_image: segment 4: paddr=0004ee08 vaddr=4037def0 size=057a0h ( 22432) load[0m
[0;32mI (168) boot: Loaded app from partition at offset 0x10000[0m
[0;32mI (168) boot: Disabling RNG early entropy source...[0m
[0;32mI (179) cpu_start: Multicore app[0m
[0;32mI (189) cpu_start: Pro cpu start user code[0m
[0;32mI (189) cpu_start: cpu freq: 160000000 Hz[0m
[0;32mI (190) cpu_start: Application information:[0m
[0;32mI (192) cpu_start: Project name:     progetto_singolo[0m
[0;32mI (198) cpu_start: App version:      1[0m
[0;32mI (203) cpu_start: Compile time:     May 14 2024 00:02:58[0m
[0;32mI (209) cpu_start: ELF file SHA256:  03643cda3...[0m
[0;32mI (214) cpu_start: ESP-IDF:          v5.2.1-dirty[0m
[0;32mI (219) cpu_start: Min chip rev:     v0.0[0m
[0;32mI (224) cpu_start: Max chip rev:     v0.99 [0m
[0;32mI (229) cpu_start: Chip rev:         v0.2[0m
[0;32mI (234) heap_init: Initializing. RAM available for dynamic allocation:[0m
[0;32mI (241) heap_init: At 3FC969B8 len 00052D58 (331 KiB): RAM[0m
[0;32mI (247) heap_init: At 3FCE9710 len 00005724 (21 KiB): RAM[0m
[0;32mI (253) heap_init: At 3FCF0000 len 00008000 (32 KiB): DRAM[0m
[0;32mI (259) heap_init: At 600FE010 len 00001FD8 (7 KiB): RTCRAM[0m
[0;32mI (267) spi_flash: detected chip: gd[0m
[0;32mI (270) spi_flash: flash io: dio[0m
[0;33mW (274) spi_flash: Detected size(8192k) larger than the size in the binary image header(2048k). Using the size in the binary image header.[0m
[0;32mI (287) sleep: Configure to isolate all GPIO pins in sleep state[0m
[0;32mI (294) sleep: Enable automatic switching of GPIO sleep configuration[0m
[0;32mI (301) main_task: Started on CPU0[0m
[0;32mI (311) main_task: Calling app_main()[0m
 sampling frequence is: 83333 and bit width is: 12

[0;32mI (311) gpio: GPIO[1]| InputEn: 0| OutputEn: 0| OpenDrain: 0| Pullup: 0| Pulldown: 0| Intr:0 [0m
 err esp timeout
Guru Meditation Error: Core  0 panic'ed (LoadProhibited). Exception was unhandled.

Core  0 register dump:
PC      : 0x4037602c  PS      : 0x00060130  A0      : 0x803760db  A1      : 0x3fc96c60  
A2      : 0x00000280  A3      : 0x00001800  A4      : 0x00060520  A5      : 0x00000000  
A6      : 0x00000280  A7      : 0xc22b0036  A8      : 0xc259e005  A9      : 0x01ffffff  
A10     : 0xc2272159  A11     : 0x00000400  A12     : 0x00000000  A13     : 0x3fc96da0  
A14     : 0x0000007c  A15     : 0x3fc9ad90  SAR     : 0x00000001  EXCCAUSE: 0x0000001c  
EXCVADDR: 0xc22b0052  LBEG    : 0x400556d5  LEND    : 0x400556e5  LCOUNT  : 0xffffffff  


Backtrace: 0x40376029:0x3fc96c60 0x403760d8:0x3fc96c80 0x4037610d:0x3fc96ca0 0x40381789:0x3fc96cc0 0x4200f73d:0x3fc96ce0 0x4200f5a5:0x3fc96d00 0x42008ef3:0x3fc96d20 0x42008a95:0x3fc96d90 0x42008c36:0x3fc9ade0 0x4201df53:0x3fc9ae00 0x4037b509:0x3fc9ae30




ELF file SHA256: 03643cda3

Rebooting...
ï¿½ï¿½ï¿½ESP-ROM:esp32s3-20210327
Build:Mar 27 2021
rst:0xc (RTC_SW_CPU_RST),boot:0xa (SPI_FAST_FLASH_BOOT)
Saved PC:0x40375958
SPIWP:0xee
mode:DIO, clock div:1
load:0x3fce3810,len:0x178c
load:0x403c9700,len:0x4
load:0x403c9704,len:0xcbc
load:0x403cc700,len:0x2da0
entry 0x403c9914
[0;32mI (31) boot: ESP-IDF v5.2.1-dirty 2nd stage bootloader[0m
[0;32mI (31) boot: compile time May 14 2024 00:03:09[0m
[0;32mI (31) boot: Multicore bootloader[0m
[0;32mI (35) boot: chip revision: v0.2[0m
[0;32mI (39) boot.esp32s3: Boot SPI Speed : 80MHz[0m
[0;32mI (43) boot.esp32s3: SPI Mode       : DIO[0m
[0;32mI (48) boot.esp32s3: SPI Flash Size : 2MB[0m
[0;32mI (53) boot: Enabling RNG early entropy source...[0m
[0;32mI (58) boot: Partition Table:[0m
[0;32mI (62) boot: ## Label            Usage          Type ST Offset   Length[0m
[0;32mI (69) boot:  0 nvs              WiFi data        01 02 00009000 00006000[0m
[0;32mI (77) boot:  1 phy_init         RF data          01 01 0000f000 00001000[0m
[0;32mI (84) boot:  2 factory          factory app      00 00 00010000 00100000[0m
[0;32mI (92) boot: End of partition table[0m
[0;32mI (96) esp_image: segment 0: paddr=00010020 vaddr=3c020020 size=13758h ( 79704) map[0m
[0;32mI (118) esp_image: segment 1: paddr=00023780 vaddr=3fc93700 size=029a0h ( 10656) load[0m
[0;32mI (121) esp_image: segment 2: paddr=00026128 vaddr=40374000 size=09ef0h ( 40688) load[0m
[0;32mI (133) esp_image: segment 3: paddr=00030020 vaddr=42000020 size=1ede0h (126432) map[0m
[0;32mI (156) esp_image: segment 4: paddr=0004ee08 vaddr=4037def0 size=057a0h ( 22432) load[0m
[0;32mI (168) boot: Loaded app from partition at offset 0x10000[0m
[0;32mI (168) boot: Disabling RNG early entropy source...[0m
[0;32mI (179) cpu_start: Multicore app[0m
[0;32mI (189) cpu_start: Pro cpu start user code[0m
[0;32mI (189) cpu_start: cpu freq: 160000000 Hz[0m
[0;32mI (190) cpu_start: Application information:[0m
[0;32mI (192) cpu_start: Project name:     progetto_singolo[0m
[0;32mI (198) cpu_start: App version:      1[0m
[0;32mI (203) cpu_start: Compile time:     May 14 2024 00:02:58[0m
[0;32mI (209) cpu_start: ELF file SHA256:  03643cda3...[0m
[0;32mI (214) cpu_start: ESP-IDF:          v5.2.1-dirty[0m
[0;32mI (219) cpu_start: Min chip rev:     v0.0[0m
[0;32mI (224) cpu_start: Max chip rev:     v0.99 [0m
[0;32mI (229) cpu_start: Chip rev:         v0.2[0m
[0;32mI (234) heap_init: Initializing. RAM available for dynamic allocation:[0m
[0;32mI (241) heap_init: At 3FC969B8 len 00052D58 (331 KiB): RAM[0m
[0;32mI (247) heap_init: At 3FCE9710 len 00005724 (21 KiB): RAM[0m
[0;32mI (253) heap_init: At 3FCF0000 len 00008000 (32 KiB): DRAM[0m
[0;32mI (259) heap_init: At 600FE010 len 00001FD8 (7 KiB): RTCRAM[0m
[0;32mI (267) spi_flash: detected chip: gd[0m
[0;32mI (270) spi_flash: flash io: dio[0m
[0;33mW (274) spi_flash: Detected size(8192k) larger than the size in the binary image header(2048k). Using the size in the binary image header.[0m
[0;32mI (287) sleep: Configure to isolate all GPIO pins in sleep state[0m
[0;32mI (294) sleep: Enable automatic switching of GPIO sleep configuration[0m
[0;32mI (301) main_task: Started on CPU0[0m
[0;32mI (311) main_task: Calling app_main()[0m
 sampling frequence is: 83333 and bit width is: 12

[0;32mI (311) gpio: GPIO[1]| InputEn: 0| OutputEn: 0| OpenDrain: 0| Pullup: 0| Pulldown: 0| Intr:0 [0m
 err esp timeout
Guru Meditation Error: Core  0 panic'ed (StoreProhibited). Exception was unhandled.

Core  0 register dump:
PC      : 0x4005706c  PS      : 0x00060530  A0      : 0x82011715  A1      : 0x3fc96ce0  
A2      : 0xc20469b4  A3      : 0x3c025444  A4      : 0x0000000e  A5      : 0x3fc94690  
A6      : 0x0000000e  A7      : 0xffffffff  A8      : 0x00000000  A9      : 0xc20469b4  
A10     : 0x00000061  A11     : 0x0000cdcd  A12     : 0x8037b8b2  A13     : 0x3fc94680  
A14     : 0x00060023  A15     : 0x00000001  SAR     : 0x00000001  EXCCAUSE: 0x0000001d  
EXCVADDR: 0xc20469b4  LBEG    : 0x400556d5  LEND    : 0x400556e5  LCOUNT  : 0xfffffffc  


Backtrace: 0x40057069:0x3fc96ce0 0x42011712:0x3fc96d00 0x420119df:0x3fc96d30 0x42011a17:0x3fc96d70 0x42008a6d:0x3fc96d90 0x42008c36:0x3fc9ade0 0x4201df53:0x3fc9ae00 0x4037b509:0x3fc9ae30




ELF file SHA256: 03643cda3

Rebooting...
ESP-ROM:esp32s3-20210327
Build:Mar 27 2021
rst:0xc (RTC_SW_CPU_RST),boot:0xa (SPI_FAST_FLASH_BOOT)
Saved PC:0x40375958
SPIWP:0xee
mode:DIO, clock div:1
load:0x3fce3810,len:0x178c
load:0x403c9700,len:0x4
load:0x403c9704,len:0xcbc
load:0x403cc700,len:0x2da0
entry 0x403c9914
[0;32mI (31) boot: ESP-IDF v5.2.1-dirty 2nd stage bootloader[0m
[0;32mI (31) boot: compile time May 14 2024 00:03:09[0m
[0;32mI (31) boot: Multicore bootloader[0m
[0;32mI (35) boot: chip revision: v0.2[0m
[0;32mI (39) boot.esp32s3: Boot SPI Speed : 80MHz[0m
[0;32mI (43) boot.esp32s3: SPI Mode       : DIO[0m
[0;32mI (48) boot.esp32s3: SPI Flash Size : 2MB[0m
[0;32mI (53) boot: Enabling RNG early entropy source...[0m
[0;32mI (58) boot: Partition Table:[0m
[0;32mI (62) boot: ## Label            Usage          Type ST Offset   Length[0m
[0;32mI (69) boot:  0 nvs              WiFi data        01 02 00009000 00006000[0m
[0;32m [0m
[0;32mI (92) boot: End of partition table[0m
[0;32mI (96) esp_image: segment 0: paddr=00010020 vaddr=3c020020 size=13758h ( 79704) map[0m
[0;32mI (118) esp_image: segment 1: paddr=00023780 vaddr=3fc93700 size=029a0h ( 10656) load[0m
[0;32mI (121) esp_image: segment 2: paddr=00026128 vaddr=40374000 size=09ef0h ( 40688) load[0m
[0;32mI (133) esp_image: segment 3: paddr=00030020 vaddr=42000020 size=1ede0h (126432) map[0m
[0;32mI (156) esp_image: segment 4: paddr=0004ee08 vaddr=4037def0 size=057a0h ( 22432) load[0m
[0;32mI (168) boot: Loaded app from partition at offset 0x10000[0m
[0;32mI (168) boot: Disabling RNG early entropy source...[0m
[0;32mI (179) cpu_start: Multicore app[0m
[0;32mI (189) cpu_start: Pro cpu start user code[0m
[0;32mI (189) cpu_start: cpu freq: 160000000 Hz[0m
[0;32mI (190) cpu_start: Application information:[0m
[0;32mI (192) cpu_start: Project name:     progetto_singolo[0m
[0;32mI (198) cpu_start: App version:      1[0m
[0;32mI (203) cpu_start: Compile time:     May 14 2024 00:02:58[0m
[0;32mI (209) cpu_start: ELF file SHA256:  03643cda3...[0m
[0;32mI (214) cpu_start: ESP-IDF:          v5.2.1-dirty[0m
[0;32mI (219) cpu_start: Min chip rev:     v0.0[0m
[0;32mI (224) cpu_start: Max chip rev:     v0.99 [0m
[0;32mI (229) cpu_start: Chip rev:         v0.2[0m
[0;32mI (234) heap_init: Initializing. RAM available for dynamic allocation:[0m
[0;32mI (241) heap_init: At 3FC969B8 len 00052D58 (331 KiB): RAM[0m
[0;32mI (247) heap_init: At 3FCE9710 len 00005724 (21 KiB): RAM[0m
[0;32mI (253) heap_init: At 3FCF0000 len 00008000 (32 KiB): DRAM[0m
[0;32mI (259) heap_init: At 600FE010 len 00001FD8 (7 KiB): RTCRAM[0m
[0;32mI (267) spi_flash: detected chip: gd[0m
[0;32mI (270) spi_flash: flash io: dio[0m
[0;33mW (274) spi_flash: Detected size(8192k) larger than the size in the binary image header(2048k). Using the size in the binary image header.[0m
[0;32mI (287) sleep: Configure to isolate all GPIO pins in sleep state[0m
[0;32mI (294) sleep: Enable automatic switching of GPIO sleep configuration[0m
[0;32mI (301) main_task: Started on CPU0[0m
[0;32mI (311) main_task: Calling app_main()[0m
 sampling frequence is: 83333 and bit width is: 12

[0;32mI (311) gpio: GPIO[1]| InputEn: 0| OutputEn: 0| OpenDrain: 0| Pullup: 0| Pulldown: 0| Intr:0 [0m
 err esp timeout
Guru Meditation Error: Core  0 panic'ed (InstrFetchProhibited). Exception was unhandled.

Core  0 register dump:
PC      : 0xc1fab30f  PS      : 0x00060530  A0      : 0x820119e2  A1      : 0x3fc96d00  
A2      : 0x3fc9754c  A3      : 0x3c025444  A4      : 0x3fc96d40  A5      : 0x0000000e  
A6      : 0x7fffff80  A7      : 0x3fc96d38  A8      : 0x8201161d  A9      : 0xc1fab30f  
A10     : 0x3fc9b000  A11     : 0xc1f2008e  A12     : 0x3c025444  A13     : 0x0000000e  
A14     : 0x3fc937a8  A15     : 0xffffffff  SAR     : 0x00000001  EXCCAUSE: 0x00000014  
EXCVADDR: 0xc1fab30c  LBEG    : 0x400556d5  LEND    : 0x400556e5  LCOUNT  : 0xfffffffc  


Backtrace: 0x41fab30c:0x3fc96d00 0x420119df:0x3fc96d30 0x42011a17:0x3fc96d70 0x42008a6d:0x3fc96d90 0x42008c36:0x3fc9ade0 0x4201df53:0x3fc9ae00 0x4037b509:0x3fc9ae30




ELF file SHA256: 03643cda3

Rebooting...
ï¿½ï¿½ï¿½ESP-ROM:esp32s3-20210327
Build:Mar 27 2021
rst:0xc (RTC_SW_CPU_RST),boot:0xa (SPI_FAST_FLASH_BOOT)
Saved PC:0x40375958
SPIWP:0xee
mode:DIO, clock div:1
load:0x3fce3810,len:0x178c
load:0x403c9700,len:0x4
load:0x403c9704,len:0xcbc
load:0x403cc700,len:0x2da0
entry 0x403c9914
[0;32mI (31) boot: ESP-IDF v5.2.1-dirty 2nd stage bootloader[0m
[0;32mI (31) boot: compile time May 14 2024 00:03:09[0m
[0;32mI (31) boot: Multicore bootloader[0m
[0;32mI (35) boot: chip revision: v0.2[0m
[0;32mI (39) boot.esp32s3: Boot SPI Speed : 80MHz[0m
[0;32mI (43) boot.esp32s3: SPI Mode       : DIO[0m
[0;32mI (48) boot.esp32s3: SPI Flash Size : 2MB[0m
[0;32mI (53) boot: Enabling RNG early entropy source...[0m
[0;32mI (58) boot: Partition Table:[0m
[0;32mI (62) boot: ## Label            Usage          Type ST Offset   Length[0m
[0;32mI (69) boot:  0 nvs              WiFi data        01 02 00009000 00006000[0m
[0;32mI (77) boot:  1 phy_init         RF data          01 01 0000f000 00001000[0m
[0;32mI (84) boot:  2 factory          factory app      00 00 00010000 00100000[0m
[0;32mI (92) boot: End of partition table[0m
[0;32mI (96) esp_image: segment 0: paddr=00010020 vaddr=3c020020 size=13758h ( 79704) map[0m
[0;32mI (118) esp_image: segment 1: paddr=00023780 vaddr=3fc93700 size=029a0h ( 10656) load[0m
[0;32mI (121) esp_image: segment 2: paddr=00026128 vaddr=40374000 size=09ef0h ( 40688) load[0m
[0;32mI (133) esp_image: segment 3: paddr=00030020 vaddr=42000020 size=1ede0h (126432) map[0m
[0;32mI (156) esp_image: segment 4: paddr=0004ee08 vaddr=4037def0 size=057a0h ( 22432) load[0m
[0;32mI (168) boot: Loaded app from partition at offset 0x10000[0m
[0;32mI (168) boot: Disabling RNG early entropy source...[0m
[0;32mI (179) cpu_start: Multicore app[0m
[0;32mI (189) cpu_start: Pro cpu start user code[0m
[0;32mI (189) cpu_start: cpu freq: 160000000 Hz[0m
[0;32mI (190) cpu_start: Application information:[0m
[0;32mI (192) cpu_start: Project name:     progetto_singolo[0m
[0;32mI (198) cpu_start: App version:      1[0m
[0;32mI (203) cpu_start: Compile time:     May 14 2024 00:02:58[0m
[0;32mI (209) cpu_start: ELF file SHA256:  03643cda3...[0m
[0;32mI (214) cpu_start: ESP-IDF:          v5.2.1-dirty[0m
[0;32mI (219) cpu_start: Min chip rev:     v0.0[0m
[0;32mI (224) cpu_start: Max chip rev:     v0.99 [0m
[0;32mI (229) cpu_start: Chip rev:         v0.2[0m
[0;32mI (234) heap_init: Initializing. RAM available for dynamic allocation:[0m
[0;32mI (241) heap_init: At 3FC969B8 len 00052D58 (331 KiB): RAM[0m
[0;32mI (247) heap_init: At 3FCE9710 len 00005724 (21 KiB): RAM[0m
[0;32mI (253) heap_init: At 3FCF0000 len 00008000 (32 KiB): DRAM[0m
[0;32mI (259) heap_init: At 600FE010 len 00001FD8 (7 KiB): RTCRAM[0m
[0;32mI (267) spi_flash: detected chip: gd[0m
[0;32mI (270) spi_flash: flash io: dio[0m
[0;33mW (274) spi_flash: Detected size(8192k) larger than the size in the binary image header(2048k). Using the size in the binary image header.[0m
[0;32mI (287) sleep: Configure to isolate all GPIO pins in sleep state[0m
[0;32mI (294) sleep: Enable automatic switching of GPIO sleep configuration[0m
[0;32mI (301) main_task: Started on CPU0[0m
[0;32mI (311) main_task: Calling app_main()[0m
 sampling frequence is: 83333 and bit width is: 12

[0;32mI (311) gpio: GPIO[1]| InputEn: 0| OutputEn: 0| OpenDrain: 0| Pullup: 0| Pulldown: 0| Intr:0 [0m
 err esp timeout
Guru Meditation Error: Core  0 panic'ed (LoadProhibited). Exception was unhandled.

Core  0 register dump:
PC      : 0x40057053  PS      : 0x00060530  A0      : 0x820117d5  A1      : 0x3fc96ce0  
A2      : 0xc23f421d  A3      : 0x3e0745e3  A4      : 0xc1f8ba1c  A5      : 0xc1f8ba1c  
A6      : 0x0000000e  A7      : 0xffffffff  A8      : 0xffffffff  A9      : 0xfdfb0e5f  
A10     : 0xfdfb0e60  A11     : 0x0000cdcd  A12     : 0x8037b8b2  A13     : 0x3fc94680  
A14     : 0x00060023  A15     : 0x00000001  SAR     : 0x00000001  EXCCAUSE: 0x0000001c  
EXCVADDR: 0xfdfb0e5f  LBEG    : 0x400556d5  LEND    : 0x400556e5  LCOUNT  : 0xfffffffc  


Backtrace: 0x40057050:0x3fc96ce0 0x420117d2:0x3fc96d00 0x420119df:0x3fc96d30 0x42011a17:0x3fc96d70 0x42008a6d:0x3fc96d90 0x42008c36:0x3fc9ade0 0x4201df53:0x3fc9ae00 0x4037b509:0x3fc9ae30




ELF file SHA256: 03643cda3

Rebooting...
ï¿½ï¿½ï¿½ESP-ROM:esp32s3-20210327
Build:Mar 27 2021
rst:0xc (RTC_SW_CPU_RST),boot:0xa (SPI_FAST_FLASH_BOOT)
Saved PC:0x40375958
SPIWP:0xee
mode:DIO, clock div:1
load:0x3fce3810,len:0x178c
load:0x403c9700,len:0x4
load:0x403c9704,len:0xcbc
load:0x403cc700,len:0x2da0
entry 0x403c9914
[0;32mI (31) boot: ESP-IDF v5.2.1-dirty 2nd stage bootloader[0m
[0;32mI (31) boot: compile time May 14 2024 00:03:09[0m
[0;32mI (31) boot: Multicore bootloader[0m
[0;32mI (35) boot: chip revision: v0.2[0m
[0;32mI (39) boot.esp32s3: Boot SPI Speed : 80MHz[0m
[0;32mI (43) boot.esp32s3: SPI Mode       : DIO[0m
[0;32mI (48) boot.esp32s3: SPI Flash Size : 2MB[0m
[0;32mI (53) boot: Enabling RNG early entropy source...[0m
[0;32mI (58) boot: Partition Table:[0m
[0;32mI (62) boot: ## Label            Usage          Type ST Offset   Length[0m
[0;32mI (69) boot:  0 nvs              WiFi data        01 02 00009000 00006000[0m
[0;32mI (77) boot:  1 phy_init         RF data          01 01 0000f000 00001000[0m
[0;32mI (84) boot:  2 factory          factory app      00 00 00010000 00100000[0m
[0;32mI (92) boot: End of partition table[0m
[0;32mI (96) esp_image: segment 0: paddr=00010020 vaddr=3c020020 size=13758h ( 79704) map[0m
[0;32mI (118) esp_image: segment 1: paddr=00023780 vaddr=3fc93700 size=029a0h ( 10656) load[0m
[0;32mI (121) esp_image: segment 2: paddr=00026128 vaddr=40374000 size=09ef0h ( 40688) load[0m
[0;32mI (133) esp_image: segment 3: paddr=00030020 vaddr=42000020 size=1ede0h (126432) map[0m
