:0x2da0
entry 0x403c9914
[0;32mI (31) boot: ESP-IDF v5.2.1-dirty 2nd stage bootloader[0m
[0;32mI (31) boot: compile time May  6 2024 17:13:56[0m
[0;32mI (31) boot: Multicore bootloader[0m
[0;32mI (35) boot: chip revision: v0.2[0m
[0;32mI (39) boot.esp32s3: Boot SPI Speed : 80MHz[0m
[0;32mI (43) boot.esp32s3: SPI Mode       : DIO[0m
[0;32mI (48) boot.esp32s3: SPI Flash Size : 2MB[0m
[0;32mI (53) boot: Enabling RNG early entropy source...[0m
[0;32mI (58) boot: Partition Table:[0m
[0;32mI (62) boot: ## Label            Usage          Type ST Offset   Length[0m
[0;32mI (69) boot:  0 nvs              Wi3i2mI (77) boot:  1 phy_init         RF data          01 01 0000f000 00001000[0m
[0;32mI (84) boot:  2 factory          factory app      00 00 00010000 00100000[0m
[0;32mI (92) boot: End of partition table[0m
[0;32mI (96) esp_image: segment 0: paddr=00010020 vaddr=3c020020 size=0fa38h ( 64056) map[0m
[0;32mI (116) esp_image: segment 1: paddr=0001fa60 vaddr=3fc92f00 size=005b8h (  1464) load[0m
[0;32mI (116) esp_image: segment 2: paddr=00020020 vaddr=42000020 size=1fc88h (130184) map[0m
[0;32mI (145) esp_image: segment 3: paddr=0003fcb0 vaddr=3fc934b8 size=023c8h (  9160) load[0m
[0;32mI (147) esp_image: segment 4: paddr=00042080 vaddr=40374000 size=0ee98h ( 61080) load[0m
[0;32mI (170) boot: Loaded app from partition at offset 0x10000[0m
[0;32mI (170) boot: Disabling RNG early entropy source...[0m
[0;32mI (181) cpu_start: Multicore app[0m
[0;32mI (192) cpu_start: Pro cpu start user code[0m
[0;32mI (192) cpu_start: cpu freq: 160000000 Hz[0m
[0;32mI (192) cpu_start: Application information:[0m
[0;32mI (195) cpu_start: Project name:     progetto_singolo[0m
[0;32mI (200) cpu_start: App version:      1[0m
[0;32mI (205) cpu_start: Compile time:     May  7 2024 16:37:10[0m
[0;32mI (211) cpu_start: ELF file SHA256:  83e7d9d79...[0m
[0;32mI (216) cpu_start: ESP-IDF:          v5.2.1-dirty[0m
[0;32mI (222) cpu_start: Min chip rev:     v0.0[0m
[0;32mI (226) cpu_start: Max chip rev:     v0.99 [0m
[0;32mI (231) cpu_start: Chip rev:         v0.2[0mnamic allocation:[0m
[0;32mI (243) heap_init: At 3FC97188 len 00052588 (329 KiB): RAM[0m
[0;32mI (249) heap_init: At 3FCE9710 len 00005724 (21 KiB): RAM[0m
[0;32mI (255) heap_init: At 3FCF0000 len 00008000 (32 KiB): DRAM[0m
[0;32mI (261) heap_init: At 600FE010 len 00001FD8 (7 KiB): RTCRAM[0m
[0;32mI (269) spi_flash: detected chip: gd[0m
[0;32mI (272) spi_flash: flash io: dio[0m
[0;33mW (276) spi_flash: Detected size(8192k) larger than tien the binary image header(2048k). Using the size in the binary image header.[0m
[0;32mI (290) sleep: Configure to isolate all GPIO pins in sleep state[0m
[0;32mI (296) sleep: Enable automatic switching of GPIO sleep configuration[0mï¿½ESP-ROM:esp32s3-20210327
Build:Mar 27 2021
rst:0x1 (POWERON),boot:0x9 (SPI_FAST_FLASH_BOOT)
SPIWP:0xee
mode:DIO, clock div:1
load:0x3fce3810,len:0x178c
load:0x403c9700,len:0x4
load:0x403c9704,len:0xcbc
load:0x403cc700,len:0x2da0
entry 0x403c9914
[0;32mI (27) boot: ESP-IDF v5.2.1-dirty 2nd stage bootloader[0m
[0;32mI (27) boot: compile time May  6 2024 17:13:56[0m
[0;32mI (27) boot: Multicore bootloader[0m
[0;32mI (30) boot: chip revision: v0.2[0m
[0;32mI (34) boot.esp32s3: Boot SPI Speed : 80MHz[0m
[0;32mI (39) boot.esp32s3: SPI Mode       : DIO[0m
[0;32mI (44) boot.esp32s3: SPI Flash Size : 2MB[0m
[0;32mI (48) boot: Enabling RNG early entropy source...[0m
[0;32mI (54) boot: Partition Table:[0m
[0;32mI (57) boot: ## Label            Usage          Type ST Offset   Length[0m
[0;32mI (65) boot:  0 nvs              WiFi data        01 02 00009000 00006000[0m
[0;32mI (72) boot:  1 phy_init         RF data          01 01 0000f000 00001000[0m
[0;32mI (80) boot:  2 factory          factory app      00 00 00010000 00100000[0m
[0;32mI (87) boot: End of partition table[0m
[0;32mI (91) esp_image: segment 0: paddr=00010020 vaddr=3c020020 size=0fa38h ( 64056) map[0m
[0;32mI (111) esp_image: segment 1: paddr=0001fa60 vaddr=3fc92f00 size=005b8h (  1464) load[0m
[0;32mI (112) esp_image: segment 2: paddr=00020020 vaddr=42000020 size=1fc88h (130184) map[0m
[0;32mI (140) esp_image: segment 3: paddr=0003fcb0 vaddr=3fc934b8 size=023c8h (  9160) load[0m
[0;32mI (143) esp_image: segment 4: paddr=00042080 vaddr=40374000 size=0ee98h ( 61080) load[0m
[0;32mI (165) boot: Loaded app from partition at offset 0x10000[0m
[0;32mI (166) boot: Disabling RNG early entropy source...[0m
[0;32mI (177) cpu_start: Multicore app[0m
[0;32mI (187) cpu_start: Pro cpu start user code[0m
[0;32mI (187) cpu_start: cpu freq: 160000000 Hz[0m
[0;32mI (187) cpu_start: Application information:[0m
[0;32mI (190) cpu_start: Project name:     progetto_singolo[0m
[0;32mI (196) cpu_start: App version:      1[0m
[0;32mI (200) cpu_start: Compile time:     May  7 2024 16:37:10[0m
[0;32mI (206) cpu_start: ELF file SHA256:  83e7d9d79...[0m
[0;32mI (212) cpu_start: ESP-IDF:          v5.2.1-dirty[0m
[0;32mI (217) cpu_start: Min chip rev:     v0.0[0m
[0;32mI (222) cpu_start: Max chip rev:     v0.99 [0m
[0;32mI (227) cpu_start: Chip rev:         v0.2[0m
[0;32mI (232) heap_init: Initializing. RAM available for dynamic allocation:[0m
[0;32mI (239) heap_init: At 3FC97188 len 00052588 (329 KiB): RAM[0m
[0;32mI (245) heap_init: At 3FCE9710 len 00005724 (21 KiB): RAM[0m
[0;32mI (251) heap_init: At 3FCF0000 len 00008000 (32 KiB): DRAM[0m
[0;32mI (257) heap_init: At 600FE010 len 00001FD8 (7 KiB): RTCRAM[0m
[0;32mI (264) spi_flash: detected chip: gd[0m
[0;32mI (268) spi_flash: flash io: dio[0m
[0;33mW (271) spi_flash: Detected size(8192k) larger than the size in the binary image header(2048k). Using the size in the binary image header.[0m
[0;32mI (285) sleep: Configure to isolate all GPIO pins in sleep state[0m
[0;32mI (292) sleep: Enable automatic switching of GPIO sleep configuration[0m
[0;32mI (299) main_task: Started on CPU0[0m
[0;32mI (309) main_task: Calling app_main()[0m
 sampling frequence is: 83333 and bit width is: 12

[0;32mI (309) gpio: GPIO[1]| InputEn: 0| OutputEn: 0| OpenDrain: 0| Pullup: 0| Pulldown: 0| Intr:0 [0m
ADC_CALI_SCHEME_CURVE_FITTING_SUPPORTED 
the number of samples is: 256
Guru Meditation Error: Core  0 panic'ed (LoadProhibited). Exception was unhandled.

Core  0 register dump:
PC      : 0x4201ca66  PS      : 0x00060330  A0      : 0x8200899c  A1      : 0x3fc9adf0  
A2      : 0x3fc95f20  A3      : 0x00000100  A4      : 0x00000000  A5      : 0x00000001  
A6      : 0x00000080  A7      : 0x00000001  A8      : 0x00000000  A9      : 0x3fc9adc0  
A10     : 0x00000000  A11     : 0x00000000  A12     : 0x54442d18  A13     : 0xc01921fb  
A14     : 0x7ff00000  A15     : 0x80010167  SAR     : 0x00000001  EXCCAUSE: 0x0000001c  
EXCVADDR: 0x00000000  LBEG    : 0x400556d5  LEND    : 0x400556e5  LCOUNT  : 0xffffffff  


Backtrace: 0x4201ca63:0x3fc9adf0 0x42008999:0x3fc9ae00 0x42008b17:0x3fc9ae40 0x4201edfb:0x3fc9ae60 0x4037b429:0x3fc9ae90




ELF file SHA256: 83e7d9d79

Rebooting...
ESP-ROM:esp32s3-20210327
Build:Mar 27 2021
rst:0xc (RTC_SW_CPU_RST),boot:0x9 (SPI_FAST_FLASH_BOOT)
Saved PC:0x4037593c
SPIWP:0xee
mode:DIO, clock div:1
load:0x3fce3810,len:0x178c
load:0x403c9700,len:0x4
load:0x403c9704,len:0xcbc
load:0x403cc700,len:0x2da0
entry 0x403c9914
[0;32mI (31) boot: ESP-IDF v5.2.1-dirty 2nd stage bootloader[0m
[0;32mI (31) boot: compile time May  6 2024 17:13:56[0m
[0;32mI (31) boot: Multicore bootloader[0m
[0;32mI (35) boot: chip revision: v0.2[0m
[0;32mI (39) boot.esp32s3: Boot SPI Speed : 80MHz[0m
[0;32mI (43) boot.esp32s3: SPI Mode       : DIO[0m
[0;32mI (48) boot.esp32s3: SPI Flash Size : 2MB[0m
[0;32mI (53) boot: Enabling RNG early entropy source...[0m
[0;32mI (58) boot: Partition Table:[0m
[0;32mI (62) boot: ## Label            Usage          Type ST Offset   Length[0m
[0;32mI (69) boot:  0 nvs              WiFi data        01 02 00009000 00006000[0m
[0;32mI (77) boot:  1 phy_init         RF data          01 01 0000f000 00001000[0m
[0;32mI (84) boot:  2 factory          factory app      00 00 00010000 00100000[0m
[0;32mI (92) boot: End of partition table[0m
[0;32mI (96) esp_image: segment 0: paddr=00010020 vaddr=3c020020 size=0fa38h ( 64056) map[0m
[0;32mI (116) esp_image: segment 1: paddr=0001fa60 vaddr=3fc92f00 size=005b8h (  1464) load[0m
[0;32mI (116) esp_image: segment 2: paddr=00020020 vaddr=42000020 size=1fc88h (130184) map[0m
[0;32mI (145) esp_image: segment 3: paddr=0003fcb0 vaddr=3fc934b8 size=023c8h (  9160) load[0m
[0;32mI (147) esp_image: segment 4: paddr=00042080 vaddr=40374000 size=0ee98h ( 61080) load[0m
[0;32mI (170) boot: Loaded app from partition at offset 0x10000[0m
[0;32mI (170) boot: Disabling RNG early entropy source...[0m
[0;32mI (181) cpu_start: Multicore app[0m
[0;32mI (192) cpu_start: Pro cpu start user code[0m
[0;32mI (192) cpu_start: cpu freq: 160000000 Hz[0m
[0;32mI (192) cpu_start: Application information:[0m
[0;32mI (195) cpu_start: Project name:     progetto_singolo[0m
[0;32mI (200) cpu_start: App version:      1[0m
[0;32mI (205) cpu_start: Compile time:     May  7 2024 16:37:10[0m
[0;32mI (211) cpu_start: ELF file SHA256:  83e7d9d79...[0m
[0;32mI (216) cpu_start: ESP-IDF:          v5.2.1-dirty[0m
[0;32mI (222) cpu_start: Min chip rev:     v0.0[0m
[0;32mI (226) cpu_start: Max chip rev:     v0.99 [0m
[0;32mI (231) cpu_start: Chip rev:         v0.2[0m
[0;32mI (236) heap_init: Initializing. RAM available for dynamic allocation:[0m
[0;32mI (243) heap_init: At 3FC97188 len 00052588 (329 KiB): RAM[0m
[0;32mI (249) heap_init: At 3FCE9710 len 00005724 (21 KiB): RAM[0m
[0;32mI (255) heap_init: At 3FCF0000 len 00008000 (32 KiB): DRAM[0m
[0;32mI (261) heap_init: At 600FE010 len 00001FD8 (7 KiB): RTCRAM[0m
[0;32mI (269) spi_flash: detected chip: gd[0m
[0;32mI (272) spi_flash: flash io: dio[0m
[0;33mW (276) spi_flash: Detected size(8192k) larger than the size in the binary image header(2048k). Using the size in the binary image header.[0m
[0;32mI (290) sleep: Configure to isolate all GPIO pins in sleep state[0m
[0;32mI (296) sleep: Enable automatic switching of GPIO sleep configuration[0m
[0;32mI (303) main_task: Started on CPU0[0m
[0;32mI (313) main_task: Calling app_main()[0m
 sampling frequence is: 83333 and bit width is: 12

[0;32mI (313) gpio: GPIO[1]| InputEn: 0| OutputEn: 0| OpenDrain: 0| Pullup: 0| Pulldown: 0| Intr:0 [0m
ADC_CALI_SCHEME_CURVE_FITTING_SUPPORTED 
the number of samples is: 256
Guru Meditation Error: Core  0 panic'ed (LoadProhibited). Exception was unhandled.

Core  0 register dump:
PC      : 0x4201ca66  PS      : 0x00060330  A0      : 0x8200899c  A1      : 0x3fc9adf0  
A2      : 0x3fc95f20  A3      : 0x00000100  A4      : 0x00000000  A5      : 0x00000001  
A6      : 0x00000080  A7      : 0x00000001  A8      : 0x00000000  A9      : 0x3fc9adc0  
A10     : 0x00000000  A11     : 0x00000000  A12     : 0x54442d18  A13     : 0xc01921fb  
A14     : 0x7ff00000  A15     : 0x80010167  SAR     : 0x00000001  EXCCAUSE: 0x0000001c  
EXCVADDR: 0x00000000  LBEG    : 0x400556d5  LEND    : 0x400556e5  LCOUNT  : 0xffffffff  


Backtrace: 0x4201ca63:0x3fc9adf0 0x42008999:0x3fc9ae00 0x42008b17:0x3fc9ae40 0x4201edfb:0x3fc9ae60 0x4037b429:0x3fc9ae90




ELF file SHA256: 83e7d9d79

Rebooting...
ESP-ROM:esp32s3-20210327
Build:Mar 27 2021
rst:0xc (RTC_SW_CPU_RST),boot:0x9 (SPI_FAST_FLASH_BOOT)
Saved PC:0x4037593c
SPIWP:0xee
mode:DIO, clock div:1
load:0x3fce3810,len:0x178c
load:0x403c9700,len:0x4
load:0x403c9704,len:0xcbc
load:0x403cc700,len:0x2da0
entry 0x403c9914
[0;32mI (31) boot: ESP-IDF v5.2.1-dirty 2nd stage bootloader[0m
[0;32mI (31) boot: compile time May  6 2024 17:13:56[0m
[0;32mI (31) boot: Multicore bootloader[0m
[0;32mI (35) boot: chip revision: v0.2[0m
[0;32mI (39) boot.esp32s3: Boot SPI Speed : 80MHz[0m
[0;32mI (43) boot.esp32s3: SPI Mode       : DIO[0m
[0;32mI (48) boot.esp32s3: SPI Flash Size : 2MB[0m
[0;32mI (53) boot: Enabling RNG early entropy source...[0m
[0;32mI (58) boot: Partition Table:[0m
[0;32mI (62) boot: ## Label            Usage          Type ST Offset   Length[0m
[0;32mI (69) boot:  0 nvs              WiFi data        01 02 00009000 00006000[0m
[0;32mI (77) boot:  1 phy_init         RF data          01 01 0000f000 00001000[0m
[0;32mI (84) boot:  2 factory          factory app      00 00 00010000 00100000[0m
[0;32mI (92) boot: End of partition table[0m
[0;32mI (96) esp_image: segment 0: paddr=00010020 vaddr=3c020020 size=0fa38h ( 64056) map[0m
[0;32mI (116) esp_image: segment 1: paddr=0001fa60 vaddr=3fc92f00 size=005b8h (  1464) load[0m
[0;32mI (116) esp_image: segment 2: paddr=00020020 vaddr=42000020 size=1fc88h (130184) map[0m
[0;32mI (145) esp_image: segment 3: paddr=0003fcb0 vaddr=3fc934b8 size=023c8h (  9160) load[0m
[0;32mI (147) esp_image: segment 4: paddr=00042080 vaddr=40374000 size=0ee98h ( 61080) load[0m
[0;32mI (170) boot: Loaded app from partition at offset 0x10000[0m
[0;32mI (170) boot: Disabling RNG early entropy source...[0m
[0;32mI (181) cpu_start: Multicore app[0m
[0;32mI (192) cpu_start: Pro cpu start user code[0m
[0;32mI (192) cpu_start: cpu freq: 160000000 Hz[0m
[0;32mI (192) cpu_start: Application information:[0m
[0;32mI (195) cpu_start: Project name:     progetto_singolo[0m
[0;32mI (200) cpu_start: App version:      1[0m
[0;32mI (205) cpu_start: Compile time:     May  7 2024 16:37:10[0m
[0;32mI (211) cpu_start: ELF file SHA256:  83e7d9d79...[0m
[0;32mI (216) cpu_start: ESP-IDF:          v5.2.1-dirty[0m
[0;32mI (222) cpu_start: Min chip rev:     v0.0[0m
[0;32mI (226) cpu_start: Max chip rev:     v0.99 [0m
[0;32mI (231) cpu_start: Chip rev:         v0.2[0m
[0;32mI (236) heap_init: Initializing. RAM available for dynamic allocation:[0m
[0;32mI (243) heap_init: At 3FC97188 len 00052588 (329 KiB): RAM[0m
[0;32mI (249) heap_init: At 3FCE9710 len 00005724 (21 KiB): RAM[0m
[0;32mI (255) heap_init: At 3FCF0000 len 00008000 (32 KiB): DRAM[0m
[0;32mI (261) heap_init: At 600FE010 len 00001FD8 (7 KiB): RTCRAM[0m
[0;32mI (269) spi_flash: detected chip: gd[0m
[0;32mI (272) spi_flash: flash io: dio[0m
[0;33mW (276) spi_flash: Detected size(8192k) larger than the size in the binary image header(2048k). Using the size in the binary image header.[0m
[0;32mI (290) sleep: Configure to isolate all GPIO pins in sleep state[0m
[0;32mI (296) sleep: Enable automatic switching of GPIO sleep configuration[0m
[0;32mI (303) main_task: Started on CPU0[0m
[0;32mI (313) main_task: Calling app_main()[0m
 sampling frequence is: 83333 and bit width is: 12

[0;32mI (313) gpio: GPIO[1]| InputEn: 0| OutputEn: 0| OpenDrain: 0| Pullup: 0| Pulldown: 0| Intr:0 [0m
ADC_CALI_SCHEME_CURVE_FITTING_SUPPORTED 
the number of samples is: 256
Guru Meditation Error: Core  0 panic'ed (LoadProhibited). Exception was unhandled.

Core  0 register dump:
PC      : 0x4201ca66  PS      : 0x00060330  A0      : 0x8200899c  A1      : 0x3fc9adf0  
A2      : 0x3fc95f20  A3      : 0x00000100  A4      : 0x00000000  A5      : 0x00000001  
A6      : 0x00000080  A7      : 0x00000001  A8      : 0x00000000  A9      : 0x3fc9adc0  
A10     : 0x00000000  A11     : 0x00000000  A12     : 0x54442d18  A13     : 0xc01921fb  
A14     : 0x7ff00000  A15     : 0x80010167  SAR     : 0x00000001  EXCCAUSE: 0x0000001c  
EXCVADDR: 0x00000000  LBEG    : 0x400556d5  LEND    : 0x400556e5  LCOUNT  : 0xffffffff  


Backtrace: 0x4201ca63:0x3fc9adf0 0x42008999:0x3fc9ae00 0x42008b17:0x3fc9ae40 0x4201edfb:0x3fc9ae60 0x4037b429:0x3fc9ae90




ELF file SHA256: 83e7d9d79

Rebooting...
ESP-ROM:esp32s3-20210327
Build:Mar 27 2021
rst:0xc (RTC_SW_CPU_RST),boot:0x9 (SPI_FAST_FLASH_BOOT)
Saved PC:0x4037593c
SPIWP:0xee
mode:DIO, clock div:1
load:0x3fce3810,len:0x178c
load:0x403c9700,len:0x4
load:0x403c9704,len:0xcbc
load:0x403cc700,len:0x2da0
entry 0x403c9914
[0;32mI (31) boot: ESP-IDF v5.2.1-dirty 2nd stage bootloader[0m
[0;32mI (31) boot: compile time May  6 2024 17:13:56[0m
[0;32mI (31) boot: Multicore bootloader[0m
[0;32mI (35) boot: chip revision: v0.2[0m
[0;32mI (39) boot.esp32s3: Boot SPI Speed : 80MHz[0m
[0;32mI (43) boot.esp32s3: SPI Mode       : DIO[0m
[0;32mI (48) boot.esp32s3: SPI Flash Size : 2MB[0m
[0;32mI (53) boot: Enabling RNG early entropy source...[0m
[0;32mI (58) boot: Partition Table:[0m
[0;32mI (62) boot: ## Label            Usage          Type ST Offset   Length[0m
[0;32mI (69) boot:  0 nvs              WiFi data        01 02 00009000 00006000[0m
[0;32mI (77) boot:  1 phy_init         RF data          01 01 0000f000 00001000[0m
[0;32mI (84) boot:  2 factory          factory app      00 00 00010000 00100000[0m
[0;32mI (92) boot: End of partition table[0m
[0;32mI (96) esp_image: segment 0: paddr=00010020 vaddr=3c020020 size=0fa38h ( 64056) map[0m
[0;32mI (116) esp_image: segment 1: paddr=0001fa60 vaddr=3fc92f00 size=005b8h (  1464) load[0m
[0;32mI (116) esp_image: segment 2: paddr=00020020 vaddr=42000020 size=1fc88h (130184) map[0m
[0;32mI (145) esp_image: segment 3: paddr=0003fcb0 vaddr=3fc934b8 size=023c8h (  9160) load[0m
[0;32mI (147) esp_image: segment 4: paddr=00042080 vaddr=40374000 size=0ee98h ( 61080) load[0m
[0;32mI (170) boot: Loaded app from partition at offset 0x10000[0m
[0;32mI (170) boot: Disabling RNG early entropy source...[0m
[0;32mI (181) cpu_start: Multicore app[0m
[0;32mI (192) cpu_start: Pro cpu start user code[0m
[0;32mI (192) cpu_start: cpu freq: 160000000 Hz[0m
[0;32mI (192) cpu_start: Application information:[0m
[0;32mI (195) cpu_start: Project name:     progetto_singolo[0m
[0;32mI (200) cpu_start: App version:      1[0m
[0;32mI (205) cpu_start: Compile time:     May  7 2024 16:37:10[0m
[0;32mI (211) cpu_start: ELF file SHA256:  83e7d9d79...[0m
[0;32mI (216) cpu_start: ESP-IDF:          v5.2.1-dirty[0m
[0;32mI (222) cpu_start: Min chip rev:     v0.0[0m
[0;32mI (226) cpu_start: Max chip rev:     v0.99 [0m
[0;32mI (231) cpu_start: Chip rev:         v0.2[0m
[0;32mI (236) heap_init: Initializing. RAM available for dynamic allocation:[0m
[0;32mI (243) heap_init: At 3FC97188 len 00052588 (329 KiB): RAM[0m
[0;32mI (249) heap_init: At 3FCE9710 len 00005724 (21 KiB): RAM[0m
[0;32mI (255) heap_init: At 3FCF0000 len 00008000 (32 KiB): DRAM[0m
[0;32mI (261) heap_init: At 600FE010 len 00001FD8 (7 KiB): RTCRAM[0m
[0;32mI (269) spi_flash: detected chip: gd[0m
[0;32mI (272) spi_flash: flash io: dio[0m
[0;33mW (276) spi_flash: Detected size(8192k) larger than the size in the binary image header(2048k). Using the size in the binary image header.[0m
[0;32mI (290) sleep: Configure to isolate all GPIO pins in sleep state[0m
[0;32mI (296) sleep: Enable automatic switching of GPIO sleep configuration[0m
[0;32mI (303) main_task: Started on CPU0[0m
[0;32mI (313) main_task: Calling app_main()[0m
 sampling frequence is: 83333 and bit width is: 12

[0;32mI (313) gpio: GPIO[1]| InputEn: 0| OutputEn: 0| OpenDrain: 0| Pullup: 0| Pulldown: 0| Intr:0 [0m
ADC_CALI_SCHEME_CURVE_FITTING_SUPPORTED 
the number of samples is: 256
Guru Meditation Error: Core  0 panic'ed (LoadProhibited). Exception was unhandled.

Core  0 register dump:
PC      : 0x4201ca66  PS      : 0x00060330  A0      : 0x8200899c  A1      : 0x3fc9adf0  
A2      : 0x3fc95f20  A3      : 0x00000100  A4      : 0x00000000  A5      : 0x00000001  
A6      : 0x00000080  A7      : 0x00000001  A8      : 0x00000000  A9      : 0x3fc9adc0  
A10     : 0x00000000  A11     : 0x00000000  A12     : 0x54442d18  A13     : 0xc01921fb  
A14     : 0x7ff00000  A15     : 0x80010167  SAR     : 0x00000001  EXCCAUSE: 0x0000001c  
EXCVADDR: 0x00000000  LBEG    : 0x400556d5  LEND    : 0x400556e5  LCOUNT  : 0xffffffff  


Backtrace: 0x4201ca63:0x3fc9adf0 0x42008999:0x3fc9ae00 0x42008b17:0x3fc9ae40 0x4201edfb:0x3fc9ae60 0x4037b429:0x3fc9ae90




ELF file SHA256: 83e7d9d79

Rebooting...
ESP-ROM:esp32s3-20210327
Build:Mar 27 2021
rst:0xc (RTC_SW_CPU_RST),boot:0x9 (SPI_FAST_FLASH_BOOT)
Saved PC:0x4037593c
SPIWP:0xee
mode:DIO, clock div:1
load:0x3fce3810,len:0x178c
load:0x403c9700,len:0x4
load:0x403c9704,len:0xcbc
load:0x403cc700,len:0x2da0
entry 0x403c9914
[0;32mI (31) boot: ESP-IDF v5.2.1-dirty 2nd stage bootloader[0m
[0;32mI (31) boot: compile time May  6 2024 17:13:56[0m
[0;32mI (31) boot: Multicore bootloader[0m
[0;32mI (35) boot: chip revision: v0.2[0m
[0;32mI (39) boot.esp32s3: Boot SPI Speed : 80MHz[0m
[0;32mI (43) boot.esp32s3: SPI Mode       : DIO[0m
[0;32mI (48) boot.esp32s3: SPI Flash Size : 2MB[0m
[0;32mI (53) boot: Enabling RNG early entropy source...[0m
[0;32mI (58) boot: Partition Table:[0m
[0;32mI (62) boot: ## Label            Usage          Type ST Offset   Length[0m
[0;32mI (69) boot:  0 nvs              WiFi data        01 02 00009000 00006000[0m
[0;32mI (77) boot:  1 phy_init         RF data          01 01 0000f000 00001000[0m
[0;32mI (84) boot:  2 factory          factory app      00 00 00010000 00100000[0m
[0;32mI (92) boot: End of partition table[0m
[0;32mI (96) esp_image: segment 0: paddr=00010020 vaddr=3c020020 size=0fa38h ( 64056) map[0m
[0;32mI (116) esp_image: segment 1: paddr=0001fa60 vaddr=3fc92f00 size=005b8h (  1464) load[0m
[0;32mI (116) esp_image: segment 2: paddr=00020020 vaddr=42000020 size=1fc88h (130184) map[0m
[0;32mI (145) esp_image: segment 3: paddr=0003fcb0 vaddr=3fc934b8 size=023c8h (  9160) load[0m
[0;32mI (147) esp_image: segment 4: paddr=00042080 vaddr=40374000 size=0ee98h ( 61080) load[0m
[0;32mI (170) boot: Loaded app from partition at offset 0x10000[0m
[0;32mI (170) boot: Disabling RNG early entropy source...[0m
[0;32mI (181) cpu_start: Multicore app[0m
[0;32mI (192) cpu_start: Pro cpu start user code[0m
[0;32mI (192) cpu_start: cpu freq: 160000000 Hz[0m
[0;32mI (192) cpu_start: Application information:[0m
[0;32mI (195) cpu_start: Project name:     progetto_singolo[0m
[0;32mI (200) cpu_start: App version:      1[0m
[0;32mI (205) cpu_start: Compile time:     May  7 2024 16:37:10[0m
[0;32mI (211) cpu_start: ELF file SHA256:  83e7d9d79...[0m
[0;32mI (216) cpu_start: ESP-IDF:          v5.2.1-dirty[0m
[0;32mI (222) cpu_start: Min chip rev:     v0.0[0m
[0;32mI (226) cpu_start: Max chip rev:     v0.99 [0m
[0;32mI (231) cpu_start: Chip rev:         v0.2[0m
[0;32mI (236) heap_init: Initializing. RAM available for dynamic allocation:[0m
[0;32mI (243) heap_init: At 3FC97188 len 00052588 (329 KiB): RAM[0m
[0;32mI (249) heap_init: At 3FCE9710 len 00005724 (21 KiB): RAM[0m
[0;32mI (255) heap_init: At 3FCF0000 len 00008000 (32 KiB): DRAM[0m
[0;32mI (261) heap_init: At 600FE010 len 00001FD8 (7 KiB): RTCRAM[0m
[0;32mI (269) spi_flash: detected chip: gd[0m
[0;32mI (272) spi_flash: flash io: dio[0m
[0;33mW (276) spi_flash: Detected size(8192k) larger than the size in the binary image header(2048k). Using the size in the binary image header.[0m
[0;32mI (290) sleep: Configure to isolate all GPIO pins in sleep state[0m
[0;32mI (296) sleep: Enable automatic switching of GPIO sleep configuration[0m
[0;32mI (303) main_task: Started on CPU0[0m
[0;32mI (313) main_task: Calling app_main()[0m
 sampling frequence is: 83333 and bit width is: 12

[0;32mI (313) gpio: GPIO[1]| InputEn: 0| OutputEn: 0| OpenDrain: 0| Pullup: 0| Pulldown: 0| Intr:0 [0m
ADC_CALI_SCHEME_CURVE_FITTING_SUPPORTED 
the number of samples is: 256
Guru Meditation Error: Core  0 panic'ed (LoadProhibited). Exception was unhandled.

Core  0 register dump:
PC      : 0x4201ca66  PS      : 0x00060330  A0      : 0x8200899c  A1      : 0x3fc9adf0  
A2      : 0x3fc95f20  A3      : 0x00000100  A4      : 0x00000000  A5      : 0x00000001  
A6      : 0x00000080  A7      : 0x00000001  A8      : 0x00000000  A9      : 0x3fc9adc0  
A10     : 0x00000000  A11     : 0x00000000  A12     : 0x54442d18  A13     : 0xc01921fb  
A14     : 0x7ff00000  A15     : 0x80010167  SAR     : 0x00000001  EXCCAUSE: 0x0000001c  
EXCVADDR: 0x00000000  LBEG    : 0x400556d5  LEND    : 0x400556e5  LCOUNT  : 0xffffffff  


Backtrace: 0x4201ca63:0x3fc9adf0 0x42008999:0x3fc9ae00 0x42008b17:0x3fc9ae40 0x4201edfb:0x3fc9ae60 0x4037b429:0x3fc9ae90




ELF file SHA256: 83e7d9d79

Rebooting...
ESP-ROM:esp32s3-20210327
Build:Mar 27 2021
rst:0xc (RTC_SW_CPU_RST),boot:0x9 (SPI_FAST_FLASH_BOOT)
Saved PC:0x4037593c
SPIWP:0xee
mode:DIO, clock div:1
load:0x3fce3810,len:0x178c
load:0x403c9700,len:0x4
load:0x403c9704,len:0xcbc
load:0x403cc700,len:0x2da0
entry 0x403c9914
[0;32mI (31) boot: ESP-IDF v5.2.1-dirty 2nd stage bootloader[0m
[0;32mI (31) boot: compile time May  6 2024 17:13:56[0m
[0;32mI (31) boot: Multicore bootloader[0m
[0;32mI (35) boot: chip revision: v0.2[0m
[0;32mI (39) boot.esp32s3: Boot SPI Speed : 80MHz[0m
[0;32mI (43) boot.esp32s3: SPI Mode       : DIO[0m
[0;32mI (48) boot.esp32s3: SPI Flash Size : 2MB[0m
[0;32mI (53) boot: Enabling RNG early entropy source...[0m
[0;32mI (58) boot: Partition Table:[0m
[0;32mI (62) boot: ## Label            Usage          Type ST Offset   Length[0m
[0;32mI (69) boot:  0 nvs              WiFi data        01 02 00009000 00006000[0m
[0;32mI (77) boot:  1 phy_init         RF data          01 01 0000f000 00001000[0m
[0;32mI (84) boot:  2 factory          factory app      00 00 00010000 00100000[0m
[0;32mI (92) boot: End of partition table[0m
[0;32mI (96) esp_image: segment 0: paddr=00010020 vaddr=3c020020 size=0fa38h ( 64056) map[0m
[0;32mI (116) esp_image: segment 1: paddr=0001fa60 vaddr=3fc92f00 size=005b8h (  1464) load[0m
[0;32mI (116) esp_image: segment 2: paddr=00020020 vaddr=42000020 size=1fc88h (130184) map[0m
[0;32mI (145) esp_image: segment 3: paddr=0003fcb0 vaddr=3fc934b8 size=023c8h (  9160) load[0m
[0;32mI (147) esp_image: segment 4: paddr=00042080 vaddr=40374000 size=0ee98h ( 61080) load[0m
[0;32mI (170) boot: Loaded app from partition at offset 0x10000[0m
[0;32mI (170) boot: Disabling RNG early entropy source...[0m
[0;32mI (181) cpu_start: Multicore app[0m
[0;32mI (192) cpu_start: Pro cpu start user code[0m
[0;32mI (192) cpu_start: cpu freq: 160000000 Hz[0m
[0;32mI (192) cpu_start: Application information:[0m
[0;32mI (195) cpu_start: Project name:     progetto_singolo[0m
[0;32mI (200) cpu_start: App version:      1[0m
[0;32mI (205) cpu_start: Compile time:     May  7 2024 16:37:10[0m
[0;32mI (211) cpu_start: ELF file SHA256:  83e7d9d79...[0m
[0;32mI (216) cpu_start: ESP-IDF:          v5.2.1-dirty[0m
[0;32mI (222) cpu_start: Min chip rev:     v0.0[0m
[0;32mI (226) cpu_start: Max chip rev:     v0.99 [0m
[0;32mI (231) cpu_start: Chip rev:         v0.2[0m
[0;32mI (236) heap_init: Initializing. RAM available for dynamic allocation:[0m
[0;32mI (243) heap_init: At 3FC97188 len 00052588 (329 KiB): RAM[0m
[0;32mI (249) heap_init: At 3FCE9710 len 00005724 (21 KiB): RAM[0m
[0;32mI (255) heap_init: At 3FCF0000 len 00008000 (32 KiB): DRAM[0m
[0;32mI (261) heap_init: At 600FE010 len 00001FD8 (7 KiB): RTCRAM[0m
[0;32mI (269) spi_flash: detected chip: gd[0m
[0;32mI (272) spi_flash: flash io: dio[0m
[0;33mW (276) spi_flash: Detected size(8192k) larger than the size in the binary image header(2048k). Using the size in the binary image header.[0m
[0;32mI (290) sleep: Configure to isolate all GPIO pins in sleep state[0m
[0;32mI (296) sleep: Enable automatic switching of GPIO sleep configuration[0m
[0;32mI (303) main_task: Started on CPU0[0m
[0;32mI (313) main_task: Calling app_main()[0m
 sampling frequence is: 83333 and bit width is: 12

[0;32mI (313) gpio: GPIO[1]| InputEn: 0| OutputEn: 0| OpenDrain: 0| Pullup: 0| Pulldown: 0| Intr:0 [0m
ADC_CALI_SCHEME_CURVE_FITTING_SUPPORTED 
the number of samples is: 256
Guru Meditation Error: Core  0 panic'ed (LoadProhibited). Exception was unhandled.

Core  0 register dump:
PC      : 0x4201ca66  PS      : 0x00060330  A0      : 0x8200899c  A1      : 0x3fc9adf0  
A2      : 0x3fc95f20  A3      : 0x00000100  A4      : 0x00000000  A5      : 0x00000001  
A6      : 0x00000080  A7      : 0x00000001  A8      : 0x00000000  A9      : 0x3fc9adc0  
A10     : 0x00000000  A11     : 0x00000000  A12     : 0x54442d18  A13     : 0xc01921fb  
A14     : 0x7ff00000  A15     : 0x80010167  SAR     : 0x00000001  EXCCAUSE: 0x0000001c  
EXCVADDR: 0x00000000  LBEG    : 0x400556d5  LEND    : 0x400556e5  LCOUNT  : 0xffffffff  


Backtrace: 0x4201ca63:0x3fc9adf0 0x42008999:0x3fc9ae00 0x42008b17:0x3fc9ae40 0x4201edfb:0x3fc9ae60 0x4037b429:0x3fc9ae90




ELF file SHA256: 83e7d9d79

Rebooting...
ESP-ROM:esp32s3-20210327
Build:Mar 27 2021
rst:0xc (RTC_SW_CPU_RST),boot:0x9 (SPI_FAST_FLASH_BOOT)
Saved PC:0x4037593c
SPIWP:0xee
mode:DIO, clock div:1
load:0x3fce3810,len:0x178c
load:0x403c9700,len:0x4
load:0x403c9704,len:0xcbc
load:0x403cc700,len:0x2da0
entry 0x403c9914
[0;32mI (31) boot: ESP-IDF v5.2.1-dirty 2nd stage bootloader[0m
[0;32mI (31) boot: compile time May  6 2024 17:13:56[0m
[0;32mI (31) boot: Multicore bootloader[0m
[0;32mI (35) boot: chip revision: v0.2[0m
[0;32mI (39) boot.esp32s3: Boot SPI Speed : 80MHz[0m
[0;32mI (43) boot.esp32s3: SPI Mode       : DIO[0m
[0;32mI (48) boot.esp32s3: SPI Flash Size : 2MB[0m
[0;32mI (53) boot: Enabling RNG early entropy source...[0m
[0;32mI (58) boot: Partition Table:[0m
[0;32mI (62) boot: ## Label            Usage          Type ST Offset   Length[0m
[0;32mI (69) boot:  0 nvs              WiFi data        01 02 00009000 00006000[0m
[0;32mI (77) boot:  1 phy_init         RF data          01 01 0000f000 00001000[0m
[0;32mI (84) boot:  2 factory          factory app      00 00 00010000 00100000[0m
[0;32mI (92) boot: End of partition table[0m
[0;32mI (96) esp_image: segment 0: paddr=00010020 vaddr=3c020020 size=0fa38h ( 64056) map[0m
[0;32mI (116) esp_image: segment 1: paddr=0001fa60 vaddr=3fc92f00 size=005b8h (  1464) load[0m
[0;32mI (116) esp_image: segment 2: paddr=00020020 vaddr=42000020 size=1fc88h (130184) map[0m
[0;32mI (145) esp_image: segment 3: paddr=0003fcb0 vaddr=3fc934b8 size=023c8h (  9160) load[0m
[0;32mI (147) esp_image: segment 4: paddr=00042080 vaddr=40374000 size=0ee98h ( 61080) load[0m
[0;32mI (170) boot: Loaded app from partition at offset 0x10000[0m
[0;32mI (170) boot: Disabling RNG early entropy source...[0m
[0;32mI (181) cpu_start: Multicore app[0m
[0;32mI (192) cpu_start: Pro cpu start user code[0m
[0;32mI (192) cpu_start: cpu freq: 160000000 Hz[0m
[0;32mI (192) cpu_start: Application information:[0m
[0;32mI (195) cpu_start: Project name:     progetto_singolo[0m
[0;32mI (200) cpu_start: App version:      1[0m
[0;32mI (205) cpu_start: Compile time:     May  7 2024 16:37:10[0m
[0;32mI (211) cpu_start: ELF file SHA256:  83e7d9d79...[0m
[0;32mI (216) cpu_start: ESP-IDF:          v5.2.1-dirty[0m
[0;32mI (222) cpu_start: Min chip rev:     v0.0[0m
[0;32mI (226) cpu_start: Max chip rev:     v0.99 [0m
[0;32mI (231) cpu_start: Chip rev:         v0.2[0m
[0;32mI (236) heap_init: Initializing. RAM available for dynamic allocation:[0m
[0;32mI (243) heap_init: At 3FC97188 len 00052588 (329 KiB): RAM[0m
[0;32mI (249) heap_init: At 3FCE9710 len 00005724 (21 KiB): RAM[0m
[0;32mI (255) heap_init: At 3FCF0000 len 00008000 (32 KiB): DRAM[0m
[0;32mI (261) heap_init: At 600FE010 len 00001FD8 (7 KiB): RTCRAM[0m
[0;32mI (269) spi_flash: detected chip: gd[0m
[0;32mI (272) spi_flash: flash io: dio[0m
[0;33mW (276) spi_flash: Detected size(8192k) larger than the size in the binary image header(2048k). Using the size in the binary image header.[0m
[0;32mI (290) sleep: Configure to isolate all GPIO pins in sleep state[0m
[0;32mI (296) sleep: Enable automatic switching of GPIO sleep configuration[0m
[0;32mI (303) main_task: Started on CPU0[0m
[0;32mI (313) main_task: Calling app_main()[0m
 sampling frequence is: 83333 and bit width is: 12

[0;32mI (313) gpio: GPIO[1]| InputEn: 0| OutputEn: 0| OpenDrain: 0| Pullup: 0| Pulldown: 0| Intr:0 [0m
ADC_CALI_SCHEME_CURVE_FITTING_SUPPORTED 
the number of samples is: 256
Guru Meditation Error: Core  0 panic'ed (LoadProhibited). Exception was unhandled.

Core  0 register dump:
PC      : 0x4201ca66  PS      : 0x00060330  A0      : 0x8200899c  A1      : 0x3fc9adf0  
A2      : 0x3fc95f20  A3      : 0x00000100  A4      : 0x00000000  A5      : 0x00000001  
A6      : 0x00000080  A7      : 0x00000001  A8      : 0x00000000  A9      : 0x3fc9adc0  
A10     : 0x00000000  A11     : 0x00000000  A12     : 0x54442d18  A13     : 0xc01921fb  
A14     : 0x7ff00000  A15     : 0x80010167  SAR     : 0x00000001  EXCCAUSE: 0x0000001c  
EXCVADDR: 0x00000000  LBEG    : 0x400556d5  LEND    : 0x400556e5  LCOUNT  : 0xffffffff  


Backtrace: 0x4201ca63:0x3fc9adf0 0x42008999:0x3fc9ae00 0x42008b17:0x3fc9ae40 0x4201edfb:0x3fc9ae60 0x4037b429:0x3fc9ae90




ELF file SHA256: 83e7d9d79

Rebooting...
ESP-ROM:esp32s3-20210327
Build:Mar 27 2021
rst:0xc (RTC_SW_CPU_RST),boot:0x9 (SPI_FAST_FLASH_BOOT)
Saved PC:0x4037593c
SPIWP:0xee
mode:DIO, clock div:1
load:0x3fce3810,len:0x178c
load:0x403c9700,len:0x4
load:0x403c9704,len:0xcbc
load:0x403cc700,len:0x2da0
entry 0x403c9914
[0;32mI (31) boot: ESP-IDF v5.2.1-dirty 2nd stage bootloader[0m
[0;32mI (31) boot: compile time May  6 2024 17:13:56[0m
[0;32mI (31) boot: Multicore bootloader[0m
[0;32mI (35) boot: chip revision: v0.2[0m
[0;32mI (39) boot.esp32s3: Boot SPI Speed : 80MHz[0m
[0;32mI (43) boot.esp32s3: SPI Mode       : DIO[0m
[0;32mI (48) boot.esp32s3: SPI Flash Size : 2MB[0m
[0;32mI (53) boot: Enabling RNG early entropy source...[0m
[0;32mI (58) boot: Partition Table:[0m
[0;32mI (62) boot: ## Label            Usage          Type ST Offset   Length[0m
[0;32mI (69) boot:  0 nvs              WiFi data        01 02 00009000 00006000[0m
[0;32mI (77) boot:  1 phy_init         RF data          01 01 0000f000 00001000[0m
[0;32mI (84) boot:  2 factory          factory app      00 00 00010000 00100000[0m
[0;32mI (92) boot: End of partition table[0m
[0;32mI (96) esp_image: segment 0: paddr=00010020 vaddr=3c020020 size=0fa38h ( 64056) map[0m
[0;32mI (116) esp_image: segment 1: paddr=0001fa60 vaddr=3fc92f00 size=005b8h (  1464) load[0m
[0;32mI (116) esp_image: segment 2: paddr=00020020 vaddr=42000020 size=1fc88h (130184) map[0m
[0;32mI (145) esp_image: segment 3: paddr=0003fcb0 vaddr=3fc934b8 size=023c8h (  9160) load[0m
[0;32mI (147) esp_image: segment 4: paddr=00042080 vaddr=40374000 size=0ee98h ( 61080) load[0m
[0;32mI (170) boot: Loaded app from partition at offset 0x10000[0m
[0;32mI (170) boot: Disabling RNG early entropy source...[0m
[0;32mI (181) cpu_start: Multicore app[0m
[0;32mI (192) cpu_start: Pro cpu start user code[0m
[0;32mI (192) cpu_start: cpu freq: 160000000 Hz[0m
[0;32mI (192) cpu_start: Application information:[0m
[0;32mI (195) cpu_start: Project name:     progetto_singolo[0m
[0;32mI (200) cpu_start: App version:      1[0m
[0;32mI (205) cpu_start: Compile time:     May  7 2024 16:37:10[0m
[0;32mI (211) cpu_start: ELF file SHA256:  83e7d9d79...[0m
[0;32mI (216) cpu_start: ESP-IDF:          v5.2.1-dirty[0m
[0;32mI (222) cpu_start: Min chip rev:     v0.0[0m
[0;32mI (226) cpu_start: Max chip rev:     v0.99 [0m
[0;32mI (231) cpu_start: Chip rev:         v0.2[0m
[0;32mI (236) heap_init: Initializing. RAM available for dynamic allocation:[0m
[0;32mI (243) heap_init: At 3FC97188 len 00052588 (329 KiB): RAM[0m
[0;32mI (249) heap_init: At 3FCE9710 len 00005724 (21 KiB): RAM[0m
[0;32mI (255) heap_init: At 3FCF0000 len 00008000 (32 KiB): DRAM[0m
[0;32mI (261) heap_init: At 600FE010 len 00001FD8 (7 KiB): RTCRAM[0m
[0;32mI (269) spi_flash: detected chip: gd[0m
[0;32mI (272) spi_flash: flash io: dio[0m
[0;33mW (276) spi_flash: Detected size(8192k) larger than the size in the binary image header(2048k). Using the size in the binary image header.[0m
[0;32mI (290) sleep: Configure to isolate all GPIO pins in sleep state[0m
[0;32mI (296) sleep: Enable automatic switching of GPIO sleep configuration[0m
[0;32mI (303) main_task: Started on CPU0[0m
[0;32mI (313) main_task: Calling app_main()[0m
 sampling frequence is: 83333 and bit width is: 12

[0;32mI (313) gpio: GPIO[1]| InputEn: 0| OutputEn: 0| OpenDrain: 0| Pullup: 0| Pulldown: 0| Intr:0 [0m
ADC_CALI_SCHEME_CURVE_FITTING_SUPPORTED 
the number of samples is: 256
Guru Meditation Error: Core  0 panic'ed (LoadProhibited). Exception was unhandled.

Core  0 register dump:
PC      : 0x4201ca66  PS      : 0x00060330  A0      : 0x8200899c  A1      : 0x3fc9adf0  
A2      : 0x3fc95f20  A3      : 0x00000100  A4      : 0x00000000  A5      : 0x00000001  
A6      : 0x00000080  A7      : 0x00000001  A8      : 0x00000000  A9      : 0x3fc9adc0  
A10     : 0x00000000  A11     : 0x00000000  A12     : 0x54442d18  A13     : 0xc01921fb  
A14     : 0x7ff00000  A15     : 0x80010167  SAR     : 0x00000001  EXCCAUSE: 0x0000001c  
EXCVADDR: 0x00000000  LBEG    : 0x400556d5  LEND    : 0x400556e5  LCOUNT  : 0xffffffff  


Backtrace: 0x4201ca63:0x3fc9adf0 0x42008999:0x3fc9ae00 0x42008b17:0x3fc9ae40 0x4201edfb:0x3fc9ae60 0x4037b429:0x3fc9ae90




ELF file SHA256: 83e7d9d79

Rebooting...
ESP-ROM:esp32s3-20210327
Build:Mar 27 2021
rst:0xc (RTC_SW_CPU_RST),boot:0x9 (SPI_FAST_FLASH_BOOT)
Saved PC:0x4037593c
SPIWP:0xee
mode:DIO, clock div:1
load:0x3fce3810,len:0x178c
load:0x403c9700,len:0x4
load:0x403c9704,len:0xcbc
load:0x403cc700,len:0x2da0
entry 0x403c9914
[0;32mI (31) boot: ESP-IDF v5.2.1-dirty 2nd stage bootloader[0m
[0;32mI (31) boot: compile time May  6 2024 17:13:56[0m
[0;32mI (31) boot: Multicore bootloader[0m
[0;32mI (35) boot: chip revision: v0.2[0m
[0;32mI (39) boot.esp32s3: Boot SPI Speed : 80MHz[0m
[0;32mI (43) boot.esp32s3: SPI Mode       : DIO[0m
[0;32mI (48) boot.esp32s3: SPI Flash Size : 2MB[0m
[0;32mI (53) boot: Enabling RNG early entropy source...[0m
[0;32mI (58) boot: Partition Table:[0m
[0;32mI (62) boot: ## Label            Usage          Type ST Offset   Length[0m
[0;32mI (69) boot:  0 nvs              WiFi data        01 02 00009000 00006000[0m
[0;32mI (77) boot:  1 phy_init         RF data          01 01 0000f000 00001000[0m
[0;32mI (84) boot:  2 factory          factory app      00 00 00010000 00100000[0m
[0;32mI (92) boot: End of partition table[0m
[0;32mI (96) esp_image: segment 0: paddr=00010020 vaddr=3c020020 size=0fa38h ( 64056) map[0m
[0;32mI (116) esp_image: segment 1: paddr=0001fa60 vaddr=3fc92f00 size=005b8h (  1464) load[0m
[0;32mI (116) esp_image: segment 2: paddr=00020020 vaddr=42000020 size=1fc88h (130184) map[0m
[0;32mI (145) esp_image: segment 3: paddr=0003fcb0 vaddr=3fc934b8 size=023c8h (  9160) load[0m
[0;32mI (147) esp_image: segment 4: paddr=00042080 vaddr=40374000 size=0ee98h ( 61080) load[0m
[0;32mI (170) boot: Loaded app from partition at offset 0x10000[0m
[0;32mI (170) boot: Disabling RNG early entropy source...[0m
[0;32mI (181) cpu_start: Multicore app[0m
[0;32mI (192) cpu_start: Pro cpu start user code[0m
[0;32mI (192) cpu_start: cpu freq: 160000000 Hz[0m
[0;32mI (192) cpu_start: Application information:[0m
[0;32mI (195) cpu_start: Project name:     progetto_singolo[0m
[0;32mI (200) cpu_start: App version:      1[0m
[0;32mI (205) cpu_start: Compile time:     May  7 2024 16:37:10[0m
[0;32mI (211) cpu_start: ELF file SHA256:  83e7d9d79...[0m
[0;32mI (216) cpu_start: ESP-IDF:          v5.2.1-dirty[0m
[0;32mI (222) cpu_start: Min chip rev:     v0.0[0m
[0;32mI (226) cpu_start: Max chip rev:     v0.99 [0m
[0;32mI (231) cpu_start: Chip rev:         v0.2[0m
[0;32mI (236) heap_init: Initializing. RAM available for dynamic allocation:[0m
[0;32mI (243) heap_init: At 3FC97188 len 00052588 (329 KiB): RAM[0m
[0;32mI (249) heap_init: At 3FCE9710 len 00005724 (21 KiB): RAM[0m
[0;32mI (255) heap_init: At 3FCF0000 len 00008000 (32 KiB): DRAM[0m
[0;32mI (261) heap_init: At 600FE010 len 00001FD8 (7 KiB): RTCRAM[0m
[0;32mI (269) spi_flash: detected chip: gd[0m
[0;32mI (272) spi_flash: flash io: dio[0m
[0;33mW (276) spi_flash: Detected size(8192k) larger than the size in the binary image header(2048k). Using the size in the binary image header.[0m
[0;32mI (290) sleep: Configure to isolate all GPIO pins in sleep state[0m
[0;32mI (296) sleep: Enable automatic switching of GPIO sleep configuration[0m
[0;32mI (303) main_task: Started on CPU0[0m
[0;32mI (313) main_task: Calling app_main()[0m
 sampling frequence is: 83333 and bit width is: 12

[0;32mI (313) gpio: GPIO[1]| InputEn: 0| OutputEn: 0| OpenDrain: 0| Pullup: 0| Pulldown: 0| Intr:0 [0m
ADC_CALI_SCHEME_CURVE_FITTING_SUPPORTED 
the number of samples is: 256
Guru Meditation Error: Core  0 panic'ed (LoadProhibited). Exception was unhandled.

Core  0 register dump:
PC      : 0x4201ca66  PS      : 0x00060330  A0      : 0x8200899c  A1      : 0x3fc9adf0  
A2      : 0x3fc95f20  A3      : 0x00000100  A4      : 0x00000000  A5      : 0x00000001  
A6      : 0x00000080  A7      : 0x00000001  A8      : 0x00000000  A9      : 0x3fc9adc0  
A10     : 0x00000000  A11     : 0x00000000  A12     : 0x54442d18  A13     : 0xc01921fb  
A14     : 0x7ff00000  A15     : 0x80010167  SAR     : 0x00000001  EXCCAUSE: 0x0000001c  
EXCVADDR: 0x00000000  LBEG    : 0x400556d5  LEND    : 0x400556e5  LCOUNT  : 0xffffffff  


Backtrace: 0x4201ca63:0x3fc9adf0 0x42008999:0x3fc9ae00 0x42008b17:0x3fc9ae40 0x4201edfb:0x3fc9ae60 0x4037b429:0x3fc9ae90




ELF file SHA256: 83e7d9d79

Rebooting...
ESP-ROM:esp32s3-20210327
Build:Mar 27 2021
rst:0xc (RTC_SW_CPU_RST),boot:0x9 (SPI_FAST_FLASH_BOOT)
Saved PC:0x4037593c
SPIWP:0xee
mode:DIO, clock div:1
load:0x3fce3810,len:0x178c
load:0x403c9700,len:0x4
load:0x403c9704,len:0xcbc
load:0x403cc700,len:0x2da0
entry 0x403c9914
[0;32mI (31) boot: ESP-IDF v5.2.1-dirty 2nd stage bootloader[0m
[0;32mI (31) boot: compile time May  6 2024 17:13:56[0m
[0;32mI (31) boot: Multicore bootloader[0m
[0;32mI (35) boot: chip revision: v0.2[0m
[0;32mI (39) boot.esp32s3: Boot SPI Speed : 80MHz[0m
[0;32mI (43) boot.esp32s3: SPI Mode       : DIO[0m
[0;32mI (48) boot.esp32s3: SPI Flash Size : 2MB[0m
[0;32mI (53) boot: Enabling RNG early entropy source...[0m
[0;32mI (58) boot: Partition Table:[0m
[0;32mI (62) boot: ## Label            Usage          Type ST Offset   Length[0m
[0;32mI (69) boot:  0 nvs              WiFi data        01 02 00009000 00006000[0m
[0;32mI (77) boot:  1 phy_init         RF data          01 01 0000f000 00001000[0m
[0;32mI (84) boot:  2 factory          factory app      00 00 00010000 00100000[0m
[0;32mI (92) boot: End of partition table[0m
[0;32mI (96) esp_image: segment 0: paddr=00010020 vaddr=3c020020 size=0fa38h ( 64056) map[0m
[0;32mI (116) esp_image: segment 1: paddr=0001fa60 vaddr=3fc92f00 size=005b8h (  1464) load[0m
[0;32mI (116) esp_image: segment 2: paddr=00020020 vaddr=42000020 size=1fc88h (130184) map[0m
[0;32mI (145) esp_image: segment 3: paddr=0003fcb0 vaddr=3fc934b8 size=023c8h (  9160) load[0m
[0;32mI (147) esp_image: segment 4: paddr=00042080 vaddr=40374000 size=0ee98h ( 61080) load[0m
[0;32mI (170) boot: Loaded app from partition at offset 0x10000[0m
[0;32mI (170) boot: Disabling RNG early entropy source...[0m
[0;32mI (181) cpu_start: Multicore app[0m
[0;32mI (192) cpu_start: Pro cpu start user code[0m
[0;32mI (192) cpu_start: cpu freq: 160000000 Hz[0m
[0;32mI (192) cpu_start: Application information:[0m
[0;32mI (195) cpu_start: Project name:     progetto_singolo[0m
[0;32mI (200) cpu_start: App version:      1[0m
[0;32mI (205) cpu_start: Compile time:     May  7 2024 16:37:10[0m
[0;32mI (211) cpu_start: ELF file SHA256:  83e7d9d79...[0m
[0;32mI (216) cpu_start: ESP-IDF:          v5.2.1-dirty[0m
[0;32mI (222) cpu_start: Min chip rev:     v0.0[0m
[0;32mI (226) cpu_start: Max chip rev:     v0.99 [0m
[0;32mI (231) cpu_start: Chip rev:         v0.2[0m
[0;32mI (236) heap_init: Initializing. RAM available for dynamic allocation:[0m
[0;32mI (243) heap_init: At 3FC97188 len 00052588 (329 KiB): RAM[0m
[0;32mI (249) heap_init: At 3FCE9710 len 00005724 (21 KiB): RAM[0m
[0;32mI (255) heap_init: At 3FCF0000 len 00008000 (32 KiB): DRAM[0m
[0;32mI (261) heap_init: At 600FE010 len 00001FD8 (7 KiB): RTCRAM[0m
[0;32mI (269) spi_flash: detected chip: gd[0m
[0;32mI (272) spi_flash: flash io: dio[0m
[0;33mW (276) spi_flash: Detected size(8192k) larger than the size in the binary image header(2048k). Using the size in the binary image header.[0m
[0;32mI (290) sleep: Configure to isolate all GPIO pins in sleep state[0m
[0;32mI (296) sleep: Enable automatic switching of GPIO sleep configuration[0m
[0;32mI (303) main_task: Started on CPU0[0m
[0;32mI (313) main_task: Calling app_main()[0m
 sampling frequence is: 83333 and bit width is: 12

[0;32mI (313) gpio: GPIO[1]| InputEn: 0| OutputEn: 0| OpenDrain: 0| Pullup: 0| Pulldown: 0| Intr:0 [0m
ADC_CALI_SCHEME_CURVE_FITTING_SUPPORTED 
the number of samples is: 256
Guru Meditation Error: Core  0 panic'ed (LoadProhibited). Exception was unhandled.

Core  0 register dump:
PC      : 0x4201ca66  PS      : 0x00060330  A0      : 0x8200899c  A1      : 0x3fc9adf0  
A2      : 0x3fc95f20  A3      : 0x00000100  A4      : 0x00000000  A5      : 0x00000001  
A6      : 0x00000080  A7      : 0x00000001  A8      : 0x00000000  A9      : 0x3fc9adc0  
A10     : 0x00000000  A11     : 0x00000000  A12     : 0x54442d18  A13     : 0xc01921fb  
A14     : 0x7ff00000  A15     : 0x80010167  SAR     : 0x00000001  EXCCAUSE: 0x0000001c  
EXCVADDR: 0x00000000  LBEG    : 0x400556d5  LEND    : 0x400556e5  LCOUNT  : 0xffffffff  


Backtrace: 0x4201ca63:0x3fc9adf0 0x42008999:0x3fc9ae00 0x42008b17:0x3fc9ae40 0x4201edfb:0x3fc9ae60 0x4037b429:0x3fc9ae90




ELF file SHA256: 83e7d9d79

Rebooting...
ESP-ROM:esp32s3-20210327
Build:Mar 27 2021
rst:0xc (RTC_SW_CPU_RST),boot:0x9 (SPI_FAST_FLASH_BOOT)
Saved PC:0x4037593c
SPIWP:0xee
mode:DIO, clock div:1
load:0x3fce3810,len:0x178c
load:0x403c9700,len:0x4
load:0x403c9704,len:0xcbc
load:0x403cc700,len:0x2da0
entry 0x403c9914
[0;32mI (31) boot: ESP-IDF v5.2.1-dirty 2nd stage bootloader[0m
[0;32mI (31) boot: compile time May  6 2024 17:13:56[0m
[0;32mI (31) boot: Multicore bootloader[0m
[0;32mI (35) boot: chip revision: v0.2[0m
[0;32mI (39) boot.esp32s3: Boot SPI Speed : 80MHz[0m
[0;32mI (43) boot.esp32s3: SPI Mode       : DIO[0m
[0;32mI (48) boot.esp32s3: SPI Flash Size : 2MB[0m
[0;32mI (53) boot: Enabling RNG early entropy source...[0m
[0;32mI (58) boot: Partition Table:[0m
[0;32mI (62) boot: ## Label            Usage          Type ST Offset   Length[0m
[0;32mI (69) boot:  0 nvs              WiFi data        01 02 00009000 00006000[0m
[0;32mI (77) boot:  1 phy_init         RF data          01 01 0000f000 00001000[0m
[0;32mI (84) boot:  2 factory          factory app      00 00 00010000 00100000[0m
[0;32mI (92) boot: End of partition table[0m
[0;32mI (96) esp_image: segment 0: paddr=00010020 vaddr=3c020020 size=0fa38h ( 64056) map[0m
[0;32mI (116) esp_image: segment 1: paddr=0001fa60 vaddr=3fc92f00 size=005b8h (  1464) load[0m
[0;32mI (116) esp_image: segment 2: paddr=00020020 vaddr=42000020 size=1fc88h (130184) map[0m
[0;32mI (145) esp_image: segment 3: paddr=0003fcb0 vaddr=3fc934b8 size=023c8h (  9160) load[0m
[0;32mI (147) esp_image: segment 4: paddr=00042080 vaddr=40374000 size=0ee98h ( 61080) load[0m
[0;32mI (170) boot: Loaded app from partition at offset 0x10000[0m
[0;32mI (170) boot: Disabling RNG early entropy source...[0m
[0;32mI (181) cpu_start: Multicore app[0m
[0;32mI (192) cpu_start: Pro cpu start user code[0m
[0;32mI (192) cpu_start: cpu freq: 160000000 Hz[0m
[0;32mI (192) cpu_start: Application information:[0m
[0;32mI (195) cpu_start: Project name:     progetto_singolo[0m
[0;32mI (200) cpu_start: App version:      1[0m
[0;32mI (205) cpu_start: Compile time:     May  7 2024 16:37:10[0m
[0;32mI (211) cpu_start: ELF file SHA256:  83e7d9d79...[0m
[0;32mI (216) cpu_start: ESP-IDF:          v5.2.1-dirty[0m
[0;32mI (222) cpu_start: Min chip rev:     v0.0[0m
[0;32mI (226) cpu_start: Max chip rev:     v0.99 [0m
[0;32mI (231) cpu_start: Chip rev:         v0.2[0m
[0;32mI (236) heap_init: Initializing. RAM available for dynamic allocation:[0m
[0;32mI (243) heap_init: At 3FC97188 len 00052588 (329 KiB): RAM[0m
[0;32mI (249) heap_init: At 3FCE9710 len 00005724 (21 KiB): RAM[0m
[0;32mI (255) heap_init: At 3FCF0000 len 00008000 (32 KiB): DRAM[0m
[0;32mI (261) heap_init: At 600FE010 len 00001FD8 (7 KiB): RTCRAM[0m
[0;32mI (269) spi_flash: detected chip: gd[0m
[0;32mI (272) spi_flash: flash io: dio[0m
[0;33mW (276) spi_flash: Detected size(8192k) larger than the size in the binary image header(2048k). Using the size in the binary image header.[0m
[0;32mI (290) sleep: Configure to isolate all GPIO pins in sleep state[0m
[0;32mI (296) sleep: Enable automatic switching of GPIO sleep configuration[0m
[0;32mI (303) main_task: Started on CPU0[0m
[0;32mI (313) main_task: Calling app_main()[0m
 sampling frequence is: 83333 and bit width is: 12

[0;32mI (313) gpio: GPIO[1]| InputEn: 0| OutputEn: 0| OpenDrain: 0| Pullup: 0| Pulldown: 0| Intr:0 [0m
ADC_CALI_SCHEME_CURVE_FITTING_SUPPORTED 
the number of samples is: 256
Guru Meditation Error: Core  0 panic'ed (LoadProhibited). Exception was unhandled.

Core  0 register dump:
PC      : 0x4201ca66  PS      : 0x00060330  A0      : 0x8200899c  A1      : 0x3fc9adf0  
A2      : 0x3fc95f20  A3      : 0x00000100  A4      : 0x00000000  A5      : 0x00000001  
A6      : 0x00000080  A7      : 0x00000001  A8      : 0x00000000  A9      : 0x3fc9adc0  
A10     : 0x00000000  A11     : 0x00000000  A12     : 0x54442d18  A13     : 0xc01921fb  
A14     : 0x7ff00000  A15     : 0x80010167  SAR     : 0x00000001  EXCCAUSE: 0x0000001c  
EXCVADDR: 0x00000000  LBEG    : 0x400556d5  LEND    : 0x400556e5  LCOUNT  : 0xffffffff  


Backtrace: 0x4201ca63:0x3fc9adf0 0x42008999:0x3fc9ae00 0x42008b17:0x3fc9ae40 0x4201edfb:0x3fc9ae60 0x4037b429:0x3fc9ae90




ELF file SHA256: 83e7d9d79

Rebooting...
ESP-ROM:esp32s3-20210327
Build:Mar 27 2021
rst:0xc (RTC_SW_CPU_RST),boot:0x9 (SPI_FAST_FLASH_BOOT)
Saved PC:0x4037593c
SPIWP:0xee
mode:DIO, clock div:1
load:0x3fce3810,len:0x178c
load:0x403c9700,len:0x4
load:0x403c9704,len:0xcbc
load:0x403cc700,len:0x2da0
entry 0x403c9914
[0;32mI (31) boot: ESP-IDF v5.2.1-dirty 2nd stage bootloader[0m
[0;32mI (31) boot: compile time May  6 2024 17:13:56[0m
[0;32mI (31) boot: Multicore bootloader[0m
[0;32mI (35) boot: chip revision: v0.2[0m
[0;32mI (39) boot.esp32s3: Boot SPI Speed : 80MHz[0m
[0;32mI (43) boot.esp32s3: SPI Mode       : DIO[0m
[0;32mI (48) boot.esp32s3: SPI Flash Size : 2MB[0m
[0;32mI (53) boot: Enabling RNG early entropy source...[0m
[0;32mI (58) boot: Partition Table:[0m
[0;32mI (62) boot: ## Label            Usage          Type ST Offset   Length[0m
[0;32mI (69) boot:  0 nvs              WiFi data        01 02 00009000 00006000[0m
[0;32mI (77) boot:  1 phy_init         RF data          01 01 0000f000 00001000[0m
[0;32mI (84) boot:  2 factory          factory app      00 00 00010000 00100000[0m
[0;32mI (92) boot: End of partition table[0m
[0;32mI (96) esp_image: segment 0: paddr=00010020 vaddr=3c020020 size=0fa38h ( 64056) map[0m
[0;32mI (116) esp_image: segment 1: paddr=0001fa60 vaddr=3fc92f00 size=005b8h (  1464) load[0m
[0;32mI (116) esp_image: segment 2: paddr=00020020 vaddr=42000020 size=1fc88h (130184) map[0m
[0;32mI (145) esp_image: segment 3: paddr=0003fcb0 vaddr=3fc934b8 size=023c8h (  9160) load[0m
[0;32mI (147) esp_image: segment 4: paddr=00042080 vaddr=40374000 size=0ee98h ( 61080) load[0m
[0;32mI (170) boot: Loaded app from partition at offset 0x10000[0m
[0;32mI (170) boot: Disabling RNG early entropy source...[0m
[0;32mI (181) cpu_start: Multicore app[0m
[0;32mI (192) cpu_start: Pro cpu start user code[0m
[0;32mI (192) cpu_start: cpu freq: 160000000 Hz[0m
[0;32mI (192) cpu_start: Application information:[0m
[0;32mI (195) cpu_start: Project name:     progetto_singolo[0m
[0;32mI (200) cpu_start: App version:      1[0m
[0;32mI (205) cpu_start: Compile time:     May  7 2024 16:37:10[0m
[0;32mI (211) cpu_start: ELF file SHA256:  83e7d9d79...[0m
[0;32mI (216) cpu_start: ESP-IDF:          v5.2.1-dirty[0m
[0;32mI (222) cpu_start: Min chip rev:     v0.0[0m
[0;32mI (226) cpu_start: Max chip rev:     v0.99 [0m
[0;32mI (231) cpu_start: Chip rev:         v0.2[0m
[0;32mI (236) heap_init: Initializing. RAM available for dynamic allocation:[0m
[0;32mI (243) heap_init: At 3FC97188 len 00052588 (329 KiB): RAM[0m
[0;32mI (249) heap_init: At 3FCE9710 len 00005724 (21 KiB): RAM[0m
[0;32mI (255) heap_init: At 3FCF0000 len 00008000 (32 KiB): DRAM[0m
[0;32mI (261) heap_init: At 600FE010 len 00001FD8 (7 KiB): RTCRAM[0m
[0;32mI (269) spi_flash: detected chip: gd[0m
[0;32mI (272) spi_flash: flash io: dio[0m
[0;33mW (276) spi_flash: Detected size(8192k) larger than the size in the binary image header(2048k). Using the size in the binary image header.[0m
[0;32mI (290) sleep: Configure to isolate all GPIO pins in sleep state[0m
[0;32mI (296) sleep: Enable automatic switching of GPIO sleep configuration[0m
[0;32mI (303) main_task: Started on CPU0[0m
[0;32mI (313) main_task: Calling app_main()[0m
 sampling frequence is: 83333 and bit width is: 12

[0;32mI (313) gpio: GPIO[1]| InputEn: 0| OutputEn: 0| OpenDrain: 0| Pullup: 0| Pulldown: 0| Intr:0 [0m
ADC_CALI_SCHEME_CURVE_FITTING_SUPPORTED 
the number of samples is: 256
Guru Meditation Error: Core  0 panic'ed (LoadProhibited). Exception was unhandled.

Core  0 register dump:
PC      : 0x4201ca66  PS      : 0x00060330  A0      : 0x8200899c  A1      : 0x3fc9adf0  
A2      : 0x3fc95f20  A3      : 0x00000100  A4      : 0x00000000  A5      : 0x00000001  
A6      : 0x00000080  A7      : 0x00000001  A8      : 0x00000000  A9      : 0x3fc9adc0  
A10     : 0x00000000  A11     : 0x00000000  A12     : 0x54442d18  A13     : 0xc01921fb  
A14     : 0x7ff00000  A15     : 0x80010167  SAR     : 0x00000001  EXCCAUSE: 0x0000001c  
EXCVADDR: 0x00000000  LBEG    : 0x400556d5  LEND    : 0x400556e5  LCOUNT  : 0xffffffff  


Backtrace: 0x4201ca63:0x3fc9adf0 0x42008999:0x3fc9ae00 0x42008b17:0x3fc9ae40 0x4201edfb:0x3fc9ae60 0x4037b429:0x3fc9ae90




ELF file SHA256: 83e7d9d79

Rebooting...
ESP-ROM:esp32s3-20210327
Build:Mar 27 2021
rst:0xc (RTC_SW_CPU_RST),boot:0x9 (SPI_FAST_FLASH_BOOT)
Saved PC:0x4037593c
SPIWP:0xee
mode:DIO, clock div:1
load:0x3fce3810,len:0x178c
load:0x403c9700,len:0x4
load:0x403c9704,len:0xcbc
load:0x403cc700,len:0x2da0
entry 0x403c9914
[0;32mI (31) boot: ESP-IDF v5.2.1-dirty 2nd stage bootloader[0m
[0;32mI (31) boot: compile time May  6 2024 17:13:56[0m
[0;32mI (31) boot: Multicore bootloader[0m
[0;32mI (35) boot: chip revision: v0.2[0m
[0;32mI (39) boot.esp32s3: Boot SPI Speed : 80MHz[0m
[0;32mI (43) boot.esp32s3: SPI Mode       : DIO[0m
[0;32mI (48) boot.esp32s3: SPI Flash Size : 2MB[0m
[0;32mI (53) boot: Enabling RNG early entropy source...[0m
[0;32mI (58) boot: Partition Table:[0m
[0;32mI (62) boot: ## Label            Usage          Type ST Offset   Length[0m
[0;32mI (69) boot:  0 nvs              WiFi data        01 02 00009000 00006000[0m
[0;32mI (77) boot:  1 phy_init         RF data          01 01 0000f000 00001000[0m
[0;32mI (84) boot:  2 factory          factory app      00 00 00010000 00100000[0m
[0;32mI (92) boot: End of partition table[0m
[0;32mI (96) esp_image: segment 0: paddr=00010020 vaddr=3c020020 size=0fa38h ( 64056) map[0m
[0;32mI (116) esp_image: segment 1: paddr=0001fa60 vaddr=3fc92f00 size=005b8h (  1464) load[0m
[0;32mI (116) esp_image: segment 2: paddr=00020020 vaddr=42000020 size=1fc88h (130184) map[0m
[0;32mI (145) esp_image: segment 3: paddr=0003fcb0 vaddr=3fc934b8 size=023c8h (  9160) load[0m
[0;32mI (147) esp_image: segment 4: paddr=00042080 vaddr=40374000 size=0ee98h ( 61080) load[0m
[0;32mI (170) boot: Loaded app from partition at offset 0x10000[0m
[0;32mI (170) boot: Disabling RNG early entropy source...[0m
[0;32mI (181) cpu_start: Multicore app[0m
[0;32mI (192) cpu_start: Pro cpu start user code[0m
[0;32mI (192) cpu_start: cpu freq: 160000000 Hz[0m
[0;32mI (192) cpu_start: Application information:[0m
[0;32mI (195) cpu_start: Project name:     progetto_singolo[0m
[0;32mI (200) cpu_start: App version:      1[0m
[0;32mI (205) cpu_start: Compile time:     May  7 2024 16:37:10[0m
[0;32mI (211) cpu_start: ELF file SHA256:  83e7d9d79...[0m
[0;32mI (216) cpu_start: ESP-IDF:          v5.2.1-dirty[0m
[0;32mI (222) cpu_start: Min chip rev:     v0.0[0m
[0;32mI (226) cpu_start: Max chip rev:     v0.99 [0m
[0;32mI (231) cpu_start: Chip rev:         v0.2[0m
[0;32mI (236) heap_init: Initializing. RAM available for dynamic allocation:[0m
[0;32mI (243) heap_init: At 3FC97188 len 00052588 (329 KiB): RAM[0m
[0;32mI (249) heap_init: At 3FCE9710 len 00005724 (21 KiB): RAM[0m
[0;32mI (255) heap_init: At 3FCF0000 len 00008000 (32 KiB): DRAM[0m
[0;32mI (261) heap_init: At 600FE010 len 00001FD8 (7 KiB): RTCRAM[0m
[0;32mI (269) spi_flash: detected chip: gd[0m
[0;32mI (272) spi_flash: flash io: dio[0m
[0;33mW (276) spi_flash: Detected size(8192k) larger than the size in the binary image header(2048k). Using the size in the binary image header.[0m
[0;32mI (290) sleep: Configure to isolate all GPIO pins in sleep state[0m
[0;32mI (296) sleep: Enable automatic switching of GPIO sleep configuration[0m
[0;32mI (303) main_task: Started on CPU0[0m
[0;32mI (313) main_task: Calling app_main()[0m
 sampling frequence is: 83333 and bit width is: 12

[0;32mI (313) gpio: GPIO[1]| InputEn: 0| OutputEn: 0| OpenDrain: 0| Pullup: 0| Pulldown: 0| Intr:0 [0m
ADC_CALI_SCHEME_CURVE_FITTING_SUPPORTED 
the number of samples is: 256
Guru Meditation Error: Core  0 panic'ed (LoadProhibited). Exception was unhandled.

Core  0 register dump:
PC      : 0x4201ca66  PS      : 0x00060330  A0      : 0x8200899c  A1      : 0x3fc9adf0  
A2      : 0x3fc95f20  A3      : 0x00000100  A4      : 0x00000000  A5      : 0x00000001  
A6      : 0x00000080  A7      : 0x00000001  A8      : 0x00000000  A9      : 0x3fc9adc0  
A10     : 0x00000000  A11     : 0x00000000  A12     : 0x54442d18  A13     : 0xc01921fb  
A14     : 0x7ff00000  A15     : 0x80010167  SAR     : 0x00000001  EXCCAUSE: 0x0000001c  
EXCVADDR: 0x00000000  LBEG    : 0x400556d5  LEND    : 0x400556e5  LCOUNT  : 0xffffffff  


Backtrace: 0x4201ca63:0x3fc9adf0 0x42008999:0x3fc9ae00 0x42008b17:0x3fc9ae40 0x4201edfb:0x3fc9ae60 0x4037b429:0x3fc9ae90




ELF file SHA256: 83e7d9d79

Rebooting...
ESP-ROM:esp32s3-20210327
Build:Mar 27 2021
rst:0xc (RTC_SW_CPU_RST),boot:0x9 (SPI_FAST_FLASH_BOOT)
Saved PC:0x4037593c
SPIWP:0xee
mode:DIO, clock div:1
load:0x3fce3810,len:0x178c
load:0x403c9700,len:0x4
load:0x403c9704,len:0xcbc
load:0x403cc700,len:0x2da0
entry 0x403c9914
[0;32mI (31) boot: ESP-IDF v5.2.1-dirty 2nd stage bootloader[0m
[0;32mI (31) boot: compile time May  6 2024 17:13:56[0m
[0;32mI (31) boot: Multicore bootloader[0m
[0;32mI (35) boot: chip revision: v0.2[0m
[0;32mI (39) boot.esp32s3: Boot SPI Speed : 80MHz[0m
[0;32mI (43) boot.esp32s3: SPI Mode       : DIO[0m
[0;32mI (48) boot.esp32s3: SPI Flash Size : 2MB[0m
[0;32mI (53) boot: Enabling RNG early entropy source...[0m
[0;32mI (58) boot: Partition Table:[0m
[0;32mI (62) boot: ## Label            Usage          Type ST Offset   Length[0m
[0;32mI (69) boot:  0 nvs              WiFi data        01 02 00009000 00006000[0m
[0;32mI (77) boot:  1 phy_init         RF data          01 01 0000f000 00001000[0m
[0;32mI (84) boot:  2 factory          factory app      00 00 00010000 00100000[0m
[0;32mI (92) boot: End of partition table[0m
[0;32mI (96) esp_image: segment 0: paddr=00010020 vaddr=3c020020 size=0fa38h ( 64056) map[0m
[0;32mI (116) esp_image: segment 1: paddr=0001fa60 vaddr=3fc92f00 size=005b8h (  1464) load[0m
[0;32mI (116) esp_image: segment 2: paddr=00020020 vaddr=42000020 size=1fc88h (130184) map[0m
[0;32mI (145) esp_image: segment 3: paddr=0003fcb0 vaddr=3fc934b8 size=023c8h (  9160) load[0m
[0;32mI (147) esp_image: segment 4: paddr=00042080 vaddr=40374000 size=0ee98h ( 61080) load[0m
[0;32mI (170) boot: Loaded app from partition at offset 0x10000[0m
[0;32mI (170) boot: Disabling RNG early entropy source...[0m
[0;32mI (181) cpu_start: Multicore app[0m
[0;32mI (192) cpu_start: Pro cpu start user code[0m
[0;32mI (192) cpu_start: cpu freq: 160000000 Hz[0m
[0;32mI (192) cpu_start: Application information:[0m
[0;32mI (195) cpu_start: Project name:     progetto_singolo[0m
[0;32mI (200) cpu_start: App version:      1[0m
[0;32mI (205) cpu_start: Compile time:     May  7 2024 16:37:10[0m
[0;32mI (211) cpu_start: ELF file SHA256:  83e7d9d79...[0m
[0;32mI (216) cpu_start: ESP-IDF:          v5.2.1-dirty[0m
[0;32mI (222) cpu_start: Min chip rev:     v0.0[0m
[0;32mI (226) cpu_start: Max chip rev:     v0.99 [0m
[0;32mI (231) cpu_start: Chip rev:         v0.2[0m
[0;32mI (236) heap_init: Initializing. RAM available for dynamic allocation:[0m
[0;32mI (243) heap_init: At 3FC97188 len 00052588 (329 KiB): RAM[0m
[0;32mI (249) heap_init: At 3FCE9710 len 00005724 (21 KiB): RAM[0m
[0;32mI (255) heap_init: At 3FCF0000 len 00008000 (32 KiB): DRAM[0m
[0;32mI (261) heap_init: At 600FE010 len 00001FD8 (7 KiB): RTCRAM[0m
[0;32mI (269) spi_flash: detected chip: gd[0m
[0;32mI (272) spi_flash: flash io: dio[0m
[0;33mW (276) spi_flash: Detected size(8192k) larger than the size in the binary image header(2048k). Using the size in the binary image header.[0m
[0;32mI (290) sleep: Configure to isolate all GPIO pins in sleep state[0m
[0;32mI (296) sleep: Enable automatic switching of GPIO sleep configuration[0m
[0;32mI (303) main_task: Started on CPU0[0m
[0;32mI (313) main_task: Calling app_main()[0m
 sampling frequence is: 83333 and bit width is: 12

[0;32mI (313) gpio: GPIO[1]| InputEn: 0| OutputEn: 0| OpenDrain: 0| Pullup: 0| Pulldown: 0| Intr:0 [0m
ADC_CALI_SCHEME_CURVE_FITTING_SUPPORTED 
the number of samples is: 256
Guru Meditation Error: Core  0 panic'ed (LoadProhibited). Exception was unhandled.

Core  0 register dump:
PC      : 0x4201ca66  PS      : 0x00060330  A0      : 0x8200899c  A1      : 0x3fc9adf0  
A2      : 0x3fc95f20  A3      : 0x00000100  A4      : 0x00000000  A5      : 0x00000001  
A6      : 0x00000080  A7      : 0x00000001  A8      : 0x00000000  A9      : 0x3fc9adc0  
A10     : 0x00000000  A11     : 0x00000000  A12     : 0x54442d18  A13     : 0xc01921fb  
A14     : 0x7ff00000  A15     : 0x80010167  SAR     : 0x00000001  EXCCAUSE: 0x0000001c  
EXCVADDR: 0x00000000  LBEG    : 0x400556d5  LEND    : 0x400556e5  LCOUNT  : 0xffffffff  


Backtrace: 0x4201ca63:0x3fc9adf0 0x42008999:0x3fc9ae00 0x42008b17:0x3fc9ae40 0x4201edfb:0x3fc9ae60 0x4037b429:0x3fc9ae90




ELF file SHA256: 83e7d9d79

Rebooting...
ESP-ROM:esp32s3-20210327
Build:Mar 27 2021
rst:0xc (RTC_SW_CPU_RST),boot:0x9 (SPI_FAST_FLASH_BOOT)
Saved PC:0x4037593c
SPIWP:0xee
mode:DIO, clock div:1
load:0x3fce3810,len:0x178c
load:0x403c9700,len:0x4
load:0x403c9704,len:0xcbc
load:0x403cc700,len:0x2da0
entry 0x403c9914
[0;32mI (31) boot: ESP-IDF v5.2.1-dirty 2nd stage bootloader[0m
[0;32mI (31) boot: compile time May  6 2024 17:13:56[0m
[0;32mI (31) boot: Multicore bootloader[0m
[0;32mI (35) boot: chip revision: v0.2[0m
[0;32mI (39) boot.esp32s3: Boot SPI Speed : 80MHz[0m
[0;32mI (43) boot.esp32s3: SPI Mode       : DIO[0m
[0;32mI (48) boot.esp32s3: SPI Flash Size : 2MB[0m
[0;32mI (53) boot: Enabling RNG early entropy source...[0m
[0;32mI (58) boot: Partition Table:[0m
[0;32mI (62) boot: ## Label            Usage          Type ST Offset   Length[0m
[0;32mI (69) boot:  0 nvs              WiFi data        01 02 00009000 00006000[0m
[0;32mI (77) boot:  1 phy_init         RF data          01 01 0000f000 00001000[0m
[0;32mI (84) boot:  2 factory          factory app      00 00 00010000 00100000[0m
[0;32mI (92) boot: End of partition table[0m
[0;32mI (96) esp_image: segment 0: paddr=00010020 vaddr=3c020020 size=0fa38h ( 64056) map[0m
[0;32mI (116) esp_image: segment 1: paddr=0001fa60 vaddr=3fc92f00 size=005b8h (  1464) load[0m
[0;32mI (116) esp_image: segment 2: paddr=00020020 vaddr=42000020 size=1fc88h (130184) map[0m
[0;32mI (145) esp_image: segment 3: paddr=0003fcb0 vaddr=3fc934b8 size=023c8h (  9160) load[0m
[0;32mI (147) esp_image: segment 4: paddr=00042080 vaddr=40374000 size=0ee98h ( 61080) load[0m
[0;32mI (170) boot: Loaded app from partition at offset 0x10000[0m
[0;32mI (170) boot: Disabling RNG early entropy source...[0m
[0;32mI (181) cpu_start: Multicore app[0m
[0;32mI (192) cpu_start: Pro cpu start user code[0m
[0;32mI (192) cpu_start: cpu freq: 160000000 Hz[0m
[0;32mI (192) cpu_start: Application information:[0m
[0;32mI (195) cpu_start: Project name:     progetto_singolo[0m
[0;32mI (200) cpu_start: App version:      1[0m
[0;32mI (205) cpu_start: Compile time:     May  7 2024 16:37:10[0m
[0;32mI (211) cpu_start: ELF file SHA256:  83e7d9d79...[0m
[0;32mI (216) cpu_start: ESP-IDF:          v5.2.1-dirty[0m
[0;32mI (222) cpu_start: Min chip rev:     v0.0[0m
[0;32mI (226) cpu_start: Max chip rev:     v0.99 [0m
[0;32mI (231) cpu_start: Chip rev:         v0.2[0m
[0;32mI (236) heap_init: Initializing. RAM available for dynamic allocation:[0m
[0;32mI (243) heap_init: At 3FC97188 len 00052588 (329 KiB): RAM[0m
[0;32mI (249) heap_init: At 3FCE9710 len 00005724 (21 KiB): RAM[0m
[0;32mI (255) heap_init: At 3FCF0000 len 00008000 (32 KiB): DRAM[0m
[0;32mI (261) heap_init: At 600FE010 len 00001FD8 (7 KiB): RTCRAM[0m
[0;32mI (269) spi_flash: detected chip: gd[0m
[0;32mI (272) spi_flash: flash io: dio[0m
[0;33mW (276) spi_flash: Detected size(8192k) larger than the size in the binary image header(2048k). Using the size in the binary image header.[0m
[0;32mI (290) sleep: Configure to isolate all GPIO pins in sleep state[0m
[0;32mI (296) sleep: Enable automatic switching of GPIO sleep configuration[0m
[0;32mI (303) main_task: Started on CPU0[0m
[0;32mI (313) main_task: Calling app_main()[0m
 sampling frequence is: 83333 and bit width is: 12

[0;32mI (313) gpio: GPIO[1]| InputEn: 0| OutputEn: 0| OpenDrain: 0| Pullup: 0| Pulldown: 0| Intr:0 [0m
ADC_CALI_SCHEME_CURVE_FITTING_SUPPORTED 
the number of samples is: 256
Guru Meditation Error: Core  0 panic'ed (LoadProhibited). Exception was unhandled.

Core  0 register dump:
PC      : 0x4201ca66  PS      : 0x00060330  A0      : 0x8200899c  A1      : 0x3fc9adf0  
A2      : 0x3fc95f20  A3      : 0x00000100  A4      : 0x00000000  A5      : 0x00000001  
A6      : 0x00000080  A7      : 0x00000001  A8      : 0x00000000  A9      : 0x3fc9adc0  
A10     : 0x00000000  A11     : 0x00000000  A12     : 0x54442d18  A13     : 0xc01921fb  
A14     : 0x7ff00000  A15     : 0x80010167  SAR     : 0x00000001  EXCCAUSE: 0x0000001c  
EXCVADDR: 0x00000000  LBEG    : 0x400556d5  LEND    : 0x400556e5  LCOUNT  : 0xffffffff  


Backtrace: 0x4201ca63:0x3fc9adf0 0x42008999:0x3fc9ae00 0x42008b17:0x3fc9ae40 0x4201edfb:0x3fc9ae60 0x4037b429:0x3fc9ae90




ELF file SHA256: 83e7d9d79

Rebooting...
ESP-ROM:esp32s3-20210327
Build:Mar 27 2021
rst:0xc (RTC_SW_CPU_RST),boot:0x9 (SPI_FAST_FLASH_BOOT)
Saved PC:0x4037593c
SPIWP:0xee
mode:DIO, clock div:1
load:0x3fce3810,len:0x178c
load:0x403c9700,len:0x4
load:0x403c9704,len:0xcbc
load:0x403cc700,len:0x2da0
entry 0x403c9914
[0;32mI (31) boot: ESP-IDF v5.2.1-dirty 2nd stage bootloader[0m
[0;32mI (31) boot: compile time May  6 2024 17:13:56[0m
[0;32mI (31) boot: Multicore bootloader[0m
[0;32mI (35) boot: chip revision: v0.2[0m
[0;32mI (39) boot.esp32s3: Boot SPI Speed : 80MHz[0m
[0;32mI (43) boot.esp32s3: SPI Mode       : DIO[0m
[0;32mI (48) boot.esp32s3: SPI Flash Size : 2MB[0m
[0;32mI (53) boot: Enabling RNG early entropy source...[0m
[0;32mI (58) boot: Partition Table:[0m
[0;32mI (62) boot: ## Label            Usage          Type ST Offset   Length[0m
[0;32mI (69) boot:  0 nvs              WiFi data        01 02 00009000 00006000[0m
[0;32mI (77) boot:  1 phy_init         RF data          01 01 0000f000 00001000[0m
[0;32mI (84) boot:  2 factory          factory app      00 00 00010000 00100000[0m
[0;32mI (92) boot: End of partition table[0m
[0;32mI (96) esp_image: segment 0: paddr=00010020 vaddr=3c020020 size=0fa38h ( 64056) map[0m
[0;32mI (116) esp_image: segment 1: paddr=0001fa60 vaddr=3fc92f00 size=005b8h (  1464) load[0m
[0;32mI (116) esp_image: segment 2: paddr=00020020 vaddr=42000020 size=1fc88h (130184) map[0m
[0;32mI (145) esp_image: segment 3: paddr=0003fcb0 vaddr=3fc934b8 size=023c8h (  9160) load[0m
[0;32mI (147) esp_image: segment 4: paddr=00042080 vaddr=40374000 size=0ee98h ( 61080) load[0m
[0;32mI (170) boot: Loaded app from partition at offset 0x10000[0m
[0;32mI (170) boot: Disabling RNG early entropy source...[0m
[0;32mI (181) cpu_start: Multicore app[0m
[0;32mI (192) cpu_start: Pro cpu start user code[0m
[0;32mI (192) cpu_start: cpu freq: 160000000 Hz[0m
[0;32mI (192) cpu_start: Application information:[0m
[0;32mI (195) cpu_start: Project name:     progetto_singolo[0m
[0;32mI (200) cpu_start: App version:      1[0m
[0;32mI (205) cpu_start: Compile time:     May  7 2024 16:37:10[0m
[0;32mI (211) cpu_start: ELF file SHA256:  83e7d9d79...[0m
[0;32mI (216) cpu_start: ESP-IDF:          v5.2.1-dirty[0m
[0;32mI (222) cpu_start: Min chip rev:     v0.0[0m
[0;32mI (226) cpu_start: Max chip rev:     v0.99 [0m
[0;32mI (231) cpu_start: Chip rev:         v0.2[0m
[0;32mI (236) heap_init: Initializing. RAM available for dynamic allocation:[0m
[0;32mI (243) heap_init: At 3FC97188 len 00052588 (329 KiB): RAM[0m
[0;32mI (249) heap_init: At 3FCE9710 len 00005724 (21 KiB): RAM[0m
[0;32mI (255) heap_init: At 3FCF0000 len 00008000 (32 KiB): DRAM[0m
[0;32mI (261) heap_init: At 600FE010 len 00001FD8 (7 KiB): RTCRAM[0m
[0;32mI (269) spi_flash: detected chip: gd[0m
[0;32mI (272) spi_flash: flash io: dio[0m
[0;33mW (276) spi_flash: Detected size(8192k) larger than the size in the binary image header(2048k). Using the size in the binary image header.[0m
[0;32mI (290) sleep: Configure to isolate all GPIO pins in sleep state[0m
[0;32mI (296) sleep: Enable automatic switching of GPIO sleep configuration[0m
[0;32mI (303) main_task: Started on CPU0[0m
[0;32mI (313) main_task: Calling app_main()[0m
 sampling frequence is: 83333 and bit width is: 12

[0;32mI (313) gpio: GPIO[1]| InputEn: 0| OutputEn: 0| OpenDrain: 0| Pullup: 0| Pulldown: 0| Intr:0 [0m
ADC_CALI_SCHEME_CURVE_FITTING_SUPPORTED 
the number of samples is: 256
Guru Meditation Error: Core  0 panic'ed (LoadProhibited). Exception was unhandled.

Core  0 register dump:
PC      : 0x4201ca66  PS      : 0x00060330  A0      : 0x8200899c  A1      : 0x3fc9adf0  
A2      : 0x3fc95f20  A3      : 0x00000100  A4      : 0x00000000  A5      : 0x00000001  
A6      : 0x00000080  A7      : 0x00000001  A8      : 0x00000000  A9      : 0x3fc9adc0  
A10     : 0x00000000  A11     : 0x00000000  A12     : 0x54442d18  A13     : 0xc01921fb  
A14     : 0x7ff00000  A15     : 0x80010167  SAR     : 0x00000001  EXCCAUSE: 0x0000001c  
EXCVADDR: 0x00000000  LBEG    : 0x400556d5  LEND    : 0x400556e5  LCOUNT  : 0xffffffff  


Backtrace: 0x4201ca63:0x3fc9adf0 0x42008999:0x3fc9ae00 0x42008b17:0x3fc9ae40 0x4201edfb:0x3fc9ae60 0x4037b429:0x3fc9ae90




ELF file SHA256: 83e7d9d79

Rebooting...
ESP-ROM:esp32s3-20210327
Build:Mar 27 2021
rst:0xc (RTC_SW_CPU_RST),boot:0x9 (SPI_FAST_FLASH_BOOT)
Saved PC:0x4037593c
SPIWP:0xee
mode:DIO, clock div:1
load:0x3fce3810,len:0x178c
load:0x403c9700,len:0x4
load:0x403c9704,len:0xcbc
load:0x403cc700,len:0x2da0
entry 0x403c9914
[0;32mI (31) boot: ESP-IDF v5.2.1-dirty 2nd stage bootloader[0m
[0;32mI (31) boot: compile time May  6 2024 17:13:56[0m
[0;32mI (31) boot: Multicore bootloader[0m
[0;32mI (35) boot: chip revision: v0.2[0m
[0;32mI (39) boot.esp32s3: Boot SPI Speed : 80MHz[0m
[0;32mI (43) boot.esp32s3: SPI Mode       : DIO[0m
[0;32mI (48) boot.esp32s3: SPI Flash Size : 2MB[0m
[0;32mI (53) boot: Enabling RNG early entropy source...[0m
[0;32mI (58) boot: Partition Table:[0m
[0;32mI (62) boot: ## Label            Usage          Type ST Offset   Length[0m
[0;32mI (69) boot:  0 nvs              WiFi data        01 02 00009000 00006000[0m
[0;32mI (77) boot:  1 phy_init         RF data          01 01 0000f000 00001000[0m
[0;32mI (84) boot:  2 factory          factory app      00 00 00010000 00100000[0m
[0;32mI (92) boot: End of partition table[0m
[0;32mI (96) esp_image: segment 0: paddr=00010020 vaddr=3c020020 size=0fa38h ( 64056) map[0m
[0;32mI (116) esp_image: segment 1: paddr=0001fa60 vaddr=3fc92f00 size=005b8h (  1464) load[0m
[0;32mI (116) esp_image: segment 2: paddr=00020020 vaddr=42000020 size=1fc88h (130184) map[0m
[0;32mI (145) esp_image: segment 3: paddr=0003fcb0 vaddr=3fc934b8 size=023c8h (  9160) load[0m
[0;32mI (147) esp_image: segment 4: paddr=00042080 vaddr=40374000 size=0ee98h ( 61080) load[0m
[0;32mI (170) boot: Loaded app from partition at offset 0x10000[0m
[0;32mI (170) boot: Disabling RNG early entropy source...[0m
[0;32mI (181) cpu_start: Multicore app[0m
[0;32mI (192) cpu_start: Pro cpu start user code[0m
[0;32mI (192) cpu_start: cpu freq: 160000000 Hz[0m
[0;32mI (192) cpu_start: Application information:[0m
[0;32mI (195) cpu_start: Project name:     progetto_singolo[0m
[0;32mI (200) cpu_start: App version:      1[0m
[0;32mI (205) cpu_start: Compile time:     May  7 2024 16:37:10[0m
[0;32mI (211) cpu_start: ELF file SHA256:  83e7d9d79...[0m
[0;32mI (216) cpu_start: ESP-IDF:          v5.2.1-dirty[0m
[0;32mI (222) cpu_start: Min chip rev:     v0.0[0m
[0;32mI (226) cpu_start: Max chip rev:     v0.99 [0m
[0;32mI (231) cpu_start: Chip rev:         v0.2[0m
[0;32mI (236) heap_init: Initializing. RAM available for dynamic allocation:[0m
[0;32mI (243) heap_init: At 3FC97188 len 00052588 (329 KiB): RAM[0m
[0;32mI (249) heap_init: At 3FCE9710 len 00005724 (21 KiB): RAM[0m
[0;32mI (255) heap_init: At 3FCF0000 len 00008000 (32 KiB): DRAM[0m
[0;32mI (261) heap_init: At 600FE010 len 00001FD8 (7 KiB): RTCRAM[0m
[0;32mI (269) spi_flash: detected chip: gd[0m
[0;32mI (272) spi_flash: flash io: dio[0m
[0;33mW (276) spi_flash: Detected size(8192k) larger than the size in the binary image header(2048k). Using the size in the binary image header.[0m
[0;32mI (290) sleep: Configure to isolate all GPIO pins in sleep state[0m
[0;32mI (296) sleep: Enable automatic switching of GPIO sleep configuration[0m
[0;32mI (303) main_task: Started on CPU0[0m
[0;32mI (313) main_task: Calling app_main()[0m
 sampling frequence is: 83333 and bit width is: 12

[0;32mI (313) gpio: GPIO[1]| InputEn: 0| OutputEn: 0| OpenDrain: 0| Pullup: 0| Pulldown: 0| Intr:0 [0m
ADC_CALI_SCHEME_CURVE_FITTING_SUPPORTED 
the number of samples is: 256
Guru Meditation Error: Core  0 panic'ed (LoadProhibited). Exception was unhandled.

Core  0 register dump:
PC      : 0x4201ca66  PS      : 0x00060330  A0      : 0x8200899c  A1      : 0x3fc9adf0  
A2      : 0x3fc95f20  A3      : 0x00000100  A4      : 0x00000000  A5      : 0x00000001  
A6      : 0x00000080  A7      : 0x00000001  A8      : 0x00000000  A9      : 0x3fc9adc0  
A10     : 0x00000000  A11     : 0x00000000  A12     : 0x54442d18  A13     : 0xc01921fb  
A14     : 0x7ff00000  A15     : 0x80010167  SAR     : 0x00000001  EXCCAUSE: 0x0000001c  
EXCVADDR: 0x00000000  LBEG    : 0x400556d5  LEND    : 0x400556e5  LCOUNT  : 0xffffffff  


Backtrace: 0x4201ca63:0x3fc9adf0 0x42008999:0x3fc9ae00 0x42008b17:0x3fc9ae40 0x4201edfb:0x3fc9ae60 0x4037b429:0x3fc9ae90




ELF file SHA256: 83e7d9d79

Rebooting...
ESP-ROM:esp32s3-20210327
Build:Mar 27 2021
rst:0xc (RTC_SW_CPU_RST),boot:0x9 (SPI_FAST_FLASH_BOOT)
Saved PC:0x4037593c
SPIWP:0xee
mode:DIO, clock div:1
load:0x3fce3810,len:0x178c
load:0x403c9700,len:0x4
load:0x403c9704,len:0xcbc
load:0x403cc700,len:0x2da0
entry 0x403c9914
[0;32mI (31) boot: ESP-IDF v5.2.1-dirty 2nd stage bootloader[0m
[0;32mI (31) boot: compile time May  6 2024 17:13:56[0m
[0;32mI (31) boot: Multicore bootloader[0m
[0;32mI (35) boot: chip revision: v0.2[0m
[0;32mI (39) boot.esp32s3: Boot SPI Speed : 80MHz[0m
[0;32mI (43) boot.esp32s3: SPI Mode       : DIO[0m
[0;32mI (48) boot.esp32s3: SPI Flash Size : 2MB[0m
[0;32mI (53) boot: Enabling RNG early entropy source...[0m
[0;32mI (58) boot: Partition Table:[0m
[0;32mI (62) boot: ## Label            Usage          Type ST Offset   Length[0m
[0;32mI (69) boot:  0 nvs              WiFi data        01 02 00009000 00006000[0m
[0;32mI (77) boot:  1 phy_init         RF data          01 01 0000f000 00001000[0m
[0;32mI (84) boot:  2 factory          factory app      00 00 00010000 00100000[0m
[0;32mI (92) boot: End of partition table[0m
[0;32mI (96) esp_image: segment 0: paddr=00010020 vaddr=3c020020 size=0fa38h ( 64056) map[0m
[0;32mI (116) esp_image: segment 1: paddr=0001fa60 vaddr=3fc92f00 size=005b8h (  1464) load[0m
[0;32mI (116) esp_image: segment 2: paddr=00020020 vaddr=42000020 size=1fc88h (130184) map[0m
[0;32mI (145) esp_image: segment 3: paddr=0003fcb0 vaddr=3fc934b8 size=023c8h (  9160) load[0m
[0;32mI (147) esp_image: segment 4: paddr=00042080 vaddr=40374000 size=0ee98h ( 61080) load[0m
[0;32mI (170) boot: Loaded app from partition at offset 0x10000[0m
[0;32mI (170) boot: Disabling RNG early entropy source...[0m
[0;32mI (181) cpu_start: Multicore app[0m
[0;32mI (192) cpu_start: Pro cpu start user code[0m
[0;32mI (192) cpu_start: cpu freq: 160000000 Hz[0m
[0;32mI (192) cpu_start: Application information:[0m
[0;32mI (195) cpu_start: Project name:     progetto_singolo[0m
[0;32mI (200) cpu_start: App version:      1[0m
[0;32mI (205) cpu_start: Compile time:     May  7 2024 16:37:10[0m
[0;32mI (211) cpu_start: ELF file SHA256:  83e7d9d79...[0m
[0;32mI (216) cpu_start: ESP-IDF:          v5.2.1-dirty[0m
[0;32mI (222) cpu_start: Min chip rev:     v0.0[0m
[0;32mI (226) cpu_start: Max chip rev:     v0.99 [0m
[0;32mI (231) cpu_start: Chip rev:         v0.2[0m
[0;32mI (236) heap_init: Initializing. RAM available for dynamic allocation:[0m
[0;32mI (243) heap_init: At 3FC97188 len 00052588 (329 KiB): RAM[0m
[0;32mI (249) heap_init: At 3FCE9710 len 00005724 (21 KiB): RAM[0m
[0;32mI (255) heap_init: At 3FCF0000 len 00008000 (32 KiB): DRAM[0m
[0;32mI (261) heap_init: At 600FE010 len 00001FD8 (7 KiB): RTCRAM[0m
[0;32mI (269) spi_flash: detected chip: gd[0m
[0;32mI (272) spi_flash: flash io: dio[0m
[0;33mW (276) spi_flash: Detected size(8192k) larger than the size in the binary image header(2048k). Using the size in the binary image header.[0m
[0;32mI (290) sleep: Configure to isolate all GPIO pins in sleep state[0m
[0;32mI (296) sleep: Enable automatic switching of GPIO sleep configuration[0m
[0;32mI (303) main_task: Started on CPU0[0m
[0;32mI (313) main_task: Calling app_main()[0m
 sampling frequence is: 83333 and bit width is: 12

[0;32mI (313) gpio: GPIO[1]| InputEn: 0| OutputEn: 0| OpenDrain: 0| Pullup: 0| Pulldown: 0| Intr:0 [0m
ADC_CALI_SCHEME_CURVE_FITTING_SUPPORTED 
the number of samples is: 256
Guru Meditation Error: Core  0 panic'ed (LoadProhibited). Exception was unhandled.

Core  0 register dump:
PC      : 0x4201ca66  PS      : 0x00060330  A0      : 0x8200899c  A1      : 0x3fc9adf0  
A2      : 0x3fc95f20  A3      : 0x00000100  A4      : 0x00000000  A5      : 0x00000001  
A6      : 0x00000080  A7      : 0x00000001  A8      : 0x00000000  A9      : 0x3fc9adc0  
A10     : 0x00000000  A11     : 0x00000000  A12     : 0x54442d18  A13     : 0xc01921fb  
A14     : 0x7ff00000  A15     : 0x80010167  SAR     : 0x00000001  EXCCAUSE: 0x0000001c  
EXCVADDR: 0x00000000  LBEG    : 0x400556d5  LEND    : 0x400556e5  LCOUNT  : 0xffffffff  


Backtrace: 0x4201ca63:0x3fc9adf0 0x42008999:0x3fc9ae00 0x42008b17:0x3fc9ae40 0x4201edfb:0x3fc9ae60 0x4037b429:0x3fc9ae90




ELF file SHA256: 83e7d9d79

Rebooting...
ESP-ROM:esp32s3-20210327
Build:Mar 27 2021
rst:0xc (RTC_SW_CPU_RST),boot:0x9 (SPI_FAST_FLASH_BOOT)
Saved PC:0x4037593c
SPIWP:0xee
mode:DIO, clock div:1
load:0x3fce3810,len:0x178c
load:0x403c9700,len:0x4
load:0x403c9704,len:0xcbc
load:0x403cc700,len:0x2da0
entry 0x403c9914
[0;32mI (31) boot: ESP-IDF v5.2.1-dirty 2nd stage bootloader[0m
[0;32mI (31) boot: compile time May  6 2024 17:13:56[0m
[0;32mI (31) boot: Multicore bootloader[0m
[0;32mI (35) boot: chip revision: v0.2[0m
[0;32mI (39) boot.esp32s3: Boot SPI Speed : 80MHz[0m
[0;32mI (43) boot.esp32s3: SPI Mode       : DIO[0m
[0;32mI (48) boot.esp32s3: SPI Flash Size : 2MB[0m
[0;32mI (53) boot: Enabling RNG early entropy source...[0m
[0;32mI (58) boot: Partition Table:[0m
[0;32mI (62) boot: ## Label            Usage          Type ST Offset   Length[0m
[0;32mI (69) boot:  0 nvs              WiFi data        01 02 00009000 00006000[0m
[0;32mI (77) boot:  1 phy_init         RF data          01 01 0000f000 00001000[0m
[0;32mI (84) boot:  2 factory          factory app      00 00 00010000 00100000[0m
[0;32mI (92) boot: End of partition table[0m
[0;32mI (96) esp_image: segment 0: paddr=00010020 vaddr=3c020020 size=0fa38h ( 64056) map[0m
[0;32mI (116) esp_image: segment 1: paddr=0001fa60 vaddr=3fc92f00 size=005b8h (  1464) load[0m
[0;32mI (116) esp_image: segment 2: paddr=00020020 vaddr=42000020 size=1fc88h (130184) map[0m
[0;32mI (145) esp_image: segment 3: paddr=0003fcb0 vaddr=3fc934b8 size=023c8h (  9160) load[0m
[0;32mI (147) esp_image: segment 4: paddr=00042080 vaddr=40374000 size=0ee98h ( 61080) load[0m
[0;32mI (170) boot: Loaded app from partition at offset 0x10000[0m
[0;32mI (170) boot: Disabling RNG early entropy source...[0m
[0;32mI (181) cpu_start: Multicore app[0m
[0;32mI (192) cpu_start: Pro cpu start user code[0m
[0;32mI (192) cpu_start: cpu freq: 160000000 Hz[0m
[0;32mI (192) cpu_start: Application information:[0m
[0;32mI (195) cpu_start: Project name:     progetto_singolo[0m
[0;32mI (200) cpu_start: App version:      1[0m
[0;32mI (205) cpu_start: Compile time:     May  7 2024 16:37:10[0m
[0;32mI (211) cpu_start: ELF file SHA256:  83e7d9d79...[0m
[0;32mI (216) cpu_start: ESP-IDF:          v5.2.1-dirty[0m
[0;32mI (222) cpu_start: Min chip rev:     v0.0[0m
[0;32mI (226) cpu_start: Max chip rev:     v0.99 [0m
[0;32mI (231) cpu_start: Chip rev:         v0.2[0m
[0;32mI (236) heap_init: Initializing. RAM available for dynamic allocation:[0m
[0;32mI (243) heap_init: At 3FC97188 len 00052588 (329 KiB): RAM[0m
[0;32mI (249) heap_init: At 3FCE9710 len 00005724 (21 KiB): RAM[0m
[0;32mI (255) heap_init: At 3FCF0000 len 00008000 (32 KiB): DRAM[0m
[0;32mI (261) heap_init: At 600FE010 len 00001FD8 (7 KiB): RTCRAM[0m
[0;32mI (269) spi_flash: detected chip: gd[0m
[0;32mI (272) spi_flash: flash io: dio[0m
[0;33mW (276) spi_flash: Detected size(8192k) larger than the size in the binary image header(2048k). Using the size in the binary image header.[0m
[0;32mI (290) sleep: Configure to isolate all GPIO pins in sleep state[0m
[0;32mI (296) sleep: Enable automatic switching of GPIO sleep configuration[0m
[0;32mI (303) main_task: Started on CPU0[0m
[0;32mI (313) main_task: Calling app_main()[0m
 sampling frequence is: 83333 and bit width is: 12

[0;32mI (313) gpio: GPIO[1]| InputEn: 0| OutputEn: 0| OpenDrain: 0| Pullup: 0| Pulldown: 0| Intr:0 [0m
ADC_CALI_SCHEME_CURVE_FITTING_SUPPORTED 
the number of samples is: 256
Guru Meditation Error: Core  0 panic'ed (LoadProhibited). Exception was unhandled.

Core  0 register dump:
PC      : 0x4201ca66  PS      : 0x00060330  A0      : 0x8200899c  A1      : 0x3fc9adf0  
A2      : 0x3fc95f20  A3      : 0x00000100  A4      : 0x00000000  A5      : 0x00000001  
A6      : 0x00000080  A7      : 0x00000001  A8      : 0x00000000  A9      : 0x3fc9adc0  
A10     : 0x00000000  A11     : 0x00000000  A12     : 0x54442d18  A13     : 0xc01921fb  
A14     : 0x7ff00000  A15     : 0x80010167  SAR     : 0x00000001  EXCCAUSE: 0x0000001c  
EXCVADDR: 0x00000000  LBEG    : 0x400556d5  LEND    : 0x400556e5  LCOUNT  : 0xffffffff  


Backtrace: 0x4201ca63:0x3fc9adf0 0x42008999:0x3fc9ae00 0x42008b17:0x3fc9ae40 0x4201edfb:0x3fc9ae60 0x4037b429:0x3fc9ae90




ELF file SHA256: 83e7d9d79

Rebooting...
ESP-ROM:esp32s3-20210327
Build:Mar 27 2021
rst:0xc (RTC_SW_CPU_RST),boot:0x9 (SPI_FAST_FLASH_BOOT)
Saved PC:0x4037593c
SPIWP:0xee
mode:DIO, clock div:1
load:0x3fce3810,len:0x178c
load:0x403c9700,len:0x4
load:0x403c9704,len:0xcbc
load:0x403cc700,len:0x2da0
entry 0x403c9914
[0;32mI (31) boot: ESP-IDF v5.2.1-dirty 2nd stage bootloader[0m
[0;32mI (31) boot: compile time May  6 2024 17:13:56[0m
[0;32mI (31) boot: Multicore bootloader[0m
[0;32mI (35) boot: chip revision: v0.2[0m
[0;32mI (39) boot.esp32s3: Boot SPI Speed : 80MHz[0m
[0;32mI (43) boot.esp32s3: SPI Mode       : DIO[0m
[0;32mI (48) boot.esp32s3: SPI Flash Size : 2MB[0m
[0;32mI (53) boot: Enabling RNG early entropy source...[0m
[0;32mI (58) boot: Partition Table:[0m
[0;32mI (62) boot: ## Label            Usage          Type ST Offset   Length[0m
[0;32mI (69) boot:  0 nvs              WiFi data        01 02 00009000 00006000[0m
[0;32mI (77) boot:  1 phy_init         RF da3a2mI (84) boot:  2 factory          factory app      00 00 00010000 00100000[0m
[0;32mI (92) boot: End of partition table[0m
[0;32mI (96) esp_image: segment 0: paddr=00010020 vaddr=3c020020 size=0fa38h ( 64056) map[0m
[0;32mI (116) esp_image: segment 1: paddr=0001fa60 vaddr=3fc92f00 size=005b8h (  1464) load[0m
[0;32mI (116) esp_image: segment 2: paddr=00020020 vaddr=42000020 size=1fc88h (130184) map[0m
[0;32mI (145) esp_image: segment 3: paddr=0003fcb0 vaddr=3fc934b8 size=023c8h (  9160) load[0m
[0;32mI (147) esp_image: segment 4: paddr=00042080 vaddr=40374000 size=0ee98h ( 61080) load[0m
[0;32mI (170) boot: Loaded app from partition at offset 0x10000[0m
[0;32mI (170) boot: Disabling RNG early entropy source...[0m
[0;32mI (181) cpu_start: Multicore app[0m
[0;32mI (192) cpu_start: Pro cpu start user code[0m
[0;32mI (192) cpu_start: cpu freq: 160000000 Hz[0m
[0;32mI (192) cpu_start: Application information:[0m
[0;32mI (195) cpu_start: Project name:     progetto_singolo[0m
[0;32mI (200) cpu_start: App version:      1[0m
[0;32mI (205) cpu_start: Compile time:     May  7 2024 16:37:10[0m
[0;32mI (211) cpu_start: ELF file SHA256:  83e7d9d79...[0m
[0;32mI (216) cpu_start: ESP-IDF:          v5.2.1-dirty[0m
[0;32mI (222) cpu_start: Min chip rev:     v0.0[0m
[0;32mI (226) cpu_start: Max chip rev:     v0.99 [0m
[0;32mI (231) cpu_start: Chip rev:         v0.2[0m
[0;32mI (236) heap_init: Initializing. RAM available for dynamic allocation:[0m
[0;32mI (243) heap_init: At 3FC97188 len 00052588 (329 KiB): RAM[0m
[0;32mI (249) heap_init: At 3FCE9710 len 00005724 (21 KiB): RAM[0m
[0;32mI (255) heap_init: At 3FCF0000 len 00008000 (32 KiB): DRAM[0m
[0;32mI (261) heap_init: At 600FE010 len 00001FD8 (7 KiB): RTCRAM[0m
[0;32mI (269) spi_flash: detected chip: gd[0m
[0;32mI (272) spi_flash: flash io: dio[0m
[0;33mW (276) spi_flash: Detected size(8192k) larger than the size in the binary image header(2048k). Using the size in the binary image header.[0m
[0;32mI (290) sleep: Configure to isolate all GPIO pins in sleep state[0m
[0;32mI (296) sleep: Enable automatic switching of GPIO sleep configuration[0m
[0;32mI (303) main_task: Started on CPU0[0m
[0;32mI (313) main_task: Calling app_main()[0m
 sampling frequence is: 83333 and bit width is: 12

[0;32mI (313) gpio: GPIO[1]| InputEn: 0| OutputEn: 0| OpenDrain: 0| Pullup: 0| Pulldown: 0| Intr:0 [0m
ADC_CALI_SCHEME_CURVE_FITTING_SUPPORTED 
the number of samples is: 256
Guru Meditation Error: Core  0 panic'ed (LoadProhibited). Exception was unhandled.

Core  0 register dump:
PC      : 0x4201ca66  PS      : 0x00060330  A0      : 0x8200899c  A1      : 0x3fc9adf0  
A2      : 0x3fc95f20  A3      : 0x00000100  A4      : 0x00000000  A5      : 0x00000001  
A6      : 0x00000080  A7      : 0x00000001  A8      : 0x00000000  A9      : 0x3fc9adc0  
A10     : 0x00000000  A11     : 0x00000000  A12     : 0x54442d18  A13     : 0xc01921fb  
A14     : 0x7ff00000  A15     : 0x80010167  SAR     : 0x00000001  EXCCAUSE: 0x0000001c  
EXCVADDR: 0x00000000  LBEG    : 0x400556d5  LEND    : 0x400556e5  LCOUNT  : 0xffffffff  


Backtrace: 0x4201ca63:0x3fc9adf0 0x42008999:0x3fc9ae00 0x42008b17:0x3fc9ae40 0x4201edfb:0x3fc9ae60 0x4037b429:0x3fc9ae90




ELF file SHA256: 83e7d9d79

Rebooting...
ESP-ROM:esp32s3-20210327
Build:Mar 27 2021
rst:0xc (RTC_SW_CPU_RST),boot:0x9 (SPI_FAST_FLASH_BOOT)
Saved PC:0x4037593c
SPIWP:0xee
mode:DIO, clock div:1
load:0x3fce3810,len:0x178c
load:0x403c9700,len:0x4
load:0x403c9704,len:0xcbc
load:0x403cc700,len:0x2da0
entry 0x403c9914
[0;32mI (31) boot: ESP-IDF v5.2.1-dirty 2nd stage bootloader[0m
[0;32mI (31) boot: compile time May  6 2024 17:13:56[0m
[0;32mI (31) boot: Multicore bootloader[0m
[0;32mI (35) boot: chip revision: v0.2[0m
[0;32mI (39) boot.esp32s3: Boot SPI Speed : 80MHz[0m
[0;32mI (43) boot.esp32s3: SPI Mode       : DIO[0m
[0;32mI (48) boot.esp32s3: SPI Flash Size : 2MB[0m
[0;32mI (53) boot: Enabling RNG early entropy source...[0m
[0;32mI (58) boot: Partition Table:[0m
[0;32mI (62) boot: ## Label            Usage          Type ST Offset   Length[0m
[0;32mI (69) boot:  0 nvs              WiFi data        01 02 00009000 00006000[0m
[0;32mI (77) boot:  1 phy_init         RF data          01 01 0000f000 00001000[0m
[0;32mI (84) boot:  2 factory          factory app      00 00 00010000 00100000[0m
[0;32mI (92) boot: End of partition table[0m
[0;32mI (96) esp_image: segment 0: paddr=00010020 vaddr=3c020020 size=0fa38h ( 64056) map[0m
[0;32mI (116) esp_image: segment 1: paddr=0001fa60 vaddr=3fc92f00 size=005b8h (  1464) load[0m
[0;32mI (116) esp_image: segment 2: paddr=00020020 vaddr=42000020 size=1fc88h (130184) map[0m
[0;32mI (145) esp_image: segment 3: paddr=0003fcb0 vaddr=3fc934b8 size=023c8h (  9160) load[0m
[0;32mI (147) esp_image: segment 4: paddr=00042080 vaddr=40374000 size=0ee98h ( 61080) load[0m
[0;32mI (170) boot: Loaded app from partition at offset 0x10000[0m
[0;32mI (170) boot: Disabling RNG early entropy source...[0m
[0;32mI (181) cpu_start: Multicore app[0m
[0;32mI (192) cpu_start: Pro cpu start user code[0m
[0;32mI (192) cpu_start: cpu freq: 160000000 Hz[0m
[0;32mI (192) cpu_start: Application information:[0m
[0;32mI (195) cpu_start: Project name:     progetto_singolo[0m
[0;32mI (200) cpu_start: App version:      1[0m
[0;32mI (205) cpu_start: Compile time:     May  7 2024 16:37:10[0m
[0;32mI (211) cpu_start: ELF file SHA256:  83e7d9d79...[0m
[0;32mI (216) cpu_start: ESP-IDF:          v5.2.1-dirty[0m
[0;32mI (222) cpu_start: Min chip rev:     v0.0[0m
[0;32mI (226) cpu_start: Max chip rev:     v0.99 [0m
[0;32mI (231) cpu_start: Chip rev:         v0.2[0m
[0;32mI (236) heap_init: Initializing. RAM available for dynamic allocation:[0m
[0;32mI (243) heap_init: At 3FC97188 len 00052588 (329 KiB): RAM[0m
[0;32mI (249) heap_init: At 3FCE9710 len 00005724 (21 KiB): RAM[0m
[0;32mI (255) heap_init: At 3FCF0000 len 00008000 (32 KiB): DRAM[0m
[0;32mI (261) heap_init: At 600FE010 len 00001FD8 (7 KiB): RTCRAM[0m
[0;32mI (269) spi_flash: detected chip: gd[0m
[0;32mI (272) spi_flash: flash io: dio[0m
[0;33mW (276) spi_flash: Detected size(8192k) larger than the size in the binary image header(2048k). Using the size in the binary image header.[0m
[0;32mI (290) sleep: Configure to isolate all GPIO pins in sleep state[0m
[0;32mI (296) sleep: Enable automatic switching of GPIO sleep configuration[0m
[0;32mI (303) main_task: Started on CPU0[0m
[0;32mI (313) main_task: Calling app_main()[0m
 sampling frequence is: 83333 and bit width is: 12

[0;32mI (313) gpio: GPIO[1]| InputEn: 0| OutputEn: 0| OpenDrain: 0| Pullup: 0| Pulldown: 0| Intr:0 [0m
ADC_CALI_SCHEME_CURVE_FITTING_SUPPORTED 
the number of samples is: 256
Guru Meditation Error: Core  0 panic'ed (LoadProhibited). Exception was unhandled.

Core  0 register dump:
PC      : 0x4201ca66  PS      : 0x00060330  A0      : 0x8200899c  A1      : 0x3fc9adf0  
A2      : 0x3fc95f20  A3      : 0x00000100  A4      : 0x00000000  A5      : 0x00000001  
A6      : 0x00000080  A7      : 0x00000001  A8      : 0x00000000  A9      : 0x3fc9adc0  
A10     : 0x00000000  A11     : 0x00000000  A12     : 0x54442d18  A13     : 0xc01921fb  
A14     : 0x7ff00000  A15     : 0x80010167  SAR     : 0x00000001  EXCCAUSE: 0x0000001c  
EXCVADDR: 0x00000000  LBEG    : 0x400556d5  LEND    : 0x400556e5  LCOUNT  : 0xffffffff  


Backtrace: 0x4201ca63:0x3fc9adf0 0x42008999:0x3fc9ae00 0x42008b17:0x3fc9ae40 0x4201edfb:0x3fc9ae60 0x4037b429:0x3fc9ae90




ELF file SHA256: 83e7d9d79

Rebooting...
ESP-ROM:esp32s3-20210327
Build:Mar 27 2021
rst:0xc (RTC_SW_CPU_RST),boot:0x9 (SPI_FAST_FLASH_BOOT)
Saved PC:0x4037593c
SPIWP:0xee
mode:DIO, clock div:1
load:0x3fce3810,len:0x178c
load:0x403c9700,len:0x4
load:0x403c9704,len:0xcbc
load:0x403cc700,len:0x2da0
entry 0x403c9914
[0;32mI (31) boot: ESP-IDF v5.2.1-dirty 2nd stage bootloader[0m
[0;32mI (31) boot: compile time May  6 2024 17:13:56[0m
[0;32mI (31) boot: Multicore bootloader[0m
[0;32mI (35) boot: chip revision: v0.2[0m
[0;32mI (39) boot.esp32s3: Boot SPI Speed : 80MHz[0m
[0;32mI (43) boot.esp32s3: SPI Mode       : DIO[0m
[0;32mI (48) boot.esp32s3: SPI Flash Size : 2MB[0m
[0;32mI (53) boot: Enabling RNG early entropy source...[0m
[0;32mI (58) boot: Partition Table:[0m
[0;32mI (62) boot: ## Label            Usage          Type ST Offset   Length[0m
[0;32mI (69) boot:  0 nvs              WiFi data        01 02 00009000 00006000[0m
[0;32mI (77) boot:  1 phy_init         RF data          01 01 0000f000 00001000[0m
[0;32mI (84) boot:  2 factory          factory app      00 00 00010000 00100000[0m
[0;32mI (92) boot: End of partition table[0m
[0;32mI (96) esp_image: segment 0: paddr=00010020 vaddr=3c020020 size=0fa38h ( 64056) map[0m
[0;32mI (116) esp_image: segment 1: paddr=0001fa60 vaddr=3fc92f00 size=005b8h (  1464) load[0m
[0;32mI (116) esp_image: segment 2: paddr=00020020 vaddr=42000020 size=1fc88h (130184) map[0m
[0;32mI (145) esp_image: segment 3: paddr=0003fcb0 vaddr=3fc934b8 size=023c8h (  9160) load[0m
[0;32mI (147) esp_image: segment 4: paddr=00042080 vaddr=40374000 size=0ee98h ( 61080) load[0m
[0;32mI (170) boot: Loaded app from partition at offset 0x10000[0m
[0;32mI (170) boot: Disabling RNG early entropy source...[0m
[0;32mI (181) cpu_start: Multicore app[0m
[0;32mI (192) cpu_start: Pro cpu start user code[0m
[0;32mI (192) cpu_start: cpu freq: 160000000 Hz[0m
[0;32mI (192) cpu_start: Application information:[0m
[0;32mI (195) cpu_start: Project name:     progetto_singolo[0m
[0;32mI (200) cpu_start: App version:      1[0m
[0;32mI (205) cpu_start: Compile time:     May  7 2024 16:37:10[0m
[0;32mI (211) cpu_start: ELF file SHA256:  83e7d9d79...[0m
[0;32mI (216) cpu_start: ESP-IDF:          v5.2.1-dirty[0m
[0;32mI (222) cpu_start: Min chip rev:     v0.0[0m
[0;32mI (226) cpu_start: Max chip rev:     v0.99 [0m
[0;32mI (231) cpu_start: Chip rev:         v0.2[0m
[0;32mI (236) heap_init: Initializing. RAM available for dynamic allocation:[0m
[0;32mI (243) heap_init: At 3FC97188 len 00052588 (329 KiB): RAM[0m
[0;32mI (249) heap_init: At 3FCE9710 len 00005724 (21 KiB): RAM[0m
[0;32mI (255) heap_init: At 3FCF0000 len 00008000 (32 KiB): DRAM[0m
[0;32mI (261) heap_init: At 600FE010 len 00001FD8 (7 KiB): RTCRAM[0m
[0;32mI (269) spi_flash: detected chip: gd[0m
[0;32mI (272) spi_flash: flash io: dio[0m
[0;33mW (276) spi_flash: Detected size(8192k) larger than the size in the binary image header(2048k). Using the size in the binary image header.[0m
[0;32mI (290) sleep: Configure to isolate all GPIO pins in sleep state[0m
[0;32mI (296) sleep: Enable automatic switching of GPIO sleep configuration[0m
[0;32mI (303) main_task: Started on CPU0[0m
[0;32mI (313) main_task: Calling app_main()[0m
 sampling frequence is: 83333 and bit width is: 12

[0;32mI (313) gpio: GPIO[1]| InputEn: 0| OutputEn: 0| OpenDrain: 0| Pullup: 0| Pulldown: 0| Intr:0 [0m
ADC_CALI_SCHEME_CURVE_FITTING_SUPPORTED 
the number of samples is: 256
Guru Meditation Error: Core  0 panic'ed (LoadProhibited). Exception was unhandled.

Core  0 register dump:
PC      : 0x4201ca66  PS      : 0x00060330  A0      : 0x8200899c  A1      : 0x3fc9adf0  
A2      : 0x3fc95f20  A3      : 0x00000100  A4      : 0x00000000  A5      : 0x00000001  
A6      : 0x00000080  A7      : 0x00000001  A8      : 0x00000000  A9      : 0x3fc9adc0  
A10     : 0x00000000  A11     : 0x00000000  A12     : 0x54442d18  A13     : 0xc01921fb  
A14     : 0x7ff00000  A15     : 0x80010167  SAR     : 0x00000001  EXCCAUSE: 0x0000001c  
EXCVADDR: 0x00000000  LBEG    : 0x400556d5  LEND    : 0x400556e5  LCOUNT  : 0xffffffff  


Backtrace: 0x4201ca63:0x3fc9adf0 0x42008999:0x3fc9ae00 0x42008b17:0x3fc9ae40 0x4201edfb:0x3fc9ae60 0x4037b429:0x3fc9ae90




ELF file SHA256: 83e7d9d79

Rebooting...
ESP-ROM:esp32s3-20210327
Build:Mar 27 2021
rst:0xc (RTC_SW_CPU_RST),boot:0x9 (SPI_FAST_FLASH_BOOT)
Saved PC:0x4037593c
SPIWP:0xee
mode:DIO, clock div:1
load:0x3fce3810,len:0x178c
load:0x403c9700,len:0x4
load:0x403c9704,len:0xcbc
load:0x403cc700,len:0x2da0
entry 0x403c9914
[0;32mI (31) boot: ESP-IDF v5.2.1-dirty 2nd stage bootloader[0m
[0;32mI (31) boot: compile time May  6 2024 17:13:56[0m
[0;32mI (31) boot: Multicore bootloader[0m
[0;32mI (35) boot: chip revision: v0.2[0m
