ESP-ROM:esp32s3-20210327
Build:Mar 27 2021
rst:0x1 (POWERON),boot:0xa (SPI_FAST_FLASH_BOOT)
SPIWP:0xee
mode:DIO, clock div:1
load:0x3fce3810,len:0x178c
load:0x403c9700,len:0x4
load:0x403c9704,len:0xcbc
load:0x403cc700,len:0x2da0
entry 0x403c9914
[0;32mI (27) boot: ESP-IDF v5.2.1-dirty 2nd stage bootloader[0m
[0;32mI (27) boot: compile time May 15 2024 20:24:16[0m
[0;32mI (27) boot: Multicore bootloader[0m
[0;32mI (30) boot: chip revision: v0.2[0m
[0;32mI (34) boot.esp32s3: Boot SPI Speed : 80MHz[0m
[0;32mI (39) boot.esp32s3: SPI Mode       : DIO[0m
[0;32mI (44) boot.esp32s3: SPI Flash Size : 2MB[0m
[0;32mI (48) boot: Enabling RNG early entropy source...[0m
[0;32mI (54) boot: Partition Table:[0m
[0;32mI (57) boot: ## Label            Usage          Type ST Offset   Length[0m
[0;32mI (65) boot:  0 nvs              WiFi data        01 02 00009000 00006000[0m
[0;32mI (72) boot:  1 phy_init         RF data          01 01 0000f000 00001000[0m
[0;32mI (80) boot:  2 factory          factory app      00 00 00010000 00100000[0m
[0;32mI (87) boot: End of partition table[0m
[0;32mI (91) esp_image: segment 0: paddr=00010020 vaddr=3c0a0020 size=2ee54h (192084) map[0m
[0;32mI (134) esp_image: segment 1: paddr=0003ee7c vaddr=3fc99600 size=0119ch (  4508) load[0m
[0;32mI (136) esp_image: segment 2: paddr=00040020 vaddr=42000020 size=9ff90h (655248) map[0m
[0;32mI (257) esp_image: segment 3: paddr=000dffb8 vaddr=3fc9a79c size=03594h ( 13716) load[0m
[0;32mI (261) esp_image: segment 4: paddr=000e3554 vaddr=40374000 size=15524h ( 87332) load[0m
[0;32mI (282) esp_image: segment 5: paddr=000f8a80 vaddr=600fe010 size=00004h (     4) load[0m
[0;32mI (291) boot: Loaded app from partition at offset 0x10000[0m
[0;32mI (292) boot: Disabling RNG early entropy source...[0m
[0;32mI (303) cpu_start: Multicore app[0m
[0;32mI (313) cpu_start: Pro cpu start user code[0m
[0;32mI (313) cpu_start: cpu freq: 160000000 Hz[0m
[0;32mI (313) cpu_start: Application information:[0m
[0;32mI (316) cpu_start: Project name:     progetto_singolo[0m
[0;32mI (322) cpu_start: App version:      da97617-dirty[0m
[0;32mI (328) cpu_start: Compile time:     May 18 2024 21:18:26[0m
[0;32mI (334) cpu_start: ELF file SHA256:  d918bf3e6...[0m
[0;32mI (339) cpu_start: ESP-IDF:          v5.2.1-dirty[0m
[0;32mI (344) cpu_start: Min chip rev:     v0.0[0m
[0;32mI (349) cpu_start: Max chip rev:     v0.99 [0m
[0;32mI (354) cpu_start: Chip rev:         v0.2[0m
[0;32mI (359) heap_init: Initializing. RAM available for dynamic allocation:[0m
[0;32mI (366) heap_init: At 3FCA5DE8 len 00043928 (270 KiB): RAM[0m
[0;32mI (372) heap_init: At 3FCE9710 len 00005724 (21 KiB): RAM[0m
[0;32mI (378) heap_init: At 3FCF0000 len 00008000 (32 KiB): DRAM[0m
[0;32mI (384) heap_init: At 600FE014 len 00001FD4 (7 KiB): RTCRAM[0m
[0;32mI (391) spi_flash: detected chip: gd[0m
[0;32mI (395) spi_flash: flash io: dio[0m
[0;33mW (399) spi_flash: Detected size(8192k) larger than the size in the binary image header(2048k). Using the size in the binary image header.[0m
[0;32mI (412) sleep: Configure to isolate all GPIO pins in sleep state[0m
[0;32mI (419) sleep: Enable automatic switching of GPIO sleep configuration[0m
[0;32mI (426) main_task: Started on CPU0[0m
[0;32mI (436) main_task: Calling app_main()[0m
[0;32mI (436) gpio: GPIO[1]| InputEn: 0| OutputEn: 0| OpenDrain: 0| Pullup: 0| Pulldown: 0| Intr:0 [0m
 err esp timeout
Signal x1 in absolute scale[0;32mI (566) view: Data min[98] = 0.018408, Data max[10] = 382.544830[0m
 ________________________________________________________________
0||                                                              |
1||                                                              |
2||                                                              |
3| |                                                             |
4| |                          |                                  |
5| || |        |              ||                            |  | |
6| || |||||||| | ||     |||| |||     | |   ||| | ||| | ||||||  | |
7|  ||||||||||||||||||||||||||||||||||||||||||||||||||||||||||||||
8|   ||||  |||| || |||||||  ||||||||| |||||   | | ||| ||||  ||||||
9                                                                |
 0123456789012345678901234567890123456789012345678901234567890123
[0;32mI (636) view: Plot: Length=512, min=0.000000, max=2.000000[0m
the max frequency of the signal is: 895.178711
the sampling frequency result of fft*2: 1792
the max sampling frequency due to adc limitations is 83333
the free size of the largest block in heap is 192512 (bytes)
the max sampling frequency due to memory limitations is 27501
the max sampling frequency due to read time limitations is 28571
the bottleneck frequency is 27501
I am sampling at frequency 1792 for calculating the mean
the number of samples I am trying to allocate is 6272
 il tempo veramente passato a samplare Ã¨: 3497861
the mean is 1959
[0;32mI (4406) pp: pp rom version: e7ae62f[0m
[0;32mI (4406) net80211: net80211 rom version: e7ae62f[0m

assert failed: block_locate_free tlsf.c:566 (block_size(block) >= size)


Backtrace: 0x40375b26:0x3fca9e10 0x4037d089:0x3fca9e30 0x40385209:0x3fca9e50 0x40383360:0x3fca9f70 0x40382d25:0x3fca9f90 0x403761c1:0x3fca9fb0 0x4037621c:0x3fca9fd0 0x4037e1c1:0x3fca9ff0 0x4037d3ba:0x3fcaa010 0x4209ec6d:0x3fcaa030 0x4209ec7d:0x3fcaa050 0x42053098:0x3fcaa070 0x4204fcb3:0x3fcaa0b0 0x42036d6c:0x3fcaa0d0 0x420371cc:0x3fcaa0f0 0x420183bf:0x3fcaa110 0x4200a01f:0x3fcaa130 0x4200aaa8:0x3fcaa2f0 0x4209ef63:0x3fcaa330 0x4037db95:0x3fcaa360




ELF file SHA256: d918bf3e6

Rebooting...
ESP-ROM:esp32s3-20210327
Build:Mar 27 2021
rst:0xc (RTC_SW_CPU_RST),boot:0xa (SPI_FAST_FLASH_BOOT)
Saved PC:0x40375a9c
SPIWP:0xee
mode:DIO, clock div:1
load:0x3fce3810,len:0x178c
load:0x403c9700,len:0x4
load:0x403c9704,len:0xcbc
load:0x403cc700,len:0x2da0
entry 0x403c9914
[0;32mI (31) boot: ESP-IDF v5.2.1-dirty 2nd stage bootloader[0m
[0;32mI (31) boot: compile time May 15 2024 20:24:16[0m
[0;32mI (31) boot: Multicore bootloader[0m
[0;32mI (35) boot: chip revision: v0.2[0m
[0;32mI (39) boot.esp32s3: Boot SPI Speed : 80MHz[0m
[0;32mI (43) boot.esp32s3: SPI Mode       : DIO[0m
[0;32mI (48) boot.esp32s3: SPI Flash Size : 2MB[0m
[0;32mI (53) boot: Enabling RNG early entropy source...[0m
[0;32mI (58) boot: Partition Table:[0m
[0;32mI (62) boot: ## Label            Usage          Type ST Offset   Length[0m
[0;32mI (69) boot:  0 nvs              WiFi data        01 02 00009000 00006000[0m
[0;32mI (77) boot:  1 phy_init         RF data          01 01 0000f000 00001000[0m
[0;32mI (84) boot:  2 factory          factory app      00 00 00010000 00100000[0m
[0;32mI (92) boot: End of partition table[0m
[0;32mI (96) esp_image: segment 0: paddr=00010020 vaddr=3c0a0020 size=2ee54h (192084) map[0m
[0;32mI (139) esp_image: segment 1: paddr=0003ee7c vaddr=3fc99600 size=0119ch (  4508) load[0m
[0;32mI (140) esp_image: segment 2: paddr=00040020 vaddr=42000020 size=9ff90h (655248) map[0m
[0;32mI (262) esp_image: segment 3: paddr=000dffb8 vaddr=3fc9a79c size=03594h ( 13716) load[0m
[0;32mI (265) esp_image: segment 4: paddr=000e3554 vaddr=40374000 size=15524h ( 87332) load[0m
[0;32mI (287) esp_image: segment 5: paddr=000f8a80 vaddr=600fe010 size=00004h (     4) load[0m
[0;32mI (296) boot: Loaded app from partition at offset 0x10000[0m
[0;32mI (296) boot: Disabling RNG early entropy source...[0m
[0;32mI (307) cpu_start: Multicore app[0m
[0;32mI (318) cpu_start: Pro cpu start user code[0m
[0;32mI (318) cpu_start: cpu freq: 160000000 Hz[0m
[0;32mI (318) cpu_start: Application information:[0m
[0;32mI (321) cpu_start: Project name:     progetto_singolo[0m
[0;32mI (326) cpu_start: App version:      da97617-dirty[0m
[0;32mI (332) cpu_start: Compile time:     May 18 2024 21:18:26[0m
[0;32mI (338) cpu_start: ELF file SHA256:  d918bf3e6...[0m
[0;32mI (343) cpu_start: ESP-IDF:          v5.2.1-dirty[0m
[0;32mI (349) cpu_start: Min chip rev:     v0.0[0m
[0;32mI (353) cpu_start: Max chip rev:     v0.99 [0m
[0;32mI (358) cpu_start: Chip rev:         v0.2[0m
[0;32mI (363) heap_init: Initializing. RAM available for dynamic allocation:[0m
[0;32mI (370) heap_init: At 3FCA5DE8 len 00043928 (270 KiB): RAM[0m
[0;32mI (376) heap_init: At 3FCE9710 len 00005724 (21 KiB): RAM[0m
[0;32mI (382) heap_init: At 3FCF0000 len 00008000 (32 KiB): DRAM[0m
[0;32mI (389) heap_init: At 600FE014 len 00001FD4 (7 KiB): RTCRAM[0m
[0;32mI (396) spi_flash: detected chip: gd[0m
[0;32mI (399) spi_flash: flash io: dio[0m
[0;33mW (403) spi_flash: Detected size(8192k) larger than the size in the binary image header(2048k). Using the size in the binary image header.[0m
[0;32mI (417) sleep: Configure to isolate all GPIO pins in sleep state[0m
[0;32mI (423) sleep: Enable automatic switching of GPIO sleep configuration[0m
[0;32mI (431) main_task: Started on CPU0[0m
[0;32mI (441) main_task: Calling app_main()[0m
[0;32mI (441) gpio: GPIO[1]| InputEn: 0| OutputEn: 0| OpenDrain: 0| Pullup: 0| Pulldown: 0| Intr:0 [0m
 err esp timeout
Signal x1 in absolute scale[0;32mI (571) view: Data min[293] = 0.029221, Data max[10] = 382.639771[0m
 ________________________________________________________________
0||                                                              |
1||   |                                                          |
2|||  |    |                 ||                                  |
3|||  |    |    |  |         || || |           |        |        |
4|||  |||||||  ||| |         || |||| ||  | | | |   |   || |||| |||
5||| ||||||||||||||||   ||| |||||||||||||| |||||  || |||||||||||||
6|||||||||||||||||||||| ||||||||||| ||||||||||||||||||||||||||||||
7| ||| ||||||||||||||||||| |||||| | |||||||||||||||||||||| |||||||
8|   |   |  ||| |  | |   | || |      |           |  |       | |  |
9                                                                |
 0123456789012345678901234567890123456789012345678901234567890123
[0;32mI (641) view: Plot: Length=512, min=0.000000, max=2.000000[0m
the max frequency of the signal is: 895.178711
the sampling frequency result of fft*2: 1792
the max sampling frequency due to adc limitations is 83333
the free size of the largest block in heap is 192512 (bytes)
the max sampling frequency due to memory limitations is 27501
the max sampling frequency due to read time limitations is 28571
the bottleneck frequency is 27501
I am sampling at frequency 1792 for calculating the mean
the number of samples I am trying to allocate is 6272
 il tempo veramente passato a samplare Ã¨: 3497925
the mean is 2146
[0;32mI (4411) pp: pp rom version: e7ae62f[0m
[0;32mI (4411) net80211: net80211 rom version: e7ae62f[0m

assert failed: block_locate_free tlsf.c:566 (block_size(block) >= size)


Backtrace: 0x40375b26:0x3fca9e10 0x4037d089:0x3fca9e30 0x40385209:0x3fca9e50 0x40383360:0x3fca9f70 0x40382d25:0x3fca9f90 0x403761c1:0x3fca9fb0 0x4037621c:0x3fca9fd0 0x4037e1c1:0x3fca9ff0 0x4037d3ba:0x3fcaa010 0x4209ec6d:0x3fcaa030 0x4209ec7d:0x3fcaa050 0x42053098:0x3fcaa070 0x4204fcb3:0x3fcaa0b0 0x42036d6c:0x3fcaa0d0 0x420371cc:0x3fcaa0f0 0x420183bf:0x3fcaa110 0x4200a01f:0x3fcaa130 0x4200aaa8:0x3fcaa2f0 0x4209ef63:0x3fcaa330 0x4037db95:0x3fcaa360




ELF file SHA256: d918bf3e6

Rebooting...
ï¿½ï¿½ï¿½ESP-ROM:esp32s3-20210327
Build:Mar 27 2021
rst:0xc (RTC_SW_CPU_RST),boot:0xa (SPI_FAST_FLASH_BOOT)
Saved PC:0x40375a9c
SPIWP:0xee
mode:DIO, clock div:1
load:0x3fce3810,len:0x178c
load:0x403c9700,len:0x4
load:0x403c9704,len:0xcbc
load:0x403cc700,len:0x2da0
entry 0x403c9914
[0;32mI (31) boot: ESP-IDF v5.2.1-dirty 2nd stage bootloader[0m
[0;32mI (31) boot: compile time May 15 2024 20:24:16[0m
[0;32mI (31) boot: Multicore bootloader[0m
[0;32mI (35) boot: chip revision: v0.2[0m
[0;32mI (39) boot.esp32s3: Boot SPI Speed : 80MHz[0m
[0;32mI (43) boot.esp32s3: SPI Mode       : DIO[0m
[0;32mI (48) boot.esp32s3: SPI Flash Size : 2MB[0m
[0;32mI (53) boot: Enabling RNG early entropy source...[0m
[0;32mI (58) boot: Partition Table:[0m
[0;32mI (62) boot: ## Label            Usage          Type ST Offset   Length[0m
[0;32mI (69) boot:  0 nvs              WiFi data        01 02 00009000 00006000[0m
[0;32mI (77) boot:  1 phy_init         RF data          01 01 0000f000 00001000[0m
[0;32mI (84) boot:  2 factory          factory app      00 00 00010000 00100000[0m
[0;32mI (92) boot: End of partition table[0m
[0;32mI (96) esp_image: segment 0: paddr=00010020 vaddr=3c0a0020 size=2ee54h (192084) map[0m
[0;32mI (139) esp_image: segment 1: paddr=0003ee7c vaddr=3fc99600 size=0119ch (  4508) load[0m
[0;32mI (140) esp_image: segment 2: paddr=00040020 vaddr=42000020 size=9ff90h (655248) map[0m
[0;32mI (262) esp_image: segment 3: paddr=000dffb8 vaddr=3fc9a79c size=03594h ( 13716) load[0m
[0;32mI (265) esp_image: segment 4: paddr=000e3554 vaddr=40374000 size=15524h ( 87332) load[0m
[0;32mI (287) esp_image: segment 5: paddr=000f8a80 vaddr=600fe010 size=00004h (     4) load[0m
[0;32mI (296) boot: Loaded app from partition at offset 0x10000[0m
[0;32mI (296) boot: Disabling RNG early entropy source...[0m
[0;32mI (307) cpu_start: Multicore app[0m
[0;32mI (318) cpu_start: Pro cpu start user code[0m
[0;32mI (318) cpu_start: cpu freq: 160000000 Hz[0m
[0;32mI (318) cpu_start: Application information:[0m
[0;32mI (321) cpu_start: Project name:     progetto_singolo[0m
[0;32mI (326) cpu_start: App version:      da97617-dirty[0m
[0;32mI (332) cpu_start: Compile time:     May 18 2024 21:18:26[0m
[0;32mI (338) cpu_start: ELF file SHA256:  d918bf3e6...[0m
[0;32mI (343) cpu_start: ESP-IDF:          v5.2.1-dirty[0m
[0;32mI (349) cpu_start: Min chip rev:     v0.0[0m
[0;32mI (353) cpu_start: Max chip rev:     v0.99 [0m
[0;32mI (358) cpu_start: Chip rev:         v0.2[0m
[0;32mI (363) heap_init: Initializing. RAM available for dynamic allocation:[0m
[0;32mI (370) heap_init: At 3FCA5DE8 len 00043928 (270 KiB): RAM[0m
[0;32mI (376) heap_init: At 3FCE9710 len 00005724 (21 KiB): RAM[0m
[0;32mI (382) heap_init: At 3FCF0000 len 00008000 (32 KiB): DRAM[0m
[0;32mI (389) heap_init: At 600FE014 len 00001FD4 (7 KiB): RTCRAM[0m
[0;32mI (396) spi_flash: detected chip: gd[0m
[0;32mI (399) spi_flash: flash io: dio[0m
[0;33mW (403) spi_flash: Detected size(8192k) larger than the size in the binary image header(2048k). Using the size in the binary image header.[0m
[0;32mI (417) sleep: Configure to isolate all GPIO pins in sleep state[0m
[0;32mI (423) sleep: Enable automatic switching of GPIO sleep configuration[0m
[0;32mI (431) main_task: Started on CPU0[0m
[0;32mI (441) main_task: Calling app_main()[0m
[0;32mI (441) gpio: GPIO[1]| InputEn: 0| OutputEn: 0| OpenDrain: 0| Pullup: 0| Pulldown: 0| Intr:0 [0m
 err esp timeout
Signal x1 in absolute scale[0;32mI (571) view: Data min[360] = 0.015208, Data max[10] = 382.877319[0m
 ________________________________________________________________
0||                                                              |
1||                                                              |
2||                                                              |
3|                                                               |
4| |               |         |       ||         ||               |
5| |   ||      || ||        |||| |   ||         ||     ||    ||| |
6| || ||| ||| ||||||||| ||| |||| | | ||  ||| || |||  ||||| |||||||
7| |||||||||||||||||||||||||| ||||||| ||||||||||| ||||||||||||||||
8    ||  |  |||        |||      | |     |  ||||    ||| |  |  ||  |
9                                                                |
 0123456789012345678901234567890123456789012345678901234567890123
[0;32mI (641) view: Plot: Length=512, min=0.000000, max=2.000000[0m
the max frequency of the signal is: 895.178711
the sampling frequency result of fft*2: 1792
the max sampling frequency due to adc limitations is 83333
the free size of the largest block in heap is 192512 (bytes)
the max sampling frequency due to memory limitations is 27501
the max sampling frequency due to read time limitations is 28571
the bottleneck frequency is 27501
I am sampling at frequency 1792 for calculating the mean
the number of samples I am trying to allocate is 6272
