000000 - 0.000000 - 0.000000 - 0.000000 - 0.000000 - 0.000000 - 0.000000 - 0.000000 - 0.000000 - 0.000000 - 0.000000 - 0.000000 - 0.000000 - 0.000000 - 0.000000 - 0.000000 - 0.000000 - 0.000000 - 0.000000 - 0.000000 - 0.ï¿½ESP-ROM:esp32s3-20210327
Build:Mar 27 2021
rst:0x1 (POWERON),boot:0x9 (SPI_FAST_FLASH_BOOT)
SPIWP:0xee
mode:DIO, clock div:1
load:0x3fce3810,len:0x178c
load:0x403c9700,len:0x4
load:0x403c9704,len:0xcbc
load:0x403cc700,len:0x2da0
entry 0x403c9914
[0;32mI (27) boot: ESP-IDF v5.2.1-dirty 2nd stage bootloader[0m
[0;32mI (27) boot: compile time May  6 2024 17:13:56[0m
[0;32mI (27) boot: Multicore bootloader[0m
[0;32mI (30) boot: chip revision: v0.2[0m
[0;32mI (34) boot.esp32s3: Boot SPI Speed : 80MHz[0m
[0;32mI (39) boot.esp32s3: SPI Mode       : DIO[0m
[0;32mI (44) boot.esp32s3: SPI Flash Size : 2MB[0m
[0;32mI (48) boot: Enabling RNG earl  02 00009000 00006000[0m
[0;32mI (72) boot:  1 phy_init         RF data          01 01 0000f000 00001000[0m
[0;32mI (80) boot:  2 factory          factory app      00 00 00010000 00100000[0m
[0;32mI (87) boot: End of partition table[0m
[0;32mI (91) esp_image: segment 0: paddr=00010020 vaddr=3c020020 size=0f360h ( 62304) map[0m
[0;32mI (111) esp_image: segment 1: paddr=0001f388 vaddr=3fc92f00 size=00c90h (  3216) load[0m
[0;32mI (112) esp_image: segment 2: paddr=00020020 vaddr=42000020 size=1d500h (120064) map[0m
[0;32mI (138) esp_image: segment 3: paddr=0003d528 vaddr=3fc93b90 size=01cf0h (  7408) load[0m
[0;32mI (140) esp_image: segment 4: paddr=0003f220 vaddr=40374000 size=0ee98h ( 61080) load[0m
[0;32mI (163) boot: Loaded app from partition at offset 0x10000[0m
[0;32mI (164) boot: Disabling RNG early entropy source...[0m
[0;32mI (175) cpu_start: Multicore app[0m
[0;32mI (185) cpu_start: Pro cpu start user code[0m
[0;32mI (185) cpu_start: cpu freq: 160000000 Hz[0m
[0;32mI (185) cpu_start: Application information:[0m
[0;32mI (188) cpu_start: Project name:     progetto_singolo[0m
[0;32mI (194) cpu_start: App version:      1[0m
[0;32mI (198) cpu_start: Compile time:     May  6 2024 17:13:41[0m
[0;32mI (204) cpu_start: ELF file SHA256:  df56dc7d7...[0m
[0;32mI (210) cpu_start: ESP-IDF:          v5.2.1-dirty[0m
[0;32mI (215) cpu_start: Min chip rev:     v0.0[0m
[0;32mI (220) cpu_start: Max chip rev:     v0.99 [0m
[0;32mI (225) cpu_start: Chip rev:         v0.2[0m
[0;32mI (229) heap_init: Initializing. RAM available for dynamic allocation:[0m
[0;32mI (237) heap_init: At 3FC96180 len 00053590 (333 KiB): RAM[0m
[0;32mI (243) heap_init: At 3FCE9710 len 00005724 (21 KiB): RAM[0m
[0;32mI (249) heap_init: At 3FCF0000 len 00008000 (32 KiB): DRAM[0m
[0;32mI (255) heap_init: At 600FE010 len 00001FD8 (7 KiB): RTCRAM[0m
[0;32mI (262) spi_flash: detected chip: gd[0m
[0;32mI (266) spi_flash: flash io: dio[0m
[0;33mW (269) spi_flash: Detected size(8192k) larger than the size in the binary image header(2048k). Using the size in the binary image header.[0m
[0;32mI (283) sleep: Configure to isolate all GPIO pins in sleep state[0m
[0;32mI (290) sleep: Enable automatic switching of GPIO sleep configuration[0m
[0;32mI (297) main_task: Started on CPU0[0m
[0;32mI (307) main_task: Calling app_main()[0m
 sampling frequence is: 83333 and bit width is: 12

[0;32mI (307) gpio: GPIO[1]| InputEn: 0| OutputEn: 0| OpenDrain: 0| Pullup: 0| Pulldown: 0| Intr:0 [0m
ADC_CALI_SCHEME_CURVE_FITTING_SUPPORTED 
the number of samples is: 256
0 - 76 - 73 - 68 - 71 - 72 - 73 - 70 - 64 - 69 - 68 - 62 - 67 - 64 - 62 - 73 - 65 - 76 - 70 - 70 - 69 - 64 - 64 - 76 - 70 - 70 - 81 - 76 - 74 - 74 - 64 - 76 - 73 - 77 - 70 - 75 - 76 - 79 - 73 - 76 - 65 - 67 - 76 - 80 - 70 - 73 - 73 - 85 - 76 - 76 - 69 - 64 - 78 - 72 - 72 - 81 - 62 - 76 - 75 - 76 - 68 - 78 - 70 - 81 - 74 - 70 - 68 - 73 - 89 - 77 - 78 - 65 - 75 - 73 - 77 - 76 - 64 - 77 - 67 - 87 - 70 - 65 - 76 - 77 - 78 - 74 - 81 - 76 - 76 - 83 - 64 - 79 - 69 - 77 - 69 - 70 - 70 - 75 - 78 - 77 - 73 - 61 - 72 - 75 - 83 - 68 - 70 - 64 - 77 - 77 - 79 - 75 - 69 - 63 - 81 - 84 - 75 - 74 - 75 - 76 - 76 - 69 - 68 - 70 - 69 - 77 - 74 - 76 - 65 - 76 - 76 - 76 - 64 - 73 - 80 - 65 - 77 - 62 - 68 - 76 - 83 - 68 - 73 - 65 - 78 - 78 - 68 - 70 - 74 - 69 - 75 - 73 - 72 - 70 - 64 - 78 - 77 - 64 - 74 - 64 - 67 - 78 - 74 - 76 - 81 - 74 - 76 - 81 - 73 - 76 - 69 - 65 - 76 - 72 - 78 - 73 - 72 - 75 - 75 - 70 - 79 - 59 - 70 - 75 - 72 - 70 - 80 - 75 - 70 - 62 - 68 - 63 - 76 - 78 - 76 - 72 - 68 - 78 - 80 - 75 - 74 - 61 - 78 - 74 - 70 - 81 - 64 - 73 - 68 - 73 - 75 - 74 - 60 - 67 - 80 - 75 - 68 - 60 - 76 - 62 - 73 - 76 - 64 - 68 - 81 - 68 - 68 - 76 - 76 - 71 - 65 - 63 - 69 - 64 - 62 - 72 - 70 - 76 - 63 - 62 - 61 - 69 - 67 - 75 - 54 - 77 - 70 - 69 - 68 - 65 - 76 - 70 - 76 - 76 - 76 - 56 - 



0.000000 - 0.000000 - 0.000000 - 0.000000 - 0.000000 - 0.000000 - 0.000000 - 0.000000 - 0.000000 - 0.000000 - 0.000000 - 0.000000 - 0.000000 - 0.000000 - 0.000000 - 0.000000 - 0.000000 - 0.000000 - 0.000000 - 0.000000 - 0.000000 - 0.000000 - 0.000000 - 0.000000 - 0.000000 - 0.000000 - 0.000000 - 0.000000 - 0.000000 - 0.000000 - 0.000000 - 0.000000 - 0.000000 - 0.000000 - 0.000000 - 0.000000 - 0.000000 - 0.000000 - 0.000000 - 0.000000 - 0.000000 - 0.000000 - 0.000000 - 0.000000 - 0.000000 - 0.000000 - 0.000000 - 0.000000 - 0.000000 - 0.000000 - 0.000000 - 0.000000 - 0.000000 - 0.000000 - 0.000000 - 0.000000 - 0.000000 - 0.000000 - 0.000000 - 0.000000 - 0.000000 - 0.000000 - 0.000000 - 0.000000 - 0.000000 - 0.000000 - 0.000000 - 0.000000 - 0.000000 - 0.000000 - 0.000000 - 0.000000 - 0.000000 - 0.000000 - 0.000000 - 0.000000 - 0.000000 - 0.000000 - 0.000000 - 0.000000 - 0.000000 - 0.000000 - 0.000000 - 0.000000 - 0.000000 - 0.000000 - 0.000000 - 0.000000 - 0.000000 - 0.000000 - 0.000000 - 0.000000 - 0.000000 - 0.000000 - 0.000000 - 0.000000 - 0.000000 - 0.000000 - 0.000000 - 0.000000 - 0.000000 - 0.000000 - 0.000000 - 0.000000 - 0.000000 - 0.000000 - 0.000000 - 0.000000 - 0.000000 - 0.000000 - 0.000000 - 0.000000 - 0.000000 - 0.000000 - 0.000000 - 0.000000 - 0.000000 - 0.000000 - 0.000000 - 0.000000 - 0.000000 - 0.000000 - 0.000000 - 0.000000 - 0.000000 - 0.000000 - 0.000000 - 0.000000 - 0.000000 - 0.000000 - 0.000000 - 0.000000 - 0.000000 - 0.000000 - 0.000000 - 0.000000 - 0.000000 - 0.000000 - 0.000000 - 0.000000 - 0.000000 - 0.000000 - 0.000000 - 0.000000 - 0.000000 - 0.000000 - 0.000000 - 0.000000 - 0.000000 - 0.000000 - 0.000000 - 0.000000 - 0.000000 - 0.000000 - 0.000000 - 0.000000 - 0.000000 - 0.000000 - 0.000000 - 0.000000 - 0.000000 - 0.000000 - 0.000000 - 0.000000 - 0.000000 - 0.000000 - 0.000000 - 0.000000 - 0.000000 - 0.000000 - 0.000000 - 0.000000 - 0.000000 - 0.000000 - 0.000000 - 0.000000 - 0.000000 - 0.000000 - 0.000000 - 0.000000 - 0.000000 - 0.000000 - 0.000000 - 0.000000 - 0.000000 - 0.000000 - 0.000000 - 0.000000 - 0.000000 - 0.000000 - 0.000000 - 0.000000 - 0.000000 - 0.000000 - 0.000000 - 0.000000 - 0.000000 - 0.000000 - 0.000000 - 0.000000 - 0.000000 - 0.000000 - 0.000000 - 0.000000 - 0.000000 - 0.000000 - 0.000000 - 0.000000 - 0.000000 - 0.000000 - 0.000000 - 0.000000 - 0.000000 - 0.000000 - 0.000000 - 0.000000 - 0.000000 - 0.000000 - 0.000000 - 0.000000 - 0.000000 - 0.000000 - 0.000000 - 0.000000 - 0.000000 - 0.000000 - 0.000000 - 0.000000 - 0.000000 - 0.000000 - 0.000000 - 0.000000 - 0.000000 - 0.000000 - 0.000000 - 0.000000 - 0.000000 - 0.000000 - 0.000000 - 0.000000 - 0.000000 - 0.000000 - 0.000000 - 0.000000 - 0.000000 - 0.000000 - 0.000000 - 0.000000 - 0.000000 - 0.000000 - 0.000000 - 0.000000 - 0.000000 - 0.000000 - 0.000000 - 0.000000 - 
[0;32mI (677) main_task: Returned from app_main()[0m
